Component: Arm Compiler for Embedded 6.21 Tool: armlink [5ec1fa00]

==============================================================================

Section Cross References

    main.o(.text.fputc) refers to stm32f10x_usart.o(.text.USART_SendData) for USART_SendData
    main.o(.text.fputc) refers to stm32f10x_usart.o(.text.USART_GetFlagStatus) for USART_GetFlagStatus
    main.o(.ARM.exidx.text.fputc) refers to main.o(.text.fputc) for [Anonymous Symbol]
    main.o(.text.USART1_Init) refers to stm32f10x_rcc.o(.text.RCC_APB2PeriphClockCmd) for RCC_APB2PeriphClockCmd
    main.o(.text.USART1_Init) refers to stm32f10x_gpio.o(.text.GPIO_Init) for GPIO_Init
    main.o(.text.USART1_Init) refers to stm32f10x_usart.o(.text.USART_Init) for USART_Init
    main.o(.text.USART1_Init) refers to stm32f10x_usart.o(.text.USART_Cmd) for USART_Cmd
    main.o(.ARM.exidx.text.USART1_Init) refers to main.o(.text.USART1_Init) for [Anonymous Symbol]
    main.o(.text.I2C_Scan_Test) refers to main.o(.rodata.str1.1) for .L.str
    main.o(.text.I2C_Scan_Test) refers to printfa.o(i.__0printf) for printf
    main.o(.text.I2C_Scan_Test) refers to opt3001.o(.text.OPT3001_IIC_Start) for OPT3001_IIC_Start
    main.o(.text.I2C_Scan_Test) refers to opt3001.o(.text.OPT3001_IIC_SendByte) for OPT3001_IIC_SendByte
    main.o(.text.I2C_Scan_Test) refers to opt3001.o(.text.OPT3001_IIC_WaitAck) for OPT3001_IIC_WaitAck
    main.o(.text.I2C_Scan_Test) refers to opt3001.o(.text.OPT3001_IIC_Stop) for OPT3001_IIC_Stop
    main.o(.text.I2C_Scan_Test) refers to delay.o(.text.Delay_ms) for Delay_ms
    main.o(.ARM.exidx.text.I2C_Scan_Test) refers to main.o(.text.I2C_Scan_Test) for [Anonymous Symbol]
    main.o(.text.main) refers to delay.o(.text.SysTick_Init) for SysTick_Init
    main.o(.text.main) refers to main.o(.text.USART1_Init) for USART1_Init
    main.o(.text.main) refers to opt3001.o(.text.OPT3001_Init) for OPT3001_Init
    main.o(.text.main) refers to main.o(.rodata.str1.1) for .L.str.3
    main.o(.text.main) refers to printfa.o(i.__0printf) for printf
    main.o(.text.main) refers to main.o(.text.I2C_Scan_Test) for I2C_Scan_Test
    main.o(.text.main) refers to opt3001.o(.text.OPT3001_ReadLux_WithFilter) for OPT3001_ReadLux_WithFilter
    main.o(.text.main) refers to main.o(.bss.lux) for lux
    main.o(.text.main) refers to opt3001.o(.text.OPT3001_GetStatus) for OPT3001_GetStatus
    main.o(.text.main) refers to f2d.o(.text) for __aeabi_f2d
    main.o(.text.main) refers to delay.o(.text.Delay_ms) for Delay_ms
    main.o(.ARM.exidx.text.main) refers to main.o(.text.main) for [Anonymous Symbol]
    opt3001.o(.text.OPT3001_IIC_Init) refers to stm32f10x_rcc.o(.text.RCC_APB2PeriphClockCmd) for RCC_APB2PeriphClockCmd
    opt3001.o(.text.OPT3001_IIC_Init) refers to stm32f10x_gpio.o(.text.GPIO_Init) for GPIO_Init
    opt3001.o(.text.OPT3001_IIC_Init) refers to stm32f10x_gpio.o(.text.GPIO_SetBits) for GPIO_SetBits
    opt3001.o(.ARM.exidx.text.OPT3001_IIC_Init) refers to opt3001.o(.text.OPT3001_IIC_Init) for [Anonymous Symbol]
    opt3001.o(.text.OPT3001_IIC_Start) refers to stm32f10x_gpio.o(.text.GPIO_SetBits) for GPIO_SetBits
    opt3001.o(.text.OPT3001_IIC_Start) refers to opt3001.o(.text.OPT3001_DelayUs) for OPT3001_DelayUs
    opt3001.o(.text.OPT3001_IIC_Start) refers to stm32f10x_gpio.o(.text.GPIO_ResetBits) for GPIO_ResetBits
    opt3001.o(.ARM.exidx.text.OPT3001_IIC_Start) refers to opt3001.o(.text.OPT3001_IIC_Start) for [Anonymous Symbol]
    opt3001.o(.text.OPT3001_DelayUs) refers to delay.o(.text.Delay_us) for Delay_us
    opt3001.o(.ARM.exidx.text.OPT3001_DelayUs) refers to opt3001.o(.text.OPT3001_DelayUs) for [Anonymous Symbol]
    opt3001.o(.text.OPT3001_IIC_Stop) refers to stm32f10x_gpio.o(.text.GPIO_ResetBits) for GPIO_ResetBits
    opt3001.o(.text.OPT3001_IIC_Stop) refers to stm32f10x_gpio.o(.text.GPIO_SetBits) for GPIO_SetBits
    opt3001.o(.text.OPT3001_IIC_Stop) refers to opt3001.o(.text.OPT3001_DelayUs) for OPT3001_DelayUs
    opt3001.o(.ARM.exidx.text.OPT3001_IIC_Stop) refers to opt3001.o(.text.OPT3001_IIC_Stop) for [Anonymous Symbol]
    opt3001.o(.text.OPT3001_IIC_WaitAck) refers to opt3001.o(.text.OPT3001_DelayUs) for OPT3001_DelayUs
    opt3001.o(.text.OPT3001_IIC_WaitAck) refers to stm32f10x_gpio.o(.text.GPIO_SetBits) for GPIO_SetBits
    opt3001.o(.text.OPT3001_IIC_WaitAck) refers to stm32f10x_gpio.o(.text.GPIO_ReadInputDataBit) for GPIO_ReadInputDataBit
    opt3001.o(.text.OPT3001_IIC_WaitAck) refers to opt3001.o(.text.OPT3001_IIC_Stop) for OPT3001_IIC_Stop
    opt3001.o(.text.OPT3001_IIC_WaitAck) refers to stm32f10x_gpio.o(.text.GPIO_ResetBits) for GPIO_ResetBits
    opt3001.o(.ARM.exidx.text.OPT3001_IIC_WaitAck) refers to opt3001.o(.text.OPT3001_IIC_WaitAck) for [Anonymous Symbol]
    opt3001.o(.text.OPT3001_IIC_SendAck) refers to stm32f10x_gpio.o(.text.GPIO_ResetBits) for GPIO_ResetBits
    opt3001.o(.text.OPT3001_IIC_SendAck) refers to stm32f10x_gpio.o(.text.GPIO_SetBits) for GPIO_SetBits
[...]
    opt3001.o(.text.OPT3001_SlidingMedianFilter) refers to opt3001.o(.bss.filter_window) for filter_window
    opt3001.o(.text.OPT3001_SlidingMedianFilter) refers to fcmple.o(.text) for __aeabi_fcmple
    opt3001.o(.ARM.exidx.text.OPT3001_SlidingMedianFilter) refers to opt3001.o(.text.OPT3001_SlidingMedianFilter) for [Anonymous Symbol]
    opt3001.o(.text.OPT3001_GetStatus) refers to opt3001.o(.bss.opt3001_status) for opt3001_status
    opt3001.o(.ARM.exidx.text.OPT3001_GetStatus) refers to opt3001.o(.text.OPT3001_GetStatus) for [Anonymous Symbol]
    delay.o(.text.SysTick_Init) refers to misc.o(.text.SysTick_CLKSourceConfig) for SysTick_CLKSourceConfig
    delay.o(.text.SysTick_Init) refers to system_stm32f10x.o(.data.SystemCoreClock) for SystemCoreClock
    delay.o(.text.SysTick_Init) refers to delay.o(.bss.fac_us) for fac_us
    delay.o(.text.SysTick_Init) refers to delay.o(.bss.fac_ms) for fac_ms
    delay.o(.ARM.exidx.text.SysTick_Init) refers to delay.o(.text.SysTick_Init) for [Anonymous Symbol]
    delay.o(.text.Delay_us) refers to delay.o(.bss.fac_us) for fac_us
    delay.o(.ARM.exidx.text.Delay_us) refers to delay.o(.text.Delay_us) for [Anonymous Symbol]
    delay.o(.text.Delay_ms) refers to delay.o(.bss.fac_ms) for fac_ms
    delay.o(.ARM.exidx.text.Delay_ms) refers to delay.o(.text.Delay_ms) for [Anonymous Symbol]
    misc.o(.ARM.exidx.text.NVIC_PriorityGroupConfig) refers to misc.o(.text.NVIC_PriorityGroupConfig) for [Anonymous Symbol]
    misc.o(.ARM.exidx.text.NVIC_Init) refers to misc.o(.text.NVIC_Init) for [Anonymous Symbol]
    misc.o(.ARM.exidx.text.NVIC_SetVectorTable) refers to misc.o(.text.NVIC_SetVectorTable) for [Anonymous Symbol]
    misc.o(.ARM.exidx.text.NVIC_SystemLPConfig) refers to misc.o(.text.NVIC_SystemLPConfig) for [Anonymous Symbol]
    misc.o(.ARM.exidx.text.SysTick_CLKSourceConfig) refers to misc.o(.text.SysTick_CLKSourceConfig) for [Anonymous Symbol]
    stm32f10x_gpio.o(.text.GPIO_DeInit) refers to stm32f10x_rcc.o(.text.RCC_APB2PeriphResetCmd) for RCC_APB2PeriphResetCmd
    stm32f10x_gpio.o(.ARM.exidx.text.GPIO_DeInit) refers to stm32f10x_gpio.o(.text.GPIO_DeInit) for [Anonymous Symbol]
    stm32f10x_gpio.o(.text.GPIO_AFIODeInit) refers to stm32f10x_rcc.o(.text.RCC_APB2PeriphResetCmd) for RCC_APB2PeriphResetCmd
    stm32f10x_gpio.o(.ARM.exidx.text.GPIO_AFIODeInit) refers to stm32f10x_gpio.o(.text.GPIO_AFIODeInit) for [Anonymous Symbol]
    stm32f10x_gpio.o(.ARM.exidx.text.GPIO_Init) refers to stm32f10x_gpio.o(.text.GPIO_Init) for [Anonymous Symbol]
    stm32f10x_gpio.o(.ARM.exidx.text.GPIO_StructInit) refers to stm32f10x_gpio.o(.text.GPIO_StructInit) for [Anonymous Symbol]
    stm32f10x_gpio.o(.ARM.exidx.text.GPIO_ReadInputDataBit) refers to stm32f10x_gpio.o(.text.GPIO_ReadInputDataBit) for [Anonymous Symbol]
    stm32f10x_gpio.o(.ARM.exidx.text.GPIO_ReadInputData) refers to stm32f10x_gpio.o(.text.GPIO_ReadInputData) for [Anonymous Symbol]
    stm32f10x_gpio.o(.ARM.exidx.text.GPIO_ReadOutputDataBit) refers to stm32f10x_gpio.o(.text.GPIO_ReadOutputDataBit) for [Anonymous Symbol]
    stm32f10x_gpio.o(.ARM.exidx.text.GPIO_ReadOutputData) refers to stm32f10x_gpio.o(.text.GPIO_ReadOutputData) for [Anonymous Symbol]
    stm32f10x_gpio.o(.ARM.exidx.text.GPIO_SetBits) refers to stm32f10x_gpio.o(.text.GPIO_SetBits) for [Anonymous Symbol]
    stm32f10x_gpio.o(.ARM.exidx.text.GPIO_ResetBits) refers to stm32f10x_gpio.o(.text.GPIO_ResetBits) for [Anonymous Symbol]
    stm32f10x_gpio.o(.ARM.exidx.text.GPIO_WriteBit) refers to stm32f10x_gpio.o(.text.GPIO_WriteBit) for [Anonymous Symbol]
    stm32f10x_gpio.o(.ARM.exidx.text.GPIO_Write) refers to stm32f10x_gpio.o(.text.GPIO_Write) for [Anonymous Symbol]
    stm32f10x_gpio.o(.ARM.exidx.text.GPIO_PinLockConfig) refers to stm32f10x_gpio.o(.text.GPIO_PinLockConfig) for [Anonymous Symbol]
    stm32f10x_gpio.o(.ARM.exidx.text.GPIO_EventOutputConfig) refers to stm32f10x_gpio.o(.text.GPIO_EventOutputConfig) for [Anonymous Symbol]
    stm32f10x_gpio.o(.ARM.exidx.text.GPIO_EventOutputCmd) refers to stm32f10x_gpio.o(.text.GPIO_EventOutputCmd) for [Anonymous Symbol]
    stm32f10x_gpio.o(.ARM.exidx.text.GPIO_PinRemapConfig) refers to stm32f10x_gpio.o(.text.GPIO_PinRemapConfig) for [Anonymous Symbol]
    stm32f10x_gpio.o(.ARM.exidx.text.GPIO_EXTILineConfig) refers to stm32f10x_gpio.o(.text.GPIO_EXTILineConfig) for [Anonymous Symbol]
    stm32f10x_gpio.o(.ARM.exidx.text.GPIO_ETH_MediaInterfaceConfig) refers to stm32f10x_gpio.o(.text.GPIO_ETH_MediaInterfaceConfig) for [Anonymous Symbol]
    stm32f10x_i2c.o(.text.I2C_DeInit) refers to stm32f10x_rcc.o(.text.RCC_APB1PeriphResetCmd) for RCC_APB1PeriphResetCmd
    stm32f10x_i2c.o(.ARM.exidx.text.I2C_DeInit) refers to stm32f10x_i2c.o(.text.I2C_DeInit) for [Anonymous Symbol]
    stm32f10x_i2c.o(.text.I2C_Init) refers to stm32f10x_rcc.o(.text.RCC_GetClocksFreq) for RCC_GetClocksFreq
    stm32f10x_i2c.o(.ARM.exidx.text.I2C_Init) refers to stm32f10x_i2c.o(.text.I2C_Init) for [Anonymous Symbol]
    stm32f10x_i2c.o(.ARM.exidx.text.I2C_StructInit) refers to stm32f10x_i2c.o(.text.I2C_StructInit) for [Anonymous Symbol]
    stm32f10x_i2c.o(.ARM.exidx.text.I2C_Cmd) refers to stm32f10x_i2c.o(.text.I2C_Cmd) for [Anonymous Symbol]
    stm32f10x_i2c.o(.ARM.exidx.text.I2C_DMACmd) refers to stm32f10x_i2c.o(.text.I2C_DMACmd) for [Anonymous Symbol]
    stm32f10x_i2c.o(.ARM.exidx.text.I2C_DMALastTransferCmd) refers to stm32f10x_i2c.o(.text.I2C_DMALastTransferCmd) for [Anonymous Symbol]
    stm32f10x_i2c.o(.ARM.exidx.text.I2C_GenerateSTART) refers to stm32f10x_i2c.o(.text.I2C_GenerateSTART) for [Anonymous Symbol]
    stm32f10x_i2c.o(.ARM.exidx.text.I2C_GenerateSTOP) refers to stm32f10x_i2c.o(.text.I2C_GenerateSTOP) for [Anonymous Symbol]
    stm32f10x_i2c.o(.ARM.exidx.text.I2C_AcknowledgeConfig) refers to stm32f10x_i2c.o(.text.I2C_AcknowledgeConfig) for [Anonymous Symbol]
    stm32f10x_i2c.o(.ARM.exidx.text.I2C_OwnAddress2Config) refers to stm32f10x_i2c.o(.text.I2C_OwnAddress2Config) for [Anonymous Symbol]
    stm32f10x_i2c.o(.ARM.exidx.text.I2C_DualAddressCmd) refers to stm32f10x_i2c.o(.text.I2C_DualAddressCmd) for [Anonymous Symbol]
    stm32f10x_i2c.o(.ARM.exidx.text.I2C_GeneralCallCmd) refers to stm32f10x_i2c.o(.text.I2C_GeneralCallCmd) for [Anonymous Symbol]
    stm32f10x_i2c.o(.ARM.exidx.text.I2C_ITConfig) refers to stm32f10x_i2c.o(.text.I2C_ITConfig) for [Anonymous Symbol]
    stm32f10x_i2c.o(.ARM.exidx.text.I2C_SendData) refers to stm32f10x_i2c.o(.text.I2C_SendData) for [Anonymous Symbol]
    stm32f10x_i2c.o(.ARM.exidx.text.I2C_ReceiveData) refers to stm32f10x_i2c.o(.text.I2C_ReceiveData) for [Anonymous Symbol]
    stm32f10x_i2c.o(.ARM.exidx.text.I2C_Send7bitAddress) refers to stm32f10x_i2c.o(.text.I2C_Send7bitAddress) for [Anonymous Symbol]
    stm32f10x_i2c.o(.ARM.exidx.text.I2C_ReadRegister) refers to stm32f10x_i2c.o(.text.I2C_ReadRegister) for [Anonymous Symbol]
    stm32f10x_i2c.o(.ARM.exidx.text.I2C_SoftwareResetCmd) refers to stm32f10x_i2c.o(.text.I2C_SoftwareResetCmd) for [Anonymous Symbol]
    stm32f10x_i2c.o(.ARM.exidx.text.I2C_NACKPositionConfig) refers to stm32f10x_i2c.o(.text.I2C_NACKPositionConfig) for [Anonymous Symbol]
    stm32f10x_i2c.o(.ARM.exidx.text.I2C_SMBusAlertConfig) refers to stm32f10x_i2c.o(.text.I2C_SMBusAlertConfig) for [Anonymous Symbol]
    stm32f10x_i2c.o(.ARM.exidx.text.I2C_TransmitPEC) refers to stm32f10x_i2c.o(.text.I2C_TransmitPEC) for [Anonymous Symbol]
    stm32f10x_i2c.o(.ARM.exidx.text.I2C_PECPositionConfig) refers to stm32f10x_i2c.o(.text.I2C_PECPositionConfig) for [Anonymous Symbol]
    stm32f10x_i2c.o(.ARM.exidx.text.I2C_CalculatePEC) refers to stm32f10x_i2c.o(.text.I2C_CalculatePEC) for [Anonymous Symbol]
    stm32f10x_i2c.o(.ARM.exidx.text.I2C_GetPEC) refers to stm32f10x_i2c.o(.text.I2C_GetPEC) for [Anonymous Symbol]
    stm32f10x_i2c.o(.ARM.exidx.text.I2C_ARPCmd) refers to stm32f10x_i2c.o(.text.I2C_ARPCmd) for [Anonymous Symbol]
    stm32f10x_i2c.o(.ARM.exidx.text.I2C_StretchClockCmd) refers to stm32f10x_i2c.o(.text.I2C_StretchClockCmd) for [Anonymous Symbol]
    stm32f10x_i2c.o(.ARM.exidx.text.I2C_FastModeDutyCycleConfig) refers to stm32f10x_i2c.o(.text.I2C_FastModeDutyCycleConfig) for [Anonymous Symbol]
    stm32f10x_i2c.o(.ARM.exidx.text.I2C_CheckEvent) refers to stm32f10x_i2c.o(.text.I2C_CheckEvent) for [Anonymous Symbol]
    stm32f10x_i2c.o(.ARM.exidx.text.I2C_GetLastEvent) refers to stm32f10x_i2c.o(.text.I2C_GetLastEvent) for [Anonymous Symbol]
    stm32f10x_i2c.o(.ARM.exidx.text.I2C_GetFlagStatus) refers to stm32f10x_i2c.o(.text.I2C_GetFlagStatus) for [Anonymous Symbol]
    stm32f10x_i2c.o(.ARM.exidx.text.I2C_ClearFlag) refers to stm32f10x_i2c.o(.text.I2C_ClearFlag) for [Anonymous Symbol]
    stm32f10x_i2c.o(.ARM.exidx.text.I2C_GetITStatus) refers to stm32f10x_i2c.o(.text.I2C_GetITStatus) for [Anonymous Symbol]
    stm32f10x_i2c.o(.ARM.exidx.text.I2C_ClearITPendingBit) refers to stm32f10x_i2c.o(.text.I2C_ClearITPendingBit) for [Anonymous Symbol]
    stm32f10x_rcc.o(.ARM.exidx.text.RCC_DeInit) refers to stm32f10x_rcc.o(.text.RCC_DeInit) for [Anonymous Symbol]
    stm32f10x_rcc.o(.ARM.exidx.text.RCC_HSEConfig) refers to stm32f10x_rcc.o(.text.RCC_HSEConfig) for [Anonymous Symbol]
    stm32f10x_rcc.o(.text.RCC_WaitForHSEStartUp) refers to stm32f10x_rcc.o(.text.RCC_GetFlagStatus) for RCC_GetFlagStatus
    stm32f10x_rcc.o(.ARM.exidx.text.RCC_WaitForHSEStartUp) refers to stm32f10x_rcc.o(.text.RCC_WaitForHSEStartUp) for [Anonymous Symbol]
    stm32f10x_rcc.o(.ARM.exidx.text.RCC_GetFlagStatus) refers to stm32f10x_rcc.o(.text.RCC_GetFlagStatus) for [Anonymous Symbol]
    stm32f10x_rcc.o(.ARM.exidx.text.RCC_AdjustHSICalibrationValue) refers to stm32f10x_rcc.o(.text.RCC_AdjustHSICalibrationValue) for [Anonymous Symbol]
    stm32f10x_rcc.o(.ARM.exidx.text.RCC_HSICmd) refers to stm32f10x_rcc.o(.text.RCC_HSICmd) for [Anonymous Symbol]
    stm32f10x_rcc.o(.ARM.exidx.text.RCC_PLLConfig) refers to stm32f10x_rcc.o(.text.RCC_PLLConfig) for [Anonymous Symbol]
    stm32f10x_rcc.o(.ARM.exidx.text.RCC_PLLCmd) refers to stm32f10x_rcc.o(.text.RCC_PLLCmd) for [Anonymous Symbol]
    stm32f10x_rcc.o(.ARM.exidx.text.RCC_SYSCLKConfig) refers to stm32f10x_rcc.o(.text.RCC_SYSCLKConfig) for [Anonymous Symbol]
    stm32f10x_rcc.o(.ARM.exidx.text.RCC_GetSYSCLKSource) refers to stm32f10x_rcc.o(.text.RCC_GetSYSCLKSource) for [Anonymous Symbol]
    stm32f10x_rcc.o(.ARM.exidx.text.RCC_HCLKConfig) refers to stm32f10x_rcc.o(.text.RCC_HCLKConfig) for [Anonymous Symbol]
    stm32f10x_rcc.o(.ARM.exidx.text.RCC_PCLK1Config) refers to stm32f10x_rcc.o(.text.RCC_PCLK1Config) for [Anonymous Symbol]
    stm32f10x_rcc.o(.ARM.exidx.text.RCC_PCLK2Config) refers to stm32f10x_rcc.o(.text.RCC_PCLK2Config) for [Anonymous Symbol]
    stm32f10x_rcc.o(.ARM.exidx.text.RCC_ITConfig) refers to stm32f10x_rcc.o(.text.RCC_ITConfig) for [Anonymous Symbol]
    stm32f10x_rcc.o(.ARM.exidx.text.RCC_USBCLKConfig) refers to stm32f10x_rcc.o(.text.RCC_USBCLKConfig) for [Anonymous Symbol]
    stm32f10x_rcc.o(.ARM.exidx.text.RCC_ADCCLKConfig) refers to stm32f10x_rcc.o(.text.RCC_ADCCLKConfig) for [Anonymous Symbol]
    stm32f10x_rcc.o(.ARM.exidx.text.RCC_LSEConfig) refers to stm32f10x_rcc.o(.text.RCC_LSEConfig) for [Anonymous Symbol]
    stm32f10x_rcc.o(.ARM.exidx.text.RCC_LSICmd) refers to stm32f10x_rcc.o(.text.RCC_LSICmd) for [Anonymous Symbol]
    stm32f10x_rcc.o(.ARM.exidx.text.RCC_RTCCLKConfig) refers to stm32f10x_rcc.o(.text.RCC_RTCCLKConfig) for [Anonymous Symbol]
    stm32f10x_rcc.o(.ARM.exidx.text.RCC_RTCCLKCmd) refers to stm32f10x_rcc.o(.text.RCC_RTCCLKCmd) for [Anonymous Symbol]
    stm32f10x_rcc.o(.text.RCC_GetClocksFreq) refers to stm32f10x_rcc.o(.rodata.APBAHBPrescTable) for APBAHBPrescTable
    stm32f10x_rcc.o(.text.RCC_GetClocksFreq) refers to stm32f10x_rcc.o(.rodata.ADCPrescTable) for ADCPrescTable
    stm32f10x_rcc.o(.ARM.exidx.text.RCC_GetClocksFreq) refers to stm32f10x_rcc.o(.text.RCC_GetClocksFreq) for [Anonymous Symbol]
    stm32f10x_rcc.o(.ARM.exidx.text.RCC_AHBPeriphClockCmd) refers to stm32f10x_rcc.o(.text.RCC_AHBPeriphClockCmd) for [Anonymous Symbol]
    stm32f10x_rcc.o(.ARM.exidx.text.RCC_APB2PeriphClockCmd) refers to stm32f10x_rcc.o(.text.RCC_APB2PeriphClockCmd) for [Anonymous Symbol]
    stm32f10x_rcc.o(.ARM.exidx.text.RCC_APB1PeriphClockCmd) refers to stm32f10x_rcc.o(.text.RCC_APB1PeriphClockCmd) for [Anonymous Symbol]
    stm32f10x_rcc.o(.ARM.exidx.text.RCC_APB2PeriphResetCmd) refers to stm32f10x_rcc.o(.text.RCC_APB2PeriphResetCmd) for [Anonymous Symbol]
    stm32f10x_rcc.o(.ARM.exidx.text.RCC_APB1PeriphResetCmd) refers to stm32f10x_rcc.o(.text.RCC_APB1PeriphResetCmd) for [Anonymous Symbol]
    stm32f10x_rcc.o(.ARM.exidx.text.RCC_BackupResetCmd) refers to stm32f10x_rcc.o(.text.RCC_BackupResetCmd) for [Anonymous Symbol]
    stm32f10x_rcc.o(.ARM.exidx.text.RCC_ClockSecuritySystemCmd) refers to stm32f10x_rcc.o(.text.RCC_ClockSecuritySystemCmd) for [Anonymous Symbol]
    stm32f10x_rcc.o(.ARM.exidx.text.RCC_MCOConfig) refers to stm32f10x_rcc.o(.text.RCC_MCOConfig) for [Anonymous Symbol]
    stm32f10x_rcc.o(.ARM.exidx.text.RCC_ClearFlag) refers to stm32f10x_rcc.o(.text.RCC_ClearFlag) for [Anonymous Symbol]
    stm32f10x_rcc.o(.ARM.exidx.text.RCC_GetITStatus) refers to stm32f10x_rcc.o(.text.RCC_GetITStatus) for [Anonymous Symbol]
    stm32f10x_rcc.o(.ARM.exidx.text.RCC_ClearITPendingBit) refers to stm32f10x_rcc.o(.text.RCC_ClearITPendingBit) for [Anonymous Symbol]
    stm32f10x_usart.o(.text.USART_DeInit) refers to stm32f10x_rcc.o(.text.RCC_APB2PeriphResetCmd) for RCC_APB2PeriphResetCmd
    stm32f10x_usart.o(.text.USART_DeInit) refers to stm32f10x_rcc.o(.text.RCC_APB1PeriphResetCmd) for RCC_APB1PeriphResetCmd
    stm32f10x_usart.o(.ARM.exidx.text.USART_DeInit) refers to stm32f10x_usart.o(.text.USART_DeInit) for [Anonymous Symbol]
    stm32f10x_usart.o(.text.USART_Init) refers to stm32f10x_rcc.o(.text.RCC_GetClocksFreq) for RCC_GetClocksFreq
    stm32f10x_usart.o(.ARM.exidx.text.USART_Init) refers to stm32f10x_usart.o(.text.USART_Init) for [Anonymous Symbol]
    stm32f10x_usart.o(.ARM.exidx.text.USART_StructInit) refers to stm32f10x_usart.o(.text.USART_StructInit) for [Anonymous Symbol]
    stm32f10x_usart.o(.ARM.exidx.text.USART_ClockInit) refers to stm32f10x_usart.o(.text.USART_ClockInit) for [Anonymous Symbol]
    stm32f10x_usart.o(.ARM.exidx.text.USART_ClockStructInit) refers to stm32f10x_usart.o(.text.USART_ClockStructInit) for [Anonymous Symbol]
    stm32f10x_usart.o(.ARM.exidx.text.USART_Cmd) refers to stm32f10x_usart.o(.text.USART_Cmd) for [Anonymous Symbol]
    stm32f10x_usart.o(.ARM.exidx.text.USART_ITConfig) refers to stm32f10x_usart.o(.text.USART_ITConfig) for [Anonymous Symbol]
    stm32f10x_usart.o(.ARM.exidx.text.USART_DMACmd) refers to stm32f10x_usart.o(.text.USART_DMACmd) for [Anonymous Symbol]
    stm32f10x_usart.o(.ARM.exidx.text.USART_SetAddress) refers to stm32f10x_usart.o(.text.USART_SetAddress) for [Anonymous Symbol]
    stm32f10x_usart.o(.ARM.exidx.text.USART_WakeUpConfig) refers to stm32f10x_usart.o(.text.USART_WakeUpConfig) for [Anonymous Symbol]
    stm32f10x_usart.o(.ARM.exidx.text.USART_ReceiverWakeUpCmd) refers to stm32f10x_usart.o(.text.USART_ReceiverWakeUpCmd) for [Anonymous Symbol]
    stm32f10x_usart.o(.ARM.exidx.text.USART_LINBreakDetectLengthConfig) refers to stm32f10x_usart.o(.text.USART_LINBreakDetectLengthConfig) for [Anonymous Symbol]
    stm32f10x_usart.o(.ARM.exidx.text.USART_LINCmd) refers to stm32f10x_usart.o(.text.USART_LINCmd) for [Anonymous Symbol]
    stm32f10x_usart.o(.ARM.exidx.text.USART_SendData) refers to stm32f10x_usart.o(.text.USART_SendData) for [Anonymous Symbol]
    stm32f10x_usart.o(.ARM.exidx.text.USART_ReceiveData) refers to stm32f10x_usart.o(.text.USART_ReceiveData) for [Anonymous Symbol]
    stm32f10x_usart.o(.ARM.exidx.text.USART_SendBreak) refers to stm32f10x_usart.o(.text.USART_SendBreak) for [Anonymous Symbol]
    stm32f10x_usart.o(.ARM.exidx.text.USART_SetGuardTime) refers to stm32f10x_usart.o(.text.USART_SetGuardTime) for [Anonymous Symbol]
    stm32f10x_usart.o(.ARM.exidx.text.USART_SetPrescaler) refers to stm32f10x_usart.o(.text.USART_SetPrescaler) for [Anonymous Symbol]
    stm32f10x_usart.o(.ARM.exidx.text.USART_SmartCardCmd) refers to stm32f10x_usart.o(.text.USART_SmartCardCmd) for [Anonymous Symbol]
    stm32f10x_usart.o(.ARM.exidx.text.USART_SmartCardNACKCmd) refers to stm32f10x_usart.o(.text.USART_SmartCardNACKCmd) for [Anonymous Symbol]
    stm32f10x_usart.o(.ARM.exidx.text.USART_HalfDuplexCmd) refers to stm32f10x_usart.o(.text.USART_HalfDuplexCmd) for [Anonymous Symbol]
    stm32f10x_usart.o(.ARM.exidx.text.USART_OverSampling8Cmd) refers to stm32f10x_usart.o(.text.USART_OverSampling8Cmd) for [Anonymous Symbol]
    stm32f10x_usart.o(.ARM.exidx.text.USART_OneBitMethodCmd) refers to stm32f10x_usart.o(.text.USART_OneBitMethodCmd) for [Anonymous Symbol]
    stm32f10x_usart.o(.ARM.exidx.text.USART_IrDAConfig) refers to stm32f10x_usart.o(.text.USART_IrDAConfig) for [Anonymous Symbol]
    stm32f10x_usart.o(.ARM.exidx.text.USART_IrDACmd) refers to stm32f10x_usart.o(.text.USART_IrDACmd) for [Anonymous Symbol]
    stm32f10x_usart.o(.ARM.exidx.text.USART_GetFlagStatus) refers to stm32f10x_usart.o(.text.USART_GetFlagStatus) for [Anonymous Symbol]
    stm32f10x_usart.o(.ARM.exidx.text.USART_ClearFlag) refers to stm32f10x_usart.o(.text.USART_ClearFlag) for [Anonymous Symbol]
    stm32f10x_usart.o(.ARM.exidx.text.USART_GetITStatus) refers to stm32f10x_usart.o(.text.USART_GetITStatus) for [Anonymous Symbol]
    stm32f10x_usart.o(.ARM.exidx.text.USART_ClearITPendingBit) refers to stm32f10x_usart.o(.text.USART_ClearITPendingBit) for [Anonymous Symbol]
    startup_stm32f10x_md.o(RESET) refers to startup_stm32f10x_md.o(STACK) for __initial_sp
    startup_stm32f10x_md.o(RESET) refers to startup_stm32f10x_md.o(.text) for Reset_Handler
    startup_stm32f10x_md.o(.text) refers to system_stm32f10x.o(.text.SystemInit) for SystemInit
    startup_stm32f10x_md.o(.text) refers to entry.o(.ARM.Collect$$$$00000000) for __main
    system_stm32f10x.o(.text.SystemInit) refers to system_stm32f10x.o(.text.SetSysClock) for SetSysClock
    system_stm32f10x.o(.ARM.exidx.text.SystemInit) refers to system_stm32f10x.o(.text.SystemInit) for [Anonymous Symbol]
    system_stm32f10x.o(.text.SetSysClock) refers to system_stm32f10x.o(.text.SetSysClockTo72) for SetSysClockTo72
    system_stm32f10x.o(.ARM.exidx.text.SetSysClock) refers to system_stm32f10x.o(.text.SetSysClock) for [Anonymous Symbol]
    system_stm32f10x.o(.text.SystemCoreClockUpdate) refers to system_stm32f10x.o(.data.SystemCoreClock) for SystemCoreClock
    system_stm32f10x.o(.text.SystemCoreClockUpdate) refers to system_stm32f10x.o(.rodata.AHBPrescTable) for AHBPrescTable
    system_stm32f10x.o(.ARM.exidx.text.SystemCoreClockUpdate) refers to system_stm32f10x.o(.text.SystemCoreClockUpdate) for [Anonymous Symbol]
    system_stm32f10x.o(.ARM.exidx.text.SetSysClockTo72) refers to system_stm32f10x.o(.text.SetSysClockTo72) for [Anonymous Symbol]
    entry.o(.ARM.Collect$$$$00000000) refers (Special) to entry10a.o(.ARM.Collect$$$$0000000D) for __rt_final_cpp
    entry.o(.ARM.Collect$$$$00000000) refers (Special) to entry11a.o(.ARM.Collect$$$$0000000F) for __rt_final_exit
    entry.o(.ARM.Collect$$$$00000000) refers (Special) to entry7b.o(.ARM.Collect$$$$00000008) for _main_clock
    entry.o(.ARM.Collect$$$$00000000) refers (Special) to entry8b.o(.ARM.Collect$$$$0000000A) for _main_cpp_init
    entry.o(.ARM.Collect$$$$00000000) refers (Special) to entry9a.o(.ARM.Collect$$$$0000000B) for _main_init
    entry.o(.ARM.Collect$$$$00000000) refers (Special) to entry5.o(.ARM.Collect$$$$00000004) for _main_scatterload
    entry.o(.ARM.Collect$$$$00000000) refers (Special) to entry2.o(.ARM.Collect$$$$00000001) for _main_stk
    printfa.o(i.__0fprintf) refers (Special) to iusefp.o(.text) for __I$use$fp
    printfa.o(i.__0fprintf) refers to printfa.o(i._printf_core) for _printf_core
    printfa.o(i.__0fprintf) refers to main.o(.text.fputc) for fputc
    printfa.o(i.__0printf) refers (Special) to iusefp.o(.text) for __I$use$fp
    printfa.o(i.__0printf) refers to printfa.o(i._printf_core) for _printf_core
    printfa.o(i.__0printf) refers to main.o(.text.fputc) for fputc
    printfa.o(i.__0printf) refers to stdout.o(.data) for __stdout
    printfa.o(i.__0snprintf) refers (Special) to iusefp.o(.text) for __I$use$fp
    printfa.o(i.__0snprintf) refers to printfa.o(i._printf_core) for _printf_core
    printfa.o(i.__0snprintf) refers to printfa.o(i._snputc) for _snputc
    printfa.o(i.__0sprintf) refers (Special) to iusefp.o(.text) for __I$use$fp
    printfa.o(i.__0sprintf) refers to printfa.o(i._printf_core) for _printf_core
    printfa.o(i.__0sprintf) refers to printfa.o(i._sputc) for _sputc
    printfa.o(i.__0vfprintf) refers (Special) to iusefp.o(.text) for __I$use$fp
    printfa.o(i.__0vfprintf) refers to printfa.o(i._printf_core) for _printf_core
    printfa.o(i.__0vfprintf) refers to main.o(.text.fputc) for fputc
    printfa.o(i.__0vprintf) refers (Special) to iusefp.o(.text) for __I$use$fp
    printfa.o(i.__0vprintf) refers to printfa.o(i._printf_core) for _printf_core
    printfa.o(i.__0vprintf) refers to main.o(.text.fputc) for fputc
    printfa.o(i.__0vprintf) refers to stdout.o(.data) for __stdout
    printfa.o(i.__0vsnprintf) refers (Special) to iusefp.o(.text) for __I$use$fp
    printfa.o(i.__0vsnprintf) refers to printfa.o(i._printf_core) for _printf_core
    printfa.o(i.__0vsnprintf) refers to printfa.o(i._snputc) for _snputc
    printfa.o(i.__0vsprintf) refers (Special) to iusefp.o(.text) for __I$use$fp
    printfa.o(i.__0vsprintf) refers to printfa.o(i._printf_core) for _printf_core
    printfa.o(i.__0vsprintf) refers to printfa.o(i._sputc) for _sputc
    printfa.o(i._fp_digits) refers (Special) to iusefp.o(.text) for __I$use$fp
    printfa.o(i._fp_digits) refers to dmul.o(.text) for __aeabi_dmul
    printfa.o(i._fp_digits) refers to ddiv.o(.text) for __aeabi_ddiv
    printfa.o(i._fp_digits) refers to cdrcmple.o(.text) for __aeabi_cdrcmple
    printfa.o(i._fp_digits) refers to dadd.o(.text) for __aeabi_dadd
    printfa.o(i._fp_digits) refers to dfixul.o(.text) for __aeabi_d2ulz
    printfa.o(i._fp_digits) refers to uldiv.o(.text) for __aeabi_uldivmod
    printfa.o(i._printf_core) refers (Special) to iusefp.o(.text) for __I$use$fp
    printfa.o(i._printf_core) refers to printfa.o(i._printf_pre_padding) for _printf_pre_padding
    printfa.o(i._printf_core) refers to uldiv.o(.text) for __aeabi_uldivmod
    printfa.o(i._printf_core) refers to printfa.o(i._printf_post_padding) for _printf_post_padding
    printfa.o(i._printf_core) refers to printfa.o(i._fp_digits) for _fp_digits
    printfa.o(i._printf_core) refers to uidiv.o(.text) for __aeabi_uidivmod
    printfa.o(i._printf_post_padding) refers (Special) to iusefp.o(.text) for __I$use$fp
    printfa.o(i._printf_pre_padding) refers (Special) to iusefp.o(.text) for __I$use$fp
    printfa.o(i._snputc) refers (Special) to iusefp.o(.text) for __I$use$fp
    printfa.o(i._sputc) refers (Special) to iusefp.o(.text) for __I$use$fp
    fadd.o(.text) refers (Special) to iusefp.o(.text) for __I$use$fp
    fadd.o(.text) refers to fepilogue.o(.text) for _float_epilogue
    fmul.o(.text) refers (Special) to iusefp.o(.text) for __I$use$fp
    fcmple.o(.text) refers (Special) to iusefp.o(.text) for __I$use$fp
    fcmplt.o(.text) refers (Special) to iusefp.o(.text) for __I$use$fp
    fcmpge.o(.text) refers (Special) to iusefp.o(.text) for __I$use$fp
    fcmpgt.o(.text) refers (Special) to iusefp.o(.text) for __I$use$fp
    fcmpeq.o(.text) refers (Special) to iusefp.o(.text) for __I$use$fp
    fflti.o(.text) refers (Special) to iusefp.o(.text) for __I$use$fp
    fflti.o(.text) refers to fepilogue.o(.text) for _float_epilogue
    ffltui.o(.text) refers (Special) to iusefp.o(.text) for __I$use$fp
    ffltui.o(.text) refers to fepilogue.o(.text) for _float_epilogue
    f2d.o(.text) refers (Special) to iusefp.o(.text) for __I$use$fp
    entry2.o(.ARM.Collect$$$$00000001) refers to entry2.o(.ARM.Collect$$$$00002712) for __lit__00000000
    entry2.o(.ARM.Collect$$$$00002712) refers to startup_stm32f10x_md.o(STACK) for __initial_sp
    entry2.o(__vectab_stack_and_reset_area) refers to startup_stm32f10x_md.o(STACK) for __initial_sp
    entry2.o(__vectab_stack_and_reset_area) refers to entry.o(.ARM.Collect$$$$00000000) for __main
    entry5.o(.ARM.Collect$$$$00000004) refers to init.o(.text) for __scatterload
    entry9a.o(.ARM.Collect$$$$0000000B) refers to main.o(.text.main) for main
    entry9b.o(.ARM.Collect$$$$0000000C) refers to main.o(.text.main) for main
    uldiv.o(.text) refers to llushr.o(.text) for __aeabi_llsr
    uldiv.o(.text) refers to llshl.o(.text) for __aeabi_llsl
    fepilogue.o(.text) refers (Special) to iusefp.o(.text) for __I$use$fp
    dadd.o(.text) refers (Special) to iusefp.o(.text) for __I$use$fp
    dadd.o(.text) refers to llshl.o(.text) for __aeabi_llsl
    dadd.o(.text) refers to llsshr.o(.text) for __aeabi_lasr
    dadd.o(.text) refers to depilogue.o(.text) for _double_epilogue
    dmul.o(.text) refers (Special) to iusefp.o(.text) for __I$use$fp
    dmul.o(.text) refers to depilogue.o(.text) for _double_epilogue
    ddiv.o(.text) refers (Special) to iusefp.o(.text) for __I$use$fp
    ddiv.o(.text) refers to depilogue.o(.text) for _double_round
    dfixul.o(.text) refers (Special) to iusefp.o(.text) for __I$use$fp
    dfixul.o(.text) refers to llushr.o(.text) for __aeabi_llsr
    dfixul.o(.text) refers to llshl.o(.text) for __aeabi_llsl
    cdrcmple.o(.text) refers (Special) to iusefp.o(.text) for __I$use$fp
    init.o(.text) refers to entry5.o(.ARM.Collect$$$$00000004) for __main_after_scatterload
    depilogue.o(.text) refers (Special) to iusefp.o(.text) for __I$use$fp
    depilogue.o(.text) refers to llshl.o(.text) for __aeabi_llsl
    depilogue.o(.text) refers to llushr.o(.text) for __aeabi_llsr


==============================================================================

Removing Unused input sections from the image.

    Removing main.o(.text), (0 bytes).
    Removing main.o(.ARM.exidx.text.fputc), (8 bytes).
    Removing main.o(.ARM.exidx.text.USART1_Init), (8 bytes).
    Removing main.o(.ARM.exidx.text.I2C_Scan_Test), (8 bytes).
    Removing main.o(.ARM.exidx.text.main), (8 bytes).
    Removing main.o(.ARM.use_no_argv), (4 bytes).
    Removing opt3001.o(.text), (0 bytes).
    Removing opt3001.o(.ARM.exidx.text.OPT3001_IIC_Init), (8 bytes).
    Removing opt3001.o(.ARM.exidx.text.OPT3001_IIC_Start), (8 bytes).
    Removing opt3001.o(.ARM.exidx.text.OPT3001_DelayUs), (8 bytes).
    Removing opt3001.o(.ARM.exidx.text.OPT3001_IIC_Stop), (8 bytes).
    Removing opt3001.o(.ARM.exidx.text.OPT3001_IIC_WaitAck), (8 bytes).
    Removing opt3001.o(.ARM.exidx.text.OPT3001_IIC_SendAck), (8 bytes).
    Removing opt3001.o(.ARM.exidx.text.OPT3001_IIC_SendByte), (8 bytes).
    Removing opt3001.o(.ARM.exidx.text.OPT3001_IIC_ReceiveByte), (8 bytes).
    Removing opt3001.o(.ARM.exidx.text.OPT3001_WriteReg), (8 bytes).
    Removing opt3001.o(.ARM.exidx.text.OPT3001_ReadReg), (8 bytes).
    Removing opt3001.o(.ARM.exidx.text.OPT3001_Init), (8 bytes).
    Removing opt3001.o(.ARM.exidx.text.OPT3001_ReadLux), (8 bytes).
    Removing opt3001.o(.ARM.exidx.text.OPT3001_ReadLux_WithFilter), (8 bytes).
    Removing opt3001.o(.ARM.exidx.text.OPT3001_SlidingMedianFilter), (8 bytes).
    Removing opt3001.o(.ARM.exidx.text.OPT3001_GetStatus), (8 bytes).
    Removing delay.o(.text), (0 bytes).
    Removing delay.o(.ARM.exidx.text.SysTick_Init), (8 bytes).
    Removing delay.o(.ARM.exidx.text.Delay_us), (8 bytes).
    Removing delay.o(.ARM.exidx.text.Delay_ms), (8 bytes).
    Removing misc.o(.text), (0 bytes).
    Removing misc.o(.text.NVIC_PriorityGroupConfig), (28 bytes).
    Removing misc.o(.ARM.exidx.text.NVIC_PriorityGroupConfig), (8 bytes).
    Removing misc.o(.text.NVIC_Init), (166 bytes).
    Removing misc.o(.ARM.exidx.text.NVIC_Init), (8 bytes).
    Removing misc.o(.text.NVIC_SetVectorTable), (36 bytes).
    Removing misc.o(.ARM.exidx.text.NVIC_SetVectorTable), (8 bytes).
    Removing misc.o(.text.NVIC_SystemLPConfig), (62 bytes).
    Removing misc.o(.ARM.exidx.text.NVIC_SystemLPConfig), (8 bytes).
    Removing misc.o(.ARM.exidx.text.SysTick_CLKSourceConfig), (8 bytes).
    Removing stm32f10x_gpio.o(.text), (0 bytes).
    Removing stm32f10x_gpio.o(.text.GPIO_DeInit), (276 bytes).
    Removing stm32f10x_gpio.o(.ARM.exidx.text.GPIO_DeInit), (8 bytes).
    Removing stm32f10x_gpio.o(.text.GPIO_AFIODeInit), (26 bytes).
    Removing stm32f10x_gpio.o(.ARM.exidx.text.GPIO_AFIODeInit), (8 bytes).
    Removing stm32f10x_gpio.o(.ARM.exidx.text.GPIO_Init), (8 bytes).
    Removing stm32f10x_gpio.o(.text.GPIO_StructInit), (28 bytes).
    Removing stm32f10x_gpio.o(.ARM.exidx.text.GPIO_StructInit), (8 bytes).
    Removing stm32f10x_gpio.o(.ARM.exidx.text.GPIO_ReadInputDataBit), (8 bytes).
    Removing stm32f10x_gpio.o(.text.GPIO_ReadInputData), (14 bytes).
    Removing stm32f10x_gpio.o(.ARM.exidx.text.GPIO_ReadInputData), (8 bytes).
    Removing stm32f10x_gpio.o(.text.GPIO_ReadOutputDataBit), (52 bytes).
    Removing stm32f10x_gpio.o(.ARM.exidx.text.GPIO_ReadOutputDataBit), (8 bytes).
    Removing stm32f10x_gpio.o(.text.GPIO_ReadOutputData), (14 bytes).
    Removing stm32f10x_gpio.o(.ARM.exidx.text.GPIO_ReadOutputData), (8 bytes).
    Removing stm32f10x_gpio.o(.ARM.exidx.text.GPIO_SetBits), (8 bytes).
    Removing stm32f10x_gpio.o(.ARM.exidx.text.GPIO_ResetBits), (8 bytes).
    Removing stm32f10x_gpio.o(.text.GPIO_WriteBit), (44 bytes).
    Removing stm32f10x_gpio.o(.ARM.exidx.text.GPIO_WriteBit), (8 bytes).
    Removing stm32f10x_gpio.o(.text.GPIO_Write), (20 bytes).
    Removing stm32f10x_gpio.o(.ARM.exidx.text.GPIO_Write), (8 bytes).
    Removing stm32f10x_gpio.o(.text.GPIO_PinLockConfig), (60 bytes).
    Removing stm32f10x_gpio.o(.ARM.exidx.text.GPIO_PinLockConfig), (8 bytes).
    Removing stm32f10x_gpio.o(.text.GPIO_EventOutputConfig), (64 bytes).
    Removing stm32f10x_gpio.o(.ARM.exidx.text.GPIO_EventOutputConfig), (8 bytes).
    Removing stm32f10x_gpio.o(.text.GPIO_EventOutputCmd), (22 bytes).
    Removing stm32f10x_gpio.o(.ARM.exidx.text.GPIO_EventOutputCmd), (8 bytes).
    Removing stm32f10x_gpio.o(.text.GPIO_PinRemapConfig), (250 bytes).
    Removing stm32f10x_gpio.o(.ARM.exidx.text.GPIO_PinRemapConfig), (8 bytes).
    Removing stm32f10x_gpio.o(.text.GPIO_EXTILineConfig), (84 bytes).
    Removing stm32f10x_gpio.o(.ARM.exidx.text.GPIO_EXTILineConfig), (8 bytes).
    Removing stm32f10x_gpio.o(.text.GPIO_ETH_MediaInterfaceConfig), (18 bytes).
    Removing stm32f10x_gpio.o(.ARM.exidx.text.GPIO_ETH_MediaInterfaceConfig), (8 bytes).
    Removing stm32f10x_i2c.o(.text), (0 bytes).
    Removing stm32f10x_i2c.o(.text.I2C_DeInit), (70 bytes).
    Removing stm32f10x_i2c.o(.ARM.exidx.text.I2C_DeInit), (8 bytes).
    Removing stm32f10x_i2c.o(.text.I2C_Init), (426 bytes).
    Removing stm32f10x_i2c.o(.ARM.exidx.text.I2C_Init), (8 bytes).
    Removing stm32f10x_i2c.o(.text.I2C_StructInit), (46 bytes).
    Removing stm32f10x_i2c.o(.ARM.exidx.text.I2C_StructInit), (8 bytes).
    Removing stm32f10x_i2c.o(.text.I2C_Cmd), (44 bytes).
    Removing stm32f10x_i2c.o(.ARM.exidx.text.I2C_Cmd), (8 bytes).
    Removing stm32f10x_i2c.o(.text.I2C_DMACmd), (44 bytes).
    Removing stm32f10x_i2c.o(.ARM.exidx.text.I2C_DMACmd), (8 bytes).
    Removing stm32f10x_i2c.o(.text.I2C_DMALastTransferCmd), (44 bytes).
    Removing stm32f10x_i2c.o(.ARM.exidx.text.I2C_DMALastTransferCmd), (8 bytes).
    Removing stm32f10x_i2c.o(.text.I2C_GenerateSTART), (44 bytes).
    Removing stm32f10x_i2c.o(.ARM.exidx.text.I2C_GenerateSTART), (8 bytes).
    Removing stm32f10x_i2c.o(.text.I2C_GenerateSTOP), (44 bytes).
    Removing stm32f10x_i2c.o(.ARM.exidx.text.I2C_GenerateSTOP), (8 bytes).
    Removing stm32f10x_i2c.o(.text.I2C_AcknowledgeConfig), (44 bytes).
    Removing stm32f10x_i2c.o(.ARM.exidx.text.I2C_AcknowledgeConfig), (8 bytes).
    Removing stm32f10x_i2c.o(.text.I2C_OwnAddress2Config), (64 bytes).
    Removing stm32f10x_i2c.o(.ARM.exidx.text.I2C_OwnAddress2Config), (8 bytes).
    Removing stm32f10x_i2c.o(.text.I2C_DualAddressCmd), (44 bytes).
    Removing stm32f10x_i2c.o(.ARM.exidx.text.I2C_DualAddressCmd), (8 bytes).
    Removing stm32f10x_i2c.o(.text.I2C_GeneralCallCmd), (44 bytes).
    Removing stm32f10x_i2c.o(.ARM.exidx.text.I2C_GeneralCallCmd), (8 bytes).
    Removing stm32f10x_i2c.o(.text.I2C_ITConfig), (52 bytes).
    Removing stm32f10x_i2c.o(.ARM.exidx.text.I2C_ITConfig), (8 bytes).
    Removing stm32f10x_i2c.o(.text.I2C_SendData), (20 bytes).
    Removing stm32f10x_i2c.o(.ARM.exidx.text.I2C_SendData), (8 bytes).
    Removing stm32f10x_i2c.o(.text.I2C_ReceiveData), (14 bytes).
    Removing stm32f10x_i2c.o(.ARM.exidx.text.I2C_ReceiveData), (8 bytes).
    Removing stm32f10x_i2c.o(.text.I2C_Send7bitAddress), (60 bytes).
    Removing stm32f10x_i2c.o(.ARM.exidx.text.I2C_Send7bitAddress), (8 bytes).
    Removing stm32f10x_i2c.o(.text.I2C_ReadRegister), (34 bytes).
    Removing stm32f10x_i2c.o(.ARM.exidx.text.I2C_ReadRegister), (8 bytes).
    Removing stm32f10x_i2c.o(.text.I2C_SoftwareResetCmd), (44 bytes).
    Removing stm32f10x_i2c.o(.ARM.exidx.text.I2C_SoftwareResetCmd), (8 bytes).
    Removing stm32f10x_i2c.o(.text.I2C_NACKPositionConfig), (48 bytes).
    Removing stm32f10x_i2c.o(.ARM.exidx.text.I2C_NACKPositionConfig), (8 bytes).
    Removing stm32f10x_i2c.o(.text.I2C_SMBusAlertConfig), (48 bytes).
    Removing stm32f10x_i2c.o(.ARM.exidx.text.I2C_SMBusAlertConfig), (8 bytes).
    Removing stm32f10x_i2c.o(.text.I2C_TransmitPEC), (44 bytes).
    Removing stm32f10x_i2c.o(.ARM.exidx.text.I2C_TransmitPEC), (8 bytes).
    Removing stm32f10x_i2c.o(.text.I2C_PECPositionConfig), (48 bytes).
    Removing stm32f10x_i2c.o(.ARM.exidx.text.I2C_PECPositionConfig), (8 bytes).
    Removing stm32f10x_i2c.o(.text.I2C_CalculatePEC), (44 bytes).
    Removing stm32f10x_i2c.o(.ARM.exidx.text.I2C_CalculatePEC), (8 bytes).
    Removing stm32f10x_i2c.o(.text.I2C_GetPEC), (14 bytes).
    Removing stm32f10x_i2c.o(.ARM.exidx.text.I2C_GetPEC), (8 bytes).
    Removing stm32f10x_i2c.o(.text.I2C_ARPCmd), (44 bytes).
    Removing stm32f10x_i2c.o(.ARM.exidx.text.I2C_ARPCmd), (8 bytes).
    Removing stm32f10x_i2c.o(.text.I2C_StretchClockCmd), (44 bytes).
    Removing stm32f10x_i2c.o(.ARM.exidx.text.I2C_StretchClockCmd), (8 bytes).
    Removing stm32f10x_i2c.o(.text.I2C_FastModeDutyCycleConfig), (48 bytes).
    Removing stm32f10x_i2c.o(.ARM.exidx.text.I2C_FastModeDutyCycleConfig), (8 bytes).
    Removing stm32f10x_i2c.o(.text.I2C_CheckEvent), (84 bytes).
    Removing stm32f10x_i2c.o(.ARM.exidx.text.I2C_CheckEvent), (8 bytes).
    Removing stm32f10x_i2c.o(.text.I2C_GetLastEvent), (48 bytes).
    Removing stm32f10x_i2c.o(.ARM.exidx.text.I2C_GetLastEvent), (8 bytes).
    Removing stm32f10x_i2c.o(.text.I2C_GetFlagStatus), (98 bytes).
    Removing stm32f10x_i2c.o(.ARM.exidx.text.I2C_GetFlagStatus), (8 bytes).
    Removing stm32f10x_i2c.o(.text.I2C_ClearFlag), (30 bytes).
    Removing stm32f10x_i2c.o(.ARM.exidx.text.I2C_ClearFlag), (8 bytes).
    Removing stm32f10x_i2c.o(.text.I2C_GetITStatus), (80 bytes).
    Removing stm32f10x_i2c.o(.ARM.exidx.text.I2C_GetITStatus), (8 bytes).
    Removing stm32f10x_i2c.o(.text.I2C_ClearITPendingBit), (30 bytes).
    Removing stm32f10x_i2c.o(.ARM.exidx.text.I2C_ClearITPendingBit), (8 bytes).
    Removing stm32f10x_rcc.o(.text), (0 bytes).
    Removing stm32f10x_rcc.o(.text.RCC_DeInit), (82 bytes).
    Removing stm32f10x_rcc.o(.ARM.exidx.text.RCC_DeInit), (8 bytes).
    Removing stm32f10x_rcc.o(.text.RCC_HSEConfig), (92 bytes).
    Removing stm32f10x_rcc.o(.ARM.exidx.text.RCC_HSEConfig), (8 bytes).
    Removing stm32f10x_rcc.o(.text.RCC_WaitForHSEStartUp), (108 bytes).
    Removing stm32f10x_rcc.o(.ARM.exidx.text.RCC_WaitForHSEStartUp), (8 bytes).
    Removing stm32f10x_rcc.o(.text.RCC_GetFlagStatus), (130 bytes).
    Removing stm32f10x_rcc.o(.ARM.exidx.text.RCC_GetFlagStatus), (8 bytes).
    Removing stm32f10x_rcc.o(.text.RCC_AdjustHSICalibrationValue), (50 bytes).
    Removing stm32f10x_rcc.o(.ARM.exidx.text.RCC_AdjustHSICalibrationValue), (8 bytes).
    Removing stm32f10x_rcc.o(.text.RCC_HSICmd), (22 bytes).
    Removing stm32f10x_rcc.o(.ARM.exidx.text.RCC_HSICmd), (8 bytes).
    Removing stm32f10x_rcc.o(.text.RCC_PLLConfig), (50 bytes).
    Removing stm32f10x_rcc.o(.ARM.exidx.text.RCC_PLLConfig), (8 bytes).
    Removing stm32f10x_rcc.o(.text.RCC_PLLCmd), (22 bytes).
    Removing stm32f10x_rcc.o(.ARM.exidx.text.RCC_PLLCmd), (8 bytes).
    Removing stm32f10x_rcc.o(.text.RCC_SYSCLKConfig), (44 bytes).
    Removing stm32f10x_rcc.o(.ARM.exidx.text.RCC_SYSCLKConfig), (8 bytes).
    Removing stm32f10x_rcc.o(.text.RCC_GetSYSCLKSource), (16 bytes).
    Removing stm32f10x_rcc.o(.ARM.exidx.text.RCC_GetSYSCLKSource), (8 bytes).
    Removing stm32f10x_rcc.o(.text.RCC_HCLKConfig), (44 bytes).
    Removing stm32f10x_rcc.o(.ARM.exidx.text.RCC_HCLKConfig), (8 bytes).
    Removing stm32f10x_rcc.o(.text.RCC_PCLK1Config), (44 bytes).
    Removing stm32f10x_rcc.o(.ARM.exidx.text.RCC_PCLK1Config), (8 bytes).
    Removing stm32f10x_rcc.o(.text.RCC_PCLK2Config), (46 bytes).
    Removing stm32f10x_rcc.o(.ARM.exidx.text.RCC_PCLK2Config), (8 bytes).
    Removing stm32f10x_rcc.o(.text.RCC_ITConfig), (62 bytes).
    Removing stm32f10x_rcc.o(.ARM.exidx.text.RCC_ITConfig), (8 bytes).
    Removing stm32f10x_rcc.o(.text.RCC_USBCLKConfig), (18 bytes).
    Removing stm32f10x_rcc.o(.ARM.exidx.text.RCC_USBCLKConfig), (8 bytes).
    Removing stm32f10x_rcc.o(.text.RCC_ADCCLKConfig), (44 bytes).
    Removing stm32f10x_rcc.o(.ARM.exidx.text.RCC_ADCCLKConfig), (8 bytes).
    Removing stm32f10x_rcc.o(.text.RCC_LSEConfig), (76 bytes).
    Removing stm32f10x_rcc.o(.ARM.exidx.text.RCC_LSEConfig), (8 bytes).
    Removing stm32f10x_rcc.o(.text.RCC_LSICmd), (24 bytes).
    Removing stm32f10x_rcc.o(.ARM.exidx.text.RCC_LSICmd), (8 bytes).
    Removing stm32f10x_rcc.o(.text.RCC_RTCCLKConfig), (24 bytes).
    Removing stm32f10x_rcc.o(.ARM.exidx.text.RCC_RTCCLKConfig), (8 bytes).
    Removing stm32f10x_rcc.o(.text.RCC_RTCCLKCmd), (24 bytes).
    Removing stm32f10x_rcc.o(.ARM.exidx.text.RCC_RTCCLKCmd), (8 bytes).
    Removing stm32f10x_rcc.o(.ARM.exidx.text.RCC_GetClocksFreq), (8 bytes).
    Removing stm32f10x_rcc.o(.text.RCC_AHBPeriphClockCmd), (56 bytes).
    Removing stm32f10x_rcc.o(.ARM.exidx.text.RCC_AHBPeriphClockCmd), (8 bytes).
    Removing stm32f10x_rcc.o(.ARM.exidx.text.RCC_APB2PeriphClockCmd), (8 bytes).
    Removing stm32f10x_rcc.o(.text.RCC_APB1PeriphClockCmd), (56 bytes).
    Removing stm32f10x_rcc.o(.ARM.exidx.text.RCC_APB1PeriphClockCmd), (8 bytes).
    Removing stm32f10x_rcc.o(.text.RCC_APB2PeriphResetCmd), (56 bytes).
    Removing stm32f10x_rcc.o(.ARM.exidx.text.RCC_APB2PeriphResetCmd), (8 bytes).
    Removing stm32f10x_rcc.o(.text.RCC_APB1PeriphResetCmd), (56 bytes).
    Removing stm32f10x_rcc.o(.ARM.exidx.text.RCC_APB1PeriphResetCmd), (8 bytes).
    Removing stm32f10x_rcc.o(.text.RCC_BackupResetCmd), (24 bytes).
    Removing stm32f10x_rcc.o(.ARM.exidx.text.RCC_BackupResetCmd), (8 bytes).
    Removing stm32f10x_rcc.o(.text.RCC_ClockSecuritySystemCmd), (22 bytes).
    Removing stm32f10x_rcc.o(.ARM.exidx.text.RCC_ClockSecuritySystemCmd), (8 bytes).
    Removing stm32f10x_rcc.o(.text.RCC_MCOConfig), (24 bytes).
    Removing stm32f10x_rcc.o(.ARM.exidx.text.RCC_MCOConfig), (8 bytes).
    Removing stm32f10x_rcc.o(.text.RCC_ClearFlag), (18 bytes).
    Removing stm32f10x_rcc.o(.ARM.exidx.text.RCC_ClearFlag), (8 bytes).
    Removing stm32f10x_rcc.o(.text.RCC_GetITStatus), (56 bytes).
    Removing stm32f10x_rcc.o(.ARM.exidx.text.RCC_GetITStatus), (8 bytes).
    Removing stm32f10x_rcc.o(.text.RCC_ClearITPendingBit), (24 bytes).
    Removing stm32f10x_rcc.o(.ARM.exidx.text.RCC_ClearITPendingBit), (8 bytes).
    Removing stm32f10x_usart.o(.text), (0 bytes).
    Removing stm32f10x_usart.o(.text.USART_DeInit), (208 bytes).
    Removing stm32f10x_usart.o(.ARM.exidx.text.USART_DeInit), (8 bytes).
    Removing stm32f10x_usart.o(.ARM.exidx.text.USART_Init), (8 bytes).
    Removing stm32f10x_usart.o(.text.USART_StructInit), (40 bytes).
    Removing stm32f10x_usart.o(.ARM.exidx.text.USART_StructInit), (8 bytes).
    Removing stm32f10x_usart.o(.text.USART_ClockInit), (58 bytes).
    Removing stm32f10x_usart.o(.ARM.exidx.text.USART_ClockInit), (8 bytes).
    Removing stm32f10x_usart.o(.text.USART_ClockStructInit), (26 bytes).
    Removing stm32f10x_usart.o(.ARM.exidx.text.USART_ClockStructInit), (8 bytes).
    Removing stm32f10x_usart.o(.ARM.exidx.text.USART_Cmd), (8 bytes).
    Removing stm32f10x_usart.o(.text.USART_ITConfig), (146 bytes).
    Removing stm32f10x_usart.o(.ARM.exidx.text.USART_ITConfig), (8 bytes).
    Removing stm32f10x_usart.o(.text.USART_DMACmd), (52 bytes).
    Removing stm32f10x_usart.o(.ARM.exidx.text.USART_DMACmd), (8 bytes).
    Removing stm32f10x_usart.o(.text.USART_SetAddress), (34 bytes).
    Removing stm32f10x_usart.o(.ARM.exidx.text.USART_SetAddress), (8 bytes).
    Removing stm32f10x_usart.o(.text.USART_WakeUpConfig), (34 bytes).
    Removing stm32f10x_usart.o(.ARM.exidx.text.USART_WakeUpConfig), (8 bytes).
    Removing stm32f10x_usart.o(.text.USART_ReceiverWakeUpCmd), (44 bytes).
    Removing stm32f10x_usart.o(.ARM.exidx.text.USART_ReceiverWakeUpCmd), (8 bytes).
    Removing stm32f10x_usart.o(.text.USART_LINBreakDetectLengthConfig), (34 bytes).
    Removing stm32f10x_usart.o(.ARM.exidx.text.USART_LINBreakDetectLengthConfig), (8 bytes).
    Removing stm32f10x_usart.o(.text.USART_LINCmd), (44 bytes).
    Removing stm32f10x_usart.o(.ARM.exidx.text.USART_LINCmd), (8 bytes).
    Removing stm32f10x_usart.o(.ARM.exidx.text.USART_SendData), (8 bytes).
    Removing stm32f10x_usart.o(.text.USART_ReceiveData), (16 bytes).
    Removing stm32f10x_usart.o(.ARM.exidx.text.USART_ReceiveData), (8 bytes).
    Removing stm32f10x_usart.o(.text.USART_SendBreak), (18 bytes).
    Removing stm32f10x_usart.o(.ARM.exidx.text.USART_SendBreak), (8 bytes).
    Removing stm32f10x_usart.o(.text.USART_SetGuardTime), (34 bytes).
    Removing stm32f10x_usart.o(.ARM.exidx.text.USART_SetGuardTime), (8 bytes).
    Removing stm32f10x_usart.o(.text.USART_SetPrescaler), (34 bytes).
    Removing stm32f10x_usart.o(.ARM.exidx.text.USART_SetPrescaler), (8 bytes).
    Removing stm32f10x_usart.o(.text.USART_SmartCardCmd), (44 bytes).
    Removing stm32f10x_usart.o(.ARM.exidx.text.USART_SmartCardCmd), (8 bytes).
    Removing stm32f10x_usart.o(.text.USART_SmartCardNACKCmd), (44 bytes).
    Removing stm32f10x_usart.o(.ARM.exidx.text.USART_SmartCardNACKCmd), (8 bytes).
    Removing stm32f10x_usart.o(.text.USART_HalfDuplexCmd), (44 bytes).
    Removing stm32f10x_usart.o(.ARM.exidx.text.USART_HalfDuplexCmd), (8 bytes).
    Removing stm32f10x_usart.o(.text.USART_OverSampling8Cmd), (44 bytes).
    Removing stm32f10x_usart.o(.ARM.exidx.text.USART_OverSampling8Cmd), (8 bytes).
    Removing stm32f10x_usart.o(.text.USART_OneBitMethodCmd), (44 bytes).
    Removing stm32f10x_usart.o(.ARM.exidx.text.USART_OneBitMethodCmd), (8 bytes).
    Removing stm32f10x_usart.o(.text.USART_IrDAConfig), (34 bytes).
    Removing stm32f10x_usart.o(.ARM.exidx.text.USART_IrDAConfig), (8 bytes).
    Removing stm32f10x_usart.o(.text.USART_IrDACmd), (44 bytes).
    Removing stm32f10x_usart.o(.ARM.exidx.text.USART_IrDACmd), (8 bytes).
    Removing stm32f10x_usart.o(.ARM.exidx.text.USART_GetFlagStatus), (8 bytes).
    Removing stm32f10x_usart.o(.text.USART_ClearFlag), (36 bytes).
    Removing stm32f10x_usart.o(.ARM.exidx.text.USART_ClearFlag), (8 bytes).
    Removing stm32f10x_usart.o(.text.USART_GetITStatus), (176 bytes).
    Removing stm32f10x_usart.o(.ARM.exidx.text.USART_GetITStatus), (8 bytes).
    Removing stm32f10x_usart.o(.text.USART_ClearITPendingBit), (68 bytes).
    Removing stm32f10x_usart.o(.ARM.exidx.text.USART_ClearITPendingBit), (8 bytes).
    Removing startup_stm32f10x_md.o(HEAP), (512 bytes).
    Removing system_stm32f10x.o(.text), (0 bytes).
    Removing system_stm32f10x.o(.ARM.exidx.text.SystemInit), (8 bytes).
    Removing system_stm32f10x.o(.ARM.exidx.text.SetSysClock), (8 bytes).
    Removing system_stm32f10x.o(.text.SystemCoreClockUpdate), (290 bytes).
    Removing system_stm32f10x.o(.ARM.exidx.text.SystemCoreClockUpdate), (8 bytes).
    Removing system_stm32f10x.o(.ARM.exidx.text.SetSysClockTo72), (8 bytes).
    Removing system_stm32f10x.o(.rodata.AHBPrescTable), (16 bytes).

262 unused section(s) (total 7978 bytes) removed from the image.

==============================================================================

Image Symbol Table

    Local Symbols

    Symbol Name                              Value     Ov Type        Size  Object(Section)

    ../clib/division.s                       0x00000000   Number         0  aeabi_sdiv.o ABSOLUTE
    ../clib/microlib/division.c              0x00000000   Number         0  uidiv.o ABSOLUTE
    ../clib/microlib/division.c              0x00000000   Number         0  uldiv.o ABSOLUTE
    ../clib/microlib/init/entry.s            0x00000000   Number         0  entry.o ABSOLUTE
    ../clib/microlib/init/entry.s            0x00000000   Number         0  entry2.o ABSOLUTE
    ../clib/microlib/init/entry.s            0x00000000   Number         0  entry5.o ABSOLUTE
    ../clib/microlib/init/entry.s            0x00000000   Number         0  entry7a.o ABSOLUTE
    ../clib/microlib/init/entry.s            0x00000000   Number         0  entry7b.o ABSOLUTE
    ../clib/microlib/init/entry.s            0x00000000   Number         0  entry8a.o ABSOLUTE
    ../clib/microlib/init/entry.s            0x00000000   Number         0  entry8b.o ABSOLUTE
    ../clib/microlib/init/entry.s            0x00000000   Number         0  entry9a.o ABSOLUTE
    ../clib/microlib/init/entry.s            0x00000000   Number         0  entry9b.o ABSOLUTE
    ../clib/microlib/init/entry.s            0x00000000   Number         0  entry10a.o ABSOLUTE
    ../clib/microlib/init/entry.s            0x00000000   Number         0  entry10b.o ABSOLUTE
    ../clib/microlib/init/entry.s            0x00000000   Number         0  entry11a.o ABSOLUTE
    ../clib/microlib/init/entry.s            0x00000000   Number         0  entry11b.o ABSOLUTE
    ../clib/microlib/longlong.c              0x00000000   Number         0  llshl.o ABSOLUTE
    ../clib/microlib/longlong.c              0x00000000   Number         0  llushr.o ABSOLUTE
    ../clib/microlib/longlong.c              0x00000000   Number         0  llsshr.o ABSOLUTE
    ../clib/microlib/printf/printf.c         0x00000000   Number         0  printfa.o ABSOLUTE
    ../clib/microlib/stdio/streams.c         0x00000000   Number         0  stdout.o ABSOLUTE
    ../clib/microlib/stubs.s                 0x00000000   Number         0  iusefp.o ABSOLUTE
    ../fplib/microlib/f2d.c                  0x00000000   Number         0  f2d.o ABSOLUTE
    ../fplib/microlib/fpadd.c                0x00000000   Number         0  fadd.o ABSOLUTE
    ../fplib/microlib/fpadd.c                0x00000000   Number         0  dadd.o ABSOLUTE
    ../fplib/microlib/fpcmp.c                0x00000000   Number         0  fcmple.o ABSOLUTE
    ../fplib/microlib/fpcmp.c                0x00000000   Number         0  fcmplt.o ABSOLUTE
    ../fplib/microlib/fpcmp.c                0x00000000   Number         0  fcmpge.o ABSOLUTE
    ../fplib/microlib/fpcmp.c                0x00000000   Number         0  fcmpgt.o ABSOLUTE
    ../fplib/microlib/fpcmp.c                0x00000000   Number         0  fcmpeq.o ABSOLUTE
    ../fplib/microlib/fpdiv.c                0x00000000   Number         0  ddiv.o ABSOLUTE
    ../fplib/microlib/fpepilogue.c           0x00000000   Number         0  fepilogue.o ABSOLUTE
    ../fplib/microlib/fpepilogue.c           0x00000000   Number         0  depilogue.o ABSOLUTE
    ../fplib/microlib/fpfix.c                0x00000000   Number         0  dfixul.o ABSOLUTE
    ../fplib/microlib/fpflt.c                0x00000000   Number         0  fflti.o ABSOLUTE
    ../fplib/microlib/fpflt.c                0x00000000   Number         0  ffltui.o ABSOLUTE
    ../fplib/microlib/fpmul.c                0x00000000   Number         0  fmul.o ABSOLUTE
    ../fplib/microlib/fpmul.c                0x00000000   Number         0  dmul.o ABSOLUTE
    RTE/Device/STM32F103C8/startup_stm32f10x_md.s 0x00000000   Number         0  startup_stm32f10x_md.o ABSOLUTE
    cdrcmple.s                               0x00000000   Number         0  cdrcmple.o ABSOLUTE
    dc.s                                     0x00000000   Number         0  dc.o ABSOLUTE
    delay.c                                  0x00000000   Number         0  delay.o ABSOLUTE
    handlers.s                               0x00000000   Number         0  handlers.o ABSOLUTE
    init.s                                   0x00000000   Number         0  init.o ABSOLUTE
    main.c                                   0x00000000   Number         0  main.o ABSOLUTE
    misc.c                                   0x00000000   Number         0  misc.o ABSOLUTE
    opt3001.c                                0x00000000   Number         0  opt3001.o ABSOLUTE
    stm32f10x_gpio.c                         0x00000000   Number         0  stm32f10x_gpio.o ABSOLUTE
    stm32f10x_i2c.c                          0x00000000   Number         0  stm32f10x_i2c.o ABSOLUTE
    stm32f10x_rcc.c                          0x00000000   Number         0  stm32f10x_rcc.o ABSOLUTE
    stm32f10x_usart.c                        0x00000000   Number         0  stm32f10x_usart.o ABSOLUTE
    system_stm32f10x.c                       0x00000000   Number         0  system_stm32f10x.o ABSOLUTE
    RESET                                    0x08000000   Section      236  startup_stm32f10x_md.o(RESET)
    .ARM.Collect$$$$00000000                 0x080000ec   Section        0  entry.o(.ARM.Collect$$$$00000000)
    .ARM.Collect$$$$00000001                 0x080000ec   Section        4  entry2.o(.ARM.Collect$$$$00000001)
    .ARM.Collect$$$$00000004                 0x080000f0   Section        4  entry5.o(.ARM.Collect$$$$00000004)
    .ARM.Collect$$$$00000008                 0x080000f4   Section        0  entry7b.o(.ARM.Collect$$$$00000008)
    .ARM.Collect$$$$0000000A                 0x080000f4   Section        0  entry8b.o(.ARM.Collect$$$$0000000A)
    .ARM.Collect$$$$0000000B                 0x080000f4   Section        8  entry9a.o(.ARM.Collect$$$$0000000B)
    __lit__00000000                          0x080000fc   Data           4  entry2.o(.ARM.Collect$$$$00002712)
    .ARM.Collect$$$$0000000D                 0x080000fc   Section        0  entry10a.o(.ARM.Collect$$$$0000000D)
    .ARM.Collect$$$$0000000F                 0x080000fc   Section        0  entry11a.o(.ARM.Collect$$$$0000000F)
    .ARM.Collect$$$$00002712                 0x080000fc   Section        4  entry2.o(.ARM.Collect$$$$00002712)
    .text                                    0x08000100   Section       36  startup_stm32f10x_md.o(.text)
    .text                                    0x08000124   Section        0  fadd.o(.text)
    .text                                    0x080001d4   Section        0  fmul.o(.text)
    .text                                    0x08000238   Section        0  fcmple.o(.text)
    .text                                    0x08000254   Section        0  fcmplt.o(.text)
    .text                                    0x08000270   Section        0  fcmpge.o(.text)
    .text                                    0x0800028c   Section        0  fcmpgt.o(.text)
    .text                                    0x080002a8   Section        0  fcmpeq.o(.text)
    .text                                    0x080002c4   Section        0  fflti.o(.text)
    .text                                    0x080002d6   Section        0  ffltui.o(.text)
    .text                                    0x080002e0   Section        0  f2d.o(.text)
    .text                                    0x08000306   Section        0  uidiv.o(.text)
    .text                                    0x08000332   Section        0  uldiv.o(.text)
    .text                                    0x08000394   Section        0  iusefp.o(.text)
    .text                                    0x08000394   Section        0  fepilogue.o(.text)
    .text                                    0x08000402   Section        0  dadd.o(.text)
    .text                                    0x08000550   Section        0  dmul.o(.text)
    .text                                    0x08000634   Section        0  ddiv.o(.text)
    .text                                    0x08000712   Section        0  dfixul.o(.text)
    .text                                    0x08000744   Section       48  cdrcmple.o(.text)
    .text                                    0x08000774   Section       48  init.o(.text)
    .text                                    0x080007a4   Section        0  llshl.o(.text)
    .text                                    0x080007c2   Section        0  llushr.o(.text)
    .text                                    0x080007e2   Section        0  llsshr.o(.text)
    .text                                    0x08000806   Section        0  depilogue.o(.text)
    [Anonymous Symbol]                       0x080008c0   Section        0  delay.o(.text.Delay_ms)
    [Anonymous Symbol]                       0x0800094c   Section        0  delay.o(.text.Delay_us)
    [Anonymous Symbol]                       0x080009d8   Section        0  stm32f10x_gpio.o(.text.GPIO_Init)
    [Anonymous Symbol]                       0x08000b60   Section        0  stm32f10x_gpio.o(.text.GPIO_ReadInputDataBit)
    [Anonymous Symbol]                       0x08000b94   Section        0  stm32f10x_gpio.o(.text.GPIO_ResetBits)
    [Anonymous Symbol]                       0x08000ba8   Section        0  stm32f10x_gpio.o(.text.GPIO_SetBits)
    [Anonymous Symbol]                       0x08000bbc   Section        0  main.o(.text.I2C_Scan_Test)
    OPT3001_DelayUs                          0x08000c31   Thumb Code    18  opt3001.o(.text.OPT3001_DelayUs)
    [Anonymous Symbol]                       0x08000c30   Section        0  opt3001.o(.text.OPT3001_DelayUs)
    [Anonymous Symbol]                       0x08000c44   Section        0  opt3001.o(.text.OPT3001_GetStatus)
    [Anonymous Symbol]                       0x08000c50   Section        0  opt3001.o(.text.OPT3001_IIC_Init)
    [Anonymous Symbol]                       0x08000c94   Section        0  opt3001.o(.text.OPT3001_IIC_ReceiveByte)
    [Anonymous Symbol]                       0x08000d5c   Section        0  opt3001.o(.text.OPT3001_IIC_SendAck)
    [Anonymous Symbol]                       0x08000dd0   Section        0  opt3001.o(.text.OPT3001_IIC_SendByte)
    [Anonymous Symbol]                       0x08000e70   Section        0  opt3001.o(.text.OPT3001_IIC_Start)
    [Anonymous Symbol]                       0x08000eb4   Section        0  opt3001.o(.text.OPT3001_IIC_Stop)
    [Anonymous Symbol]                       0x08000eec   Section        0  opt3001.o(.text.OPT3001_IIC_WaitAck)
    [Anonymous Symbol]                       0x08000fb8   Section        0  opt3001.o(.text.OPT3001_Init)
    [Anonymous Symbol]                       0x08001024   Section        0  opt3001.o(.text.OPT3001_ReadLux)
    [Anonymous Symbol]                       0x08001098   Section        0  opt3001.o(.text.OPT3001_ReadLux_WithFilter)
    [Anonymous Symbol]                       0x080011d8   Section        0  opt3001.o(.text.OPT3001_ReadReg)
    OPT3001_SlidingMedianFilter              0x0800126d   Thumb Code   250  opt3001.o(.text.OPT3001_SlidingMedianFilter)
    [Anonymous Symbol]                       0x0800126c   Section        0  opt3001.o(.text.OPT3001_SlidingMedianFilter)
    [Anonymous Symbol]                       0x08001368   Section        0  opt3001.o(.text.OPT3001_WriteReg)
    [Anonymous Symbol]                       0x080013ec   Section        0  stm32f10x_rcc.o(.text.RCC_APB2PeriphClockCmd)
    [Anonymous Symbol]                       0x08001424   Section        0  stm32f10x_rcc.o(.text.RCC_GetClocksFreq)
    SetSysClock                              0x08001599   Thumb Code     8  system_stm32f10x.o(.text.SetSysClock)
    [Anonymous Symbol]                       0x08001598   Section        0  system_stm32f10x.o(.text.SetSysClock)
    SetSysClockTo72                          0x080015a1   Thumb Code   290  system_stm32f10x.o(.text.SetSysClockTo72)
    [Anonymous Symbol]                       0x080015a0   Section        0  system_stm32f10x.o(.text.SetSysClockTo72)
    [Anonymous Symbol]                       0x080016c4   Section        0  misc.o(.text.SysTick_CLKSourceConfig)
    [Anonymous Symbol]                       0x080016f8   Section        0  delay.o(.text.SysTick_Init)
    [Anonymous Symbol]                       0x08001738   Section        0  system_stm32f10x.o(.text.SystemInit)
    [Anonymous Symbol]                       0x080017a0   Section        0  main.o(.text.USART1_Init)
    [Anonymous Symbol]                       0x08001828   Section        0  stm32f10x_usart.o(.text.USART_Cmd)
    [Anonymous Symbol]                       0x08001854   Section        0  stm32f10x_usart.o(.text.USART_GetFlagStatus)
    [Anonymous Symbol]                       0x08001898   Section        0  stm32f10x_usart.o(.text.USART_Init)
    [Anonymous Symbol]                       0x080019f4   Section        0  stm32f10x_usart.o(.text.USART_SendData)
    [Anonymous Symbol]                       0x08001a0c   Section        0  main.o(.text.fputc)
    [Anonymous Symbol]                       0x08001a40   Section        0  main.o(.text.main)
    i.__0printf                              0x08001b34   Section        0  printfa.o(i.__0printf)
    i.__scatterload_copy                     0x08001b54   Section       14  handlers.o(i.__scatterload_copy)
    i.__scatterload_null                     0x08001b62   Section        2  handlers.o(i.__scatterload_null)
    i.__scatterload_zeroinit                 0x08001b64   Section       14  handlers.o(i.__scatterload_zeroinit)
    _fp_digits                               0x08001b75   Thumb Code   366  printfa.o(i._fp_digits)
    i._fp_digits                             0x08001b74   Section        0  printfa.o(i._fp_digits)
    _printf_core                             0x08001cf9   Thumb Code  1744  printfa.o(i._printf_core)
    i._printf_core                           0x08001cf8   Section        0  printfa.o(i._printf_core)
    _printf_post_padding                     0x080023d5   Thumb Code    36  printfa.o(i._printf_post_padding)
    i._printf_post_padding                   0x080023d4   Section        0  printfa.o(i._printf_post_padding)
    _printf_pre_padding                      0x080023f9   Thumb Code    46  printfa.o(i._printf_pre_padding)
    i._printf_pre_padding                    0x080023f8   Section        0  printfa.o(i._printf_pre_padding)
    ADCPrescTable                            0x08002426   Data           4  stm32f10x_rcc.o(.rodata.ADCPrescTable)
    [Anonymous Symbol]                       0x08002426   Section        0  stm32f10x_rcc.o(.rodata.ADCPrescTable)
    APBAHBPrescTable                         0x0800242a   Data          16  stm32f10x_rcc.o(.rodata.APBAHBPrescTable)
    [Anonymous Symbol]                       0x0800242a   Section        0  stm32f10x_rcc.o(.rodata.APBAHBPrescTable)
    .L.str                                   0x0800243a   Data          36  main.o(.rodata.str1.1)
    [Anonymous Symbol]                       0x0800243a   Section        0  main.o(.rodata.str1.1)
    .L.str.2                                 0x0800245e   Data          23  main.o(.rodata.str1.1)
    .L.str.1                                 0x08002475   Data          47  main.o(.rodata.str1.1)
    .L.str.3                                 0x080024a4   Data          28  main.o(.rodata.str1.1)
    .L.str.4                                 0x080024c0   Data          28  main.o(.rodata.str1.1)
    .L.str.7                                 0x080024dc   Data          50  main.o(.rodata.str1.1)
    .L.str.8                                 0x0800250e   Data          50  main.o(.rodata.str1.1)
    .L.str.6                                 0x08002540   Data          50  main.o(.rodata.str1.1)
    .L.str.5                                 0x08002572   Data          44  main.o(.rodata.str1.1)
    .data                                    0x20000000   Section        4  stdout.o(.data)
    fac_ms                                   0x20000008   Data           2  delay.o(.bss.fac_ms)
    [Anonymous Symbol]                       0x20000008   Section        0  delay.o(.bss.fac_ms)
    fac_us                                   0x2000000a   Data           1  delay.o(.bss.fac_us)
    [Anonymous Symbol]                       0x2000000a   Section        0  delay.o(.bss.fac_us)
    filter_window                            0x2000000c   Data          12  opt3001.o(.bss.filter_window)
    [Anonymous Symbol]                       0x2000000c   Section        0  opt3001.o(.bss.filter_window)
    last_valid_lux                           0x20000018   Data           4  opt3001.o(.bss.last_valid_lux)
    [Anonymous Symbol]                       0x20000018   Section        0  opt3001.o(.bss.last_valid_lux)
    opt3001_status                           0x20000020   Data           1  opt3001.o(.bss.opt3001_status)
    [Anonymous Symbol]                       0x20000020   Section        0  opt3001.o(.bss.opt3001_status)
    window_index                             0x20000021   Data           1  opt3001.o(.bss.window_index)
    [Anonymous Symbol]                       0x20000021   Section        0  opt3001.o(.bss.window_index)
    STACK                                    0x20000028   Section     1024  startup_stm32f10x_md.o(STACK)

    Global Symbols

    Symbol Name                              Value     Ov Type        Size  Object(Section)

    BuildAttributes$$THM_ISAv4$P$D$K$B$S$PE$A:L22UL41UL21$X:L11$S22US41US21$IEEE1$IW$~IW$USESV6$~STKCKD$USESV7$~SHL$OTIME$ROPI$EBA8$MICROLIB$REQ8$PRES8$EABIv2 0x00000000   Number         0  anon$$obj.o ABSOLUTE
    __cpp_initialize__aeabi_                  - Undefined Weak Reference
    __cxa_finalize                            - Undefined Weak Reference
    __decompress                              - Undefined Weak Reference
    _clock_init                               - Undefined Weak Reference
    _microlib_exit                            - Undefined Weak Reference
    __Vectors_Size                           0x000000ec   Number         0  startup_stm32f10x_md.o ABSOLUTE
    __Vectors                                0x08000000   Data           4  startup_stm32f10x_md.o(RESET)
    __Vectors_End                            0x080000ec   Data           0  startup_stm32f10x_md.o(RESET)
    __main                                   0x080000ed   Thumb Code     0  entry.o(.ARM.Collect$$$$00000000)
    _main_stk                                0x080000ed   Thumb Code     0  entry2.o(.ARM.Collect$$$$00000001)
    _main_scatterload                        0x080000f1   Thumb Code     0  entry5.o(.ARM.Collect$$$$00000004)
    __main_after_scatterload                 0x080000f5   Thumb Code     0  entry5.o(.ARM.Collect$$$$00000004)
    _main_clock                              0x080000f5   Thumb Code     0  entry7b.o(.ARM.Collect$$$$00000008)
    _main_cpp_init                           0x080000f5   Thumb Code     0  entry8b.o(.ARM.Collect$$$$0000000A)
    _main_init                               0x080000f5   Thumb Code     0  entry9a.o(.ARM.Collect$$$$0000000B)
    __rt_final_cpp                           0x080000fd   Thumb Code     0  entry10a.o(.ARM.Collect$$$$0000000D)
    __rt_final_exit                          0x080000fd   Thumb Code     0  entry11a.o(.ARM.Collect$$$$0000000F)
    Reset_Handler                            0x08000101   Thumb Code     8  startup_stm32f10x_md.o(.text)
    NMI_Handler                              0x08000109   Thumb Code     2  startup_stm32f10x_md.o(.text)
    HardFault_Handler                        0x0800010b   Thumb Code     2  startup_stm32f10x_md.o(.text)
    MemManage_Handler                        0x0800010d   Thumb Code     2  startup_stm32f10x_md.o(.text)
    BusFault_Handler                         0x0800010f   Thumb Code     2  startup_stm32f10x_md.o(.text)
    UsageFault_Handler                       0x08000111   Thumb Code     2  startup_stm32f10x_md.o(.text)
    SVC_Handler                              0x08000113   Thumb Code     2  startup_stm32f10x_md.o(.text)
    DebugMon_Handler                         0x08000115   Thumb Code     2  startup_stm32f10x_md.o(.text)
    PendSV_Handler                           0x08000117   Thumb Code     2  startup_stm32f10x_md.o(.text)
    SysTick_Handler                          0x08000119   Thumb Code     2  startup_stm32f10x_md.o(.text)
    ADC1_2_IRQHandler                        0x0800011b   Thumb Code     0  startup_stm32f10x_md.o(.text)
    CAN1_RX1_IRQHandler                      0x0800011b   Thumb Code     0  startup_stm32f10x_md.o(.text)
    CAN1_SCE_IRQHandler                      0x0800011b   Thumb Code     0  startup_stm32f10x_md.o(.text)
    DMA1_Channel1_IRQHandler                 0x0800011b   Thumb Code     0  startup_stm32f10x_md.o(.text)
    DMA1_Channel2_IRQHandler                 0x0800011b   Thumb Code     0  startup_stm32f10x_md.o(.text)
    DMA1_Channel3_IRQHandler                 0x0800011b   Thumb Code     0  startup_stm32f10x_md.o(.text)
    DMA1_Channel4_IRQHandler                 0x0800011b   Thumb Code     0  startup_stm32f10x_md.o(.text)
    DMA1_Channel5_IRQHandler                 0x0800011b   Thumb Code     0  startup_stm32f10x_md.o(.text)
    DMA1_Channel6_IRQHandler                 0x0800011b   Thumb Code     0  startup_stm32f10x_md.o(.text)
    DMA1_Channel7_IRQHandler                 0x0800011b   Thumb Code     0  startup_stm32f10x_md.o(.text)
    EXTI0_IRQHandler                         0x0800011b   Thumb Code     0  startup_stm32f10x_md.o(.text)
    EXTI15_10_IRQHandler                     0x0800011b   Thumb Code     0  startup_stm32f10x_md.o(.text)
    EXTI1_IRQHandler                         0x0800011b   Thumb Code     0  startup_stm32f10x_md.o(.text)
    EXTI2_IRQHandler                         0x0800011b   Thumb Code     0  startup_stm32f10x_md.o(.text)
    EXTI3_IRQHandler                         0x0800011b   Thumb Code     0  startup_stm32f10x_md.o(.text)
    EXTI4_IRQHandler                         0x0800011b   Thumb Code     0  startup_stm32f10x_md.o(.text)
    EXTI9_5_IRQHandler                       0x0800011b   Thumb Code     0  startup_stm32f10x_md.o(.text)
    FLASH_IRQHandler                         0x0800011b   Thumb Code     0  startup_stm32f10x_md.o(.text)
    I2C1_ER_IRQHandler                       0x0800011b   Thumb Code     0  startup_stm32f10x_md.o(.text)
    I2C1_EV_IRQHandler                       0x0800011b   Thumb Code     0  startup_stm32f10x_md.o(.text)
    I2C2_ER_IRQHandler                       0x0800011b   Thumb Code     0  startup_stm32f10x_md.o(.text)
    I2C2_EV_IRQHandler                       0x0800011b   Thumb Code     0  startup_stm32f10x_md.o(.text)
    PVD_IRQHandler                           0x0800011b   Thumb Code     0  startup_stm32f10x_md.o(.text)
    RCC_IRQHandler                           0x0800011b   Thumb Code     0  startup_stm32f10x_md.o(.text)
    RTCAlarm_IRQHandler                      0x0800011b   Thumb Code     0  startup_stm32f10x_md.o(.text)
    RTC_IRQHandler                           0x0800011b   Thumb Code     0  startup_stm32f10x_md.o(.text)
    SPI1_IRQHandler                          0x0800011b   Thumb Code     0  startup_stm32f10x_md.o(.text)
    SPI2_IRQHandler                          0x0800011b   Thumb Code     0  startup_stm32f10x_md.o(.text)
    TAMPER_IRQHandler                        0x0800011b   Thumb Code     0  startup_stm32f10x_md.o(.text)
    TIM1_BRK_IRQHandler                      0x0800011b   Thumb Code     0  startup_stm32f10x_md.o(.text)
    TIM1_CC_IRQHandler                       0x0800011b   Thumb Code     0  startup_stm32f10x_md.o(.text)
    TIM1_TRG_COM_IRQHandler                  0x0800011b   Thumb Code     0  startup_stm32f10x_md.o(.text)
    TIM1_UP_IRQHandler                       0x0800011b   Thumb Code     0  startup_stm32f10x_md.o(.text)
    TIM2_IRQHandler                          0x0800011b   Thumb Code     0  startup_stm32f10x_md.o(.text)
    TIM3_IRQHandler                          0x0800011b   Thumb Code     0  startup_stm32f10x_md.o(.text)
    TIM4_IRQHandler                          0x0800011b   Thumb Code     0  startup_stm32f10x_md.o(.text)
    USART1_IRQHandler                        0x0800011b   Thumb Code     0  startup_stm32f10x_md.o(.text)
    USART2_IRQHandler                        0x0800011b   Thumb Code     0  startup_stm32f10x_md.o(.text)
    USART3_IRQHandler                        0x0800011b   Thumb Code     0  startup_stm32f10x_md.o(.text)
    USBWakeUp_IRQHandler                     0x0800011b   Thumb Code     0  startup_stm32f10x_md.o(.text)
    USB_HP_CAN1_TX_IRQHandler                0x0800011b   Thumb Code     0  startup_stm32f10x_md.o(.text)
    USB_LP_CAN1_RX0_IRQHandler               0x0800011b   Thumb Code     0  startup_stm32f10x_md.o(.text)
    WWDG_IRQHandler                          0x0800011b   Thumb Code     0  startup_stm32f10x_md.o(.text)
    __aeabi_fadd                             0x08000125   Thumb Code   164  fadd.o(.text)
    __aeabi_fsub                             0x080001c9   Thumb Code     6  fadd.o(.text)
    __aeabi_frsub                            0x080001cf   Thumb Code     6  fadd.o(.text)
    __aeabi_fmul                             0x080001d5   Thumb Code   100  fmul.o(.text)
    __aeabi_fcmple                           0x08000239   Thumb Code    28  fcmple.o(.text)
    __aeabi_fcmplt                           0x08000255   Thumb Code    28  fcmplt.o(.text)
    __aeabi_fcmpge                           0x08000271   Thumb Code    28  fcmpge.o(.text)
    __aeabi_fcmpgt                           0x0800028d   Thumb Code    28  fcmpgt.o(.text)
    __aeabi_fcmpeq                           0x080002a9   Thumb Code    28  fcmpeq.o(.text)
    __aeabi_i2f                              0x080002c5   Thumb Code    18  fflti.o(.text)
    __aeabi_ui2f                             0x080002d7   Thumb Code    10  ffltui.o(.text)
    __aeabi_f2d                              0x080002e1   Thumb Code    38  f2d.o(.text)
    __aeabi_uidiv                            0x08000307   Thumb Code     0  uidiv.o(.text)
    __aeabi_uidivmod                         0x08000307   Thumb Code    44  uidiv.o(.text)
    __aeabi_uldivmod                         0x08000333   Thumb Code    98  uldiv.o(.text)
    __I$use$fp                               0x08000395   Thumb Code     0  iusefp.o(.text)
    _float_round                             0x08000395   Thumb Code    18  fepilogue.o(.text)
    _float_epilogue                          0x080003a7   Thumb Code    92  fepilogue.o(.text)
    __aeabi_dadd                             0x08000403   Thumb Code   322  dadd.o(.text)
    __aeabi_dsub                             0x08000545   Thumb Code     6  dadd.o(.text)
    __aeabi_drsub                            0x0800054b   Thumb Code     6  dadd.o(.text)
    __aeabi_dmul                             0x08000551   Thumb Code   228  dmul.o(.text)
    __aeabi_ddiv                             0x08000635   Thumb Code   222  ddiv.o(.text)
    __aeabi_d2ulz                            0x08000713   Thumb Code    48  dfixul.o(.text)
    __aeabi_cdrcmple                         0x08000745   Thumb Code    48  cdrcmple.o(.text)
    __scatterload                            0x08000775   Thumb Code    38  init.o(.text)
    __scatterload_rt2                        0x08000775   Thumb Code     0  init.o(.text)
    __aeabi_llsl                             0x080007a5   Thumb Code    30  llshl.o(.text)
    _ll_shift_l                              0x080007a5   Thumb Code     0  llshl.o(.text)
    __aeabi_llsr                             0x080007c3   Thumb Code    32  llushr.o(.text)
    _ll_ushift_r                             0x080007c3   Thumb Code     0  llushr.o(.text)
    __aeabi_lasr                             0x080007e3   Thumb Code    36  llsshr.o(.text)
    _ll_sshift_r                             0x080007e3   Thumb Code     0  llsshr.o(.text)
    _double_round                            0x08000807   Thumb Code    30  depilogue.o(.text)
    _double_epilogue                         0x08000825   Thumb Code   156  depilogue.o(.text)
    Delay_ms                                 0x080008c1   Thumb Code   140  delay.o(.text.Delay_ms)
    Delay_us                                 0x0800094d   Thumb Code   140  delay.o(.text.Delay_us)
    GPIO_Init                                0x080009d9   Thumb Code   390  stm32f10x_gpio.o(.text.GPIO_Init)
    GPIO_ReadInputDataBit                    0x08000b61   Thumb Code    52  stm32f10x_gpio.o(.text.GPIO_ReadInputDataBit)
    GPIO_ResetBits                           0x08000b95   Thumb Code    20  stm32f10x_gpio.o(.text.GPIO_ResetBits)
    GPIO_SetBits                             0x08000ba9   Thumb Code    20  stm32f10x_gpio.o(.text.GPIO_SetBits)
    I2C_Scan_Test                            0x08000bbd   Thumb Code   116  main.o(.text.I2C_Scan_Test)
    OPT3001_GetStatus                        0x08000c45   Thumb Code    12  opt3001.o(.text.OPT3001_GetStatus)
    OPT3001_IIC_Init                         0x08000c51   Thumb Code    66  opt3001.o(.text.OPT3001_IIC_Init)
    OPT3001_IIC_ReceiveByte                  0x08000c95   Thumb Code   198  opt3001.o(.text.OPT3001_IIC_ReceiveByte)
    OPT3001_IIC_SendAck                      0x08000d5d   Thumb Code   114  opt3001.o(.text.OPT3001_IIC_SendAck)
    OPT3001_IIC_SendByte                     0x08000dd1   Thumb Code   158  opt3001.o(.text.OPT3001_IIC_SendByte)
    OPT3001_IIC_Start                        0x08000e71   Thumb Code    66  opt3001.o(.text.OPT3001_IIC_Start)
    OPT3001_IIC_Stop                         0x08000eb5   Thumb Code    56  opt3001.o(.text.OPT3001_IIC_Stop)
    OPT3001_IIC_WaitAck                      0x08000eed   Thumb Code   202  opt3001.o(.text.OPT3001_IIC_WaitAck)
    OPT3001_Init                             0x08000fb9   Thumb Code   106  opt3001.o(.text.OPT3001_Init)
    OPT3001_ReadLux                          0x08001025   Thumb Code   116  opt3001.o(.text.OPT3001_ReadLux)
    OPT3001_ReadLux_WithFilter               0x08001099   Thumb Code   320  opt3001.o(.text.OPT3001_ReadLux_WithFilter)
    OPT3001_ReadReg                          0x080011d9   Thumb Code   148  opt3001.o(.text.OPT3001_ReadReg)
    OPT3001_WriteReg                         0x08001369   Thumb Code   130  opt3001.o(.text.OPT3001_WriteReg)
    RCC_APB2PeriphClockCmd                   0x080013ed   Thumb Code    56  stm32f10x_rcc.o(.text.RCC_APB2PeriphClockCmd)
    RCC_GetClocksFreq                        0x08001425   Thumb Code   370  stm32f10x_rcc.o(.text.RCC_GetClocksFreq)
    SysTick_CLKSourceConfig                  0x080016c5   Thumb Code    52  misc.o(.text.SysTick_CLKSourceConfig)
    SysTick_Init                             0x080016f9   Thumb Code    64  delay.o(.text.SysTick_Init)
    SystemInit                               0x08001739   Thumb Code   102  system_stm32f10x.o(.text.SystemInit)
    USART1_Init                              0x080017a1   Thumb Code   134  main.o(.text.USART1_Init)
    USART_Cmd                                0x08001829   Thumb Code    44  stm32f10x_usart.o(.text.USART_Cmd)
    USART_GetFlagStatus                      0x08001855   Thumb Code    68  stm32f10x_usart.o(.text.USART_GetFlagStatus)
    USART_Init                               0x08001899   Thumb Code   348  stm32f10x_usart.o(.text.USART_Init)
    USART_SendData                           0x080019f5   Thumb Code    24  stm32f10x_usart.o(.text.USART_SendData)
    fputc                                    0x08001a0d   Thumb Code    52  main.o(.text.fputc)
    main                                     0x08001a41   Thumb Code   242  main.o(.text.main)
    __0printf                                0x08001b35   Thumb Code    22  printfa.o(i.__0printf)
    __1printf                                0x08001b35   Thumb Code     0  printfa.o(i.__0printf)
    __2printf                                0x08001b35   Thumb Code     0  printfa.o(i.__0printf)
    __c89printf                              0x08001b35   Thumb Code     0  printfa.o(i.__0printf)
    printf                                   0x08001b35   Thumb Code     0  printfa.o(i.__0printf)
    __scatterload_copy                       0x08001b55   Thumb Code    14  handlers.o(i.__scatterload_copy)
    __scatterload_null                       0x08001b63   Thumb Code     2  handlers.o(i.__scatterload_null)
    __scatterload_zeroinit                   0x08001b65   Thumb Code    14  handlers.o(i.__scatterload_zeroinit)
    Region$$Table$$Base                      0x080025a0   Number         0  anon$$obj.o(Region$$Table)
    Region$$Table$$Limit                     0x080025c0   Number         0  anon$$obj.o(Region$$Table)
    __stdout                                 0x20000000   Data           4  stdout.o(.data)
    SystemCoreClock                          0x20000004   Data           4  system_stm32f10x.o(.data.SystemCoreClock)
    lux                                      0x2000001c   Data           4  main.o(.bss.lux)
    __initial_sp                             0x20000428   Data           0  startup_stm32f10x_md.o(STACK)



==============================================================================

Memory Map of the image

  Image Entry point : 0x080000ed

  Load Region LR_IROM1 (Base: 0x08000000, Size: 0x000025c8, Max: 0x00010000, ABSOLUTE)

    Execution Region ER_IROM1 (Exec base: 0x08000000, Load base: 0x08000000, Size: 0x000025c0, Max: 0x00010000, ABSOLUTE)

    Exec Addr    Load Addr    Size         Type   Attr      Idx    E Section Name        Object

    0x08000000   0x08000000   0x000000ec   Data   RO          348    RESET               startup_stm32f10x_md.o
    0x080000ec   0x080000ec   0x00000000   Code   RO          372  * .ARM.Collect$$$$00000000  mc_w.l(entry.o)
    0x080000ec   0x080000ec   0x00000004   Code   RO          423    .ARM.Collect$$$$00000001  mc_w.l(entry2.o)
    0x080000f0   0x080000f0   0x00000004   Code   RO          426    .ARM.Collect$$$$00000004  mc_w.l(entry5.o)
    0x080000f4   0x080000f4   0x00000000   Code   RO          428    .ARM.Collect$$$$00000008  mc_w.l(entry7b.o)
    0x080000f4   0x080000f4   0x00000000   Code   RO          430    .ARM.Collect$$$$0000000A  mc_w.l(entry8b.o)
    0x080000f4   0x080000f4   0x00000008   Code   RO          431    .ARM.Collect$$$$0000000B  mc_w.l(entry9a.o)
    0x080000fc   0x080000fc   0x00000000   Code   RO          433    .ARM.Collect$$$$0000000D  mc_w.l(entry10a.o)
    0x080000fc   0x080000fc   0x00000000   Code   RO          435    .ARM.Collect$$$$0000000F  mc_w.l(entry11a.o)
    0x080000fc   0x080000fc   0x00000004   Code   RO          424    .ARM.Collect$$$$00002712  mc_w.l(entry2.o)
    0x08000100   0x08000100   0x00000024   Code   RO          349    .text               startup_stm32f10x_md.o
    0x08000124   0x08000124   0x000000b0   Code   RO          403    .text               mf_w.l(fadd.o)
    0x080001d4   0x080001d4   0x00000064   Code   RO          405    .text               mf_w.l(fmul.o)
    0x08000238   0x08000238   0x0000001c   Code   RO          407    .text               mf_w.l(fcmple.o)
    0x08000254   0x08000254   0x0000001c   Code   RO          409    .text               mf_w.l(fcmplt.o)
    0x08000270   0x08000270   0x0000001c   Code   RO          411    .text               mf_w.l(fcmpge.o)
    0x0800028c   0x0800028c   0x0000001c   Code   RO          413    .text               mf_w.l(fcmpgt.o)
    0x080002a8   0x080002a8   0x0000001c   Code   RO          415    .text               mf_w.l(fcmpeq.o)
    0x080002c4   0x080002c4   0x00000012   Code   RO          417    .text               mf_w.l(fflti.o)
    0x080002d6   0x080002d6   0x0000000a   Code   RO          419    .text               mf_w.l(ffltui.o)
    0x080002e0   0x080002e0   0x00000026   Code   RO          421    .text               mf_w.l(f2d.o)
    0x08000306   0x08000306   0x0000002c   Code   RO          447    .text               mc_w.l(uidiv.o)
    0x08000332   0x08000332   0x00000062   Code   RO          449    .text               mc_w.l(uldiv.o)
    0x08000394   0x08000394   0x00000000   Code   RO          451    .text               mc_w.l(iusefp.o)
    0x08000394   0x08000394   0x0000006e   Code   RO          452    .text               mf_w.l(fepilogue.o)
    0x08000402   0x08000402   0x0000014e   Code   RO          454    .text               mf_w.l(dadd.o)
    0x08000550   0x08000550   0x000000e4   Code   RO          456    .text               mf_w.l(dmul.o)
    0x08000634   0x08000634   0x000000de   Code   RO          458    .text               mf_w.l(ddiv.o)
    0x08000712   0x08000712   0x00000030   Code   RO          460    .text               mf_w.l(dfixul.o)
    0x08000742   0x08000742   0x00000002   PAD
    0x08000744   0x08000744   0x00000030   Code   RO          462    .text               mf_w.l(cdrcmple.o)
    0x08000774   0x08000774   0x00000030   Code   RO          464    .text               mc_w.l(init.o)
    0x080007a4   0x080007a4   0x0000001e   Code   RO          466    .text               mc_w.l(llshl.o)
    0x080007c2   0x080007c2   0x00000020   Code   RO          468    .text               mc_w.l(llushr.o)
    0x080007e2   0x080007e2   0x00000024   Code   RO          470    .text               mc_w.l(llsshr.o)
    0x08000806   0x08000806   0x000000ba   Code   RO          472    .text               mf_w.l(depilogue.o)
    0x080008c0   0x080008c0   0x0000008c   Code   RO           65    .text.Delay_ms      delay.o
    0x0800094c   0x0800094c   0x0000008c   Code   RO           63    .text.Delay_us      delay.o
    0x080009d8   0x080009d8   0x00000186   Code   RO           97    .text.GPIO_Init     stm32f10x_gpio.o
    0x08000b5e   0x08000b5e   0x00000002   PAD
    0x08000b60   0x08000b60   0x00000034   Code   RO          101    .text.GPIO_ReadInputDataBit  stm32f10x_gpio.o
    0x08000b94   0x08000b94   0x00000014   Code   RO          111    .text.GPIO_ResetBits  stm32f10x_gpio.o
    0x08000ba8   0x08000ba8   0x00000014   Code   RO          109    .text.GPIO_SetBits  stm32f10x_gpio.o
    0x08000bbc   0x08000bbc   0x00000074   Code   RO            6    .text.I2C_Scan_Test  main.o
    0x08000c30   0x08000c30   0x00000012   Code   RO           24    .text.OPT3001_DelayUs  opt3001.o
    0x08000c42   0x08000c42   0x00000002   PAD
    0x08000c44   0x08000c44   0x0000000c   Code   RO           48    .text.OPT3001_GetStatus  opt3001.o
    0x08000c50   0x08000c50   0x00000042   Code   RO           20    .text.OPT3001_IIC_Init  opt3001.o
    0x08000c92   0x08000c92   0x00000002   PAD
    0x08000c94   0x08000c94   0x000000c6   Code   RO           34    .text.OPT3001_IIC_ReceiveByte  opt3001.o
    0x08000d5a   0x08000d5a   0x00000002   PAD
    0x08000d5c   0x08000d5c   0x00000072   Code   RO           30    .text.OPT3001_IIC_SendAck  opt3001.o
    0x08000dce   0x08000dce   0x00000002   PAD
    0x08000dd0   0x08000dd0   0x0000009e   Code   RO           32    .text.OPT3001_IIC_SendByte  opt3001.o
    0x08000e6e   0x08000e6e   0x00000002   PAD
    0x08000e70   0x08000e70   0x00000042   Code   RO           22    .text.OPT3001_IIC_Start  opt3001.o
    0x08000eb2   0x08000eb2   0x00000002   PAD
    0x08000eb4   0x08000eb4   0x00000038   Code   RO           26    .text.OPT3001_IIC_Stop  opt3001.o
    0x08000eec   0x08000eec   0x000000ca   Code   RO           28    .text.OPT3001_IIC_WaitAck  opt3001.o
    0x08000fb6   0x08000fb6   0x00000002   PAD
    0x08000fb8   0x08000fb8   0x0000006a   Code   RO           40    .text.OPT3001_Init  opt3001.o
    0x08001022   0x08001022   0x00000002   PAD
    0x08001024   0x08001024   0x00000074   Code   RO           42    .text.OPT3001_ReadLux  opt3001.o
    0x08001098   0x08001098   0x00000140   Code   RO           44    .text.OPT3001_ReadLux_WithFilter  opt3001.o
    0x080011d8   0x080011d8   0x00000094   Code   RO           38    .text.OPT3001_ReadReg  opt3001.o
    0x0800126c   0x0800126c   0x000000fa   Code   RO           46    .text.OPT3001_SlidingMedianFilter  opt3001.o
    0x08001366   0x08001366   0x00000002   PAD
    0x08001368   0x08001368   0x00000082   Code   RO           36    .text.OPT3001_WriteReg  opt3001.o
    0x080013ea   0x080013ea   0x00000002   PAD
    0x080013ec   0x080013ec   0x00000038   Code   RO          253    .text.RCC_APB2PeriphClockCmd  stm32f10x_rcc.o
    0x08001424   0x08001424   0x00000172   Code   RO          249    .text.RCC_GetClocksFreq  stm32f10x_rcc.o
    0x08001596   0x08001596   0x00000002   PAD
    0x08001598   0x08001598   0x00000008   Code   RO          358    .text.SetSysClock   system_stm32f10x.o
    0x080015a0   0x080015a0   0x00000122   Code   RO          362    .text.SetSysClockTo72  system_stm32f10x.o
    0x080016c2   0x080016c2   0x00000002   PAD
    0x080016c4   0x080016c4   0x00000034   Code   RO           84    .text.SysTick_CLKSourceConfig  misc.o
    0x080016f8   0x080016f8   0x00000040   Code   RO           61    .text.SysTick_Init  delay.o
    0x08001738   0x08001738   0x00000066   Code   RO          356    .text.SystemInit    system_stm32f10x.o
    0x0800179e   0x0800179e   0x00000002   PAD
    0x080017a0   0x080017a0   0x00000086   Code   RO            4    .text.USART1_Init   main.o
    0x08001826   0x08001826   0x00000002   PAD
    0x08001828   0x08001828   0x0000002c   Code   RO          292    .text.USART_Cmd     stm32f10x_usart.o
    0x08001854   0x08001854   0x00000044   Code   RO          332    .text.USART_GetFlagStatus  stm32f10x_usart.o
    0x08001898   0x08001898   0x0000015c   Code   RO          284    .text.USART_Init    stm32f10x_usart.o
    0x080019f4   0x080019f4   0x00000018   Code   RO          308    .text.USART_SendData  stm32f10x_usart.o
    0x08001a0c   0x08001a0c   0x00000034   Code   RO            2    .text.fputc         main.o
    0x08001a40   0x08001a40   0x000000f2   Code   RO            8    .text.main          main.o
    0x08001b32   0x08001b32   0x00000002   PAD
    0x08001b34   0x08001b34   0x00000020   Code   RO          376    i.__0printf         mc_w.l(printfa.o)
    0x08001b54   0x08001b54   0x0000000e   Code   RO          476    i.__scatterload_copy  mc_w.l(handlers.o)
    0x08001b62   0x08001b62   0x00000002   Code   RO          477    i.__scatterload_null  mc_w.l(handlers.o)
    0x08001b64   0x08001b64   0x0000000e   Code   RO          478    i.__scatterload_zeroinit  mc_w.l(handlers.o)
    0x08001b72   0x08001b72   0x00000002   PAD
    0x08001b74   0x08001b74   0x00000184   Code   RO          383    i._fp_digits        mc_w.l(printfa.o)
    0x08001cf8   0x08001cf8   0x000006dc   Code   RO          384    i._printf_core      mc_w.l(printfa.o)
    0x080023d4   0x080023d4   0x00000024   Code   RO          385    i._printf_post_padding  mc_w.l(printfa.o)
    0x080023f8   0x080023f8   0x0000002e   Code   RO          386    i._printf_pre_padding  mc_w.l(printfa.o)
    0x08002426   0x08002426   0x00000004   Data   RO          274    .rodata.ADCPrescTable  stm32f10x_rcc.o
    0x0800242a   0x0800242a   0x00000010   Data   RO          273    .rodata.APBAHBPrescTable  stm32f10x_rcc.o
    0x0800243a   0x0800243a   0x00000164   Data   RO           10    .rodata.str1.1      main.o
    0x0800259e   0x0800259e   0x00000002   PAD
    0x080025a0   0x080025a0   0x00000020   Data   RO          475    Region$$Table       anon$$obj.o


    Execution Region RW_IRAM1 (Exec base: 0x20000000, Load base: 0x080025c0, Size: 0x00000428, Max: 0x00005000, ABSOLUTE)

    Exec Addr    Load Addr    Size         Type   Attr      Idx    E Section Name        Object

    0x20000000   0x080025c0   0x00000004   Data   RW          437    .data               mc_w.l(stdout.o)
    0x20000004   0x080025c4   0x00000004   Data   RW          364    .data.SystemCoreClock  system_stm32f10x.o
    0x20000008        -       0x00000002   Zero   RW           68    .bss.fac_ms         delay.o
    0x2000000a        -       0x00000001   Zero   RW           67    .bss.fac_us         delay.o
    0x2000000b   0x080025c8   0x00000001   PAD
    0x2000000c        -       0x0000000c   Zero   RW           52    .bss.filter_window  opt3001.o
    0x20000018        -       0x00000004   Zero   RW           51    .bss.last_valid_lux  opt3001.o
    0x2000001c        -       0x00000004   Zero   RW           11    .bss.lux            main.o
    0x20000020        -       0x00000001   Zero   RW           50    .bss.opt3001_status  opt3001.o
    0x20000021        -       0x00000001   Zero   RW           53    .bss.window_index   opt3001.o
    0x20000022   0x080025c8   0x00000006   PAD
    0x20000028        -       0x00000400   Zero   RW          346    STACK               startup_stm32f10x_md.o


==============================================================================

Image component sizes


      Code (inc. data)   RO Data    RW Data    ZI Data      Debug   Object Name

       344          0          0          0          3       1444   delay.o
       544          4        356          0          4       3510   main.o
        52          0          0          0          0       3178   misc.o
      1960          0          0          0         18       5136   opt3001.o
        36          8        236          0       1024        844   startup_stm32f10x_md.o
       482          0          0          0          0       5628   stm32f10x_gpio.o
       426          0         20          0          0       6956   stm32f10x_rcc.o
       484          0          0          0          0       7429   stm32f10x_usart.o
       400          0          0          4          0       2837   system_stm32f10x.o

    ----------------------------------------------------------------------
      4760         12        646          4       1056      36962   Object Totals
         0          0         32          0          0          0   (incl. Generated)
        32          0          2          0          7          0   (incl. Padding)

    ----------------------------------------------------------------------

      Code (inc. data)   RO Data    RW Data    ZI Data      Debug   Library Member Name

         0          0          0          0          0          0   entry.o
         0          0          0          0          0          0   entry10a.o
         0          0          0          0          0          0   entry11a.o
         8          4          0          0          0          0   entry2.o
         4          0          0          0          0          0   entry5.o
         0          0          0          0          0          0   entry7b.o
         0          0          0          0          0          0   entry8b.o
         8          4          0          0          0          0   entry9a.o
        30          0          0          0          0          0   handlers.o
        48         10          0          0          0         68   init.o
         0          0          0          0          0          0   iusefp.o
        30          0          0          0          0         68   llshl.o
        36          0          0          0          0         68   llsshr.o
        32          0          0          0          0         68   llushr.o
      2258         90          0          0          0        452   printfa.o
         0          0          0          4          0          0   stdout.o
        44          0          0          0          0         80   uidiv.o
        98          0          0          0          0         92   uldiv.o
        48          0          0          0          0         68   cdrcmple.o
       334          0          0          0          0        148   dadd.o
       222          0          0          0          0        100   ddiv.o
       186          0          0          0          0        176   depilogue.o
        48          0          0          0          0         68   dfixul.o
       228          0          0          0          0         96   dmul.o
        38          0          0          0          0         68   f2d.o
       176          0          0          0          0        140   fadd.o
        28          0          0          0          0         68   fcmpeq.o
        28          0          0          0          0         68   fcmpge.o
        28          0          0          0          0         68   fcmpgt.o
        28          0          0          0          0         68   fcmple.o
        28          0          0          0          0         68   fcmplt.o
       110          0          0          0          0        168   fepilogue.o
        18          0          0          0          0         68   fflti.o
        10          0          0          0          0         68   ffltui.o
       100          0          0          0          0         76   fmul.o

    ----------------------------------------------------------------------
      4258        108          0          4          0       2480   Library Totals
         4          0          0          0          0          0   (incl. Padding)

    ----------------------------------------------------------------------

      Code (inc. data)   RO Data    RW Data    ZI Data      Debug   Library Name

      2596        108          0          4          0        896   mc_w.l
      1658          0          0          0          0       1584   mf_w.l

    ----------------------------------------------------------------------
      4258        108          0          4          0       2480   Library Totals

    ----------------------------------------------------------------------

==============================================================================


      Code (inc. data)   RO Data    RW Data    ZI Data      Debug   

      9018        120        646          8       1056      38154   Grand Totals
      9018        120        646          8       1056      38154   ELF Image Totals
      9018        120        646          8          0          0   ROM Totals

==============================================================================

    Total RO  Size (Code + RO Data)                 9664 (   9.44kB)
    Total RW  Size (RW Data + ZI Data)              1064 (   1.04kB)
    Total ROM Size (Code + RO Data + RW Data)       9672 (   9.45kB)

==============================================================================

