Component: Arm Compiler for Embedded 6.21 Tool: armlink [5ec1fa00]

==============================================================================

Section Cross References

    main.o(.text.main) refers to delay.o(.text.SysTick_Init) for SysTick_Init
    main.o(.text.main) refers to usart.o(.text.USART1_Init) for USART1_Init
    main.o(.text.main) refers to main.o(.rodata.str1.1) for .L.str
    main.o(.text.main) refers to printfa.o(i.__0printf) for printf
    main.o(.text.main) refers to opt3001.o(.text.OPT3001_Init) for OPT3001_Init
    main.o(.text.main) refers to opt101.o(.text.OPT101_Init) for OPT101_Init
    main.o(.text.main) refers to stm32f10x_usart.o(.text.USART_GetFlagStatus) for USART_GetFlagStatus
    main.o(.text.main) refers to stm32f10x_usart.o(.text.USART_ReceiveData) for USART_ReceiveData
    main.o(.text.main) refers to opt3001.o(.text.OPT3001_ReadLux_WithFilter) for OPT3001_ReadLux_WithFilter
    main.o(.text.main) refers to opt3001.o(.text.OPT3001_GetStatus) for OPT3001_GetStatus
    main.o(.text.main) refers to f2d.o(.text) for __aeabi_f2d
    main.o(.text.main) refers to opt101.o(.text.OPT101_StartCapture) for OPT101_StartCapture
    main.o(.text.main) refers to opt101.o(.text.OPT101_IsCaptureDone) for OPT101_IsCaptureDone
    main.o(.text.main) refers to opt101.o(.text.OPT101_AnalyzeBuffer) for OPT101_AnalyzeBuffer
    main.o(.text.main) refers to delay.o(.text.Delay_ms) for Delay_ms
    main.o(.text.main) refers to opt101.o(.bss.opt101_adc_buffer) for opt101_adc_buffer
    main.o(.text.main) refers to ffltui.o(.text) for __aeabi_ui2f
    main.o(.text.main) refers to fdiv.o(.text) for __aeabi_fdiv
    main.o(.text.main) refers to fmul.o(.text) for __aeabi_fmul
    main.o(.ARM.exidx.text.main) refers to main.o(.text.main) for [Anonymous Symbol]
    opt3001.o(.text.OPT3001_IIC_Init) refers to stm32f10x_rcc.o(.text.RCC_APB2PeriphClockCmd) for RCC_APB2PeriphClockCmd
    opt3001.o(.text.OPT3001_IIC_Init) refers to stm32f10x_gpio.o(.text.GPIO_Init) for GPIO_Init
    opt3001.o(.text.OPT3001_IIC_Init) refers to stm32f10x_gpio.o(.text.GPIO_SetBits) for GPIO_SetBits
    opt3001.o(.ARM.exidx.text.OPT3001_IIC_Init) refers to opt3001.o(.text.OPT3001_IIC_Init) for [Anonymous Symbol]
    opt3001.o(.text.OPT3001_IIC_Start) refers to stm32f10x_gpio.o(.text.GPIO_SetBits) for GPIO_SetBits
    opt3001.o(.text.OPT3001_IIC_Start) refers to opt3001.o(.text.OPT3001_DelayUs) for OPT3001_DelayUs
    opt3001.o(.text.OPT3001_IIC_Start) refers to stm32f10x_gpio.o(.text.GPIO_ResetBits) for GPIO_ResetBits
    opt3001.o(.ARM.exidx.text.OPT3001_IIC_Start) refers to opt3001.o(.text.OPT3001_IIC_Start) for [Anonymous Symbol]
    opt3001.o(.text.OPT3001_DelayUs) refers to delay.o(.text.Delay_us) for Delay_us
    opt3001.o(.ARM.exidx.text.OPT3001_DelayUs) refers to opt3001.o(.text.OPT3001_DelayUs) for [Anonymous Symbol]
    opt3001.o(.text.OPT3001_IIC_Stop) refers to stm32f10x_gpio.o(.text.GPIO_ResetBits) for GPIO_ResetBits
    opt3001.o(.text.OPT3001_IIC_Stop) refers to stm32f10x_gpio.o(.text.GPIO_SetBits) for GPIO_SetBits
    opt3001.o(.text.OPT3001_IIC_Stop) refers to opt3001.o(.text.OPT3001_DelayUs) for OPT3001_DelayUs
    opt3001.o(.ARM.exidx.text.OPT3001_IIC_Stop) refers to opt3001.o(.text.OPT3001_IIC_Stop) for [Anonymous Symbol]
    opt3001.o(.text.OPT3001_IIC_WaitAck) refers to opt3001.o(.text.OPT3001_DelayUs) for OPT3001_DelayUs
    opt3001.o(.text.OPT3001_IIC_WaitAck) refers to stm32f10x_gpio.o(.text.GPIO_SetBits) for GPIO_SetBits
    opt3001.o(.text.OPT3001_IIC_WaitAck) refers to stm32f10x_gpio.o(.text.GPIO_ReadInputDataBit) for GPIO_ReadInputDataBit
    opt3001.o(.text.OPT3001_IIC_WaitAck) refers to opt3001.o(.text.OPT3001_IIC_Stop) for OPT3001_IIC_Stop
    opt3001.o(.text.OPT3001_IIC_WaitAck) refers to stm32f10x_gpio.o(.text.GPIO_ResetBits) for GPIO_ResetBits
    opt3001.o(.ARM.exidx.text.OPT3001_IIC_WaitAck) refers to opt3001.o(.text.OPT3001_IIC_WaitAck) for [Anonymous Symbol]
    opt3001.o(.text.OPT3001_IIC_SendAck) refers to stm32f10x_gpio.o(.text.GPIO_ResetBits) for GPIO_ResetBits
    opt3001.o(.text.OPT3001_IIC_SendAck) refers to stm32f10x_gpio.o(.text.GPIO_SetBits) for GPIO_SetBits
    opt3001.o(.text.OPT3001_IIC_SendAck) refers to opt3001.o(.text.OPT3001_DelayUs) for OPT3001_DelayUs
    opt3001.o(.ARM.exidx.text.OPT3001_IIC_SendAck) refers to opt3001.o(.text.OPT3001_IIC_SendAck) for [Anonymous Symbol]
    opt3001.o(.text.OPT3001_IIC_SendByte) refers to stm32f10x_gpio.o(.text.GPIO_ResetBits) for GPIO_ResetBits
    opt3001.o(.text.OPT3001_IIC_SendByte) refers to stm32f10x_gpio.o(.text.GPIO_SetBits) for GPIO_SetBits
    opt3001.o(.text.OPT3001_IIC_SendByte) refers to opt3001.o(.text.OPT3001_DelayUs) for OPT3001_DelayUs
    opt3001.o(.ARM.exidx.text.OPT3001_IIC_SendByte) refers to opt3001.o(.text.OPT3001_IIC_SendByte) for [Anonymous Symbol]
    opt3001.o(.text.OPT3001_IIC_ReceiveByte) refers to stm32f10x_gpio.o(.text.GPIO_ResetBits) for GPIO_ResetBits
[...]
    Removing stm32f10x_dma.o(.ARM.exidx.text.DMA_GetITStatus), (8 bytes).
    Removing stm32f10x_dma.o(.text.DMA_ClearITPendingBit), (46 bytes).
    Removing stm32f10x_dma.o(.ARM.exidx.text.DMA_ClearITPendingBit), (8 bytes).
    Removing stm32f10x_gpio.o(.text), (0 bytes).
    Removing stm32f10x_gpio.o(.text.GPIO_DeInit), (276 bytes).
    Removing stm32f10x_gpio.o(.ARM.exidx.text.GPIO_DeInit), (8 bytes).
    Removing stm32f10x_gpio.o(.text.GPIO_AFIODeInit), (26 bytes).
    Removing stm32f10x_gpio.o(.ARM.exidx.text.GPIO_AFIODeInit), (8 bytes).
    Removing stm32f10x_gpio.o(.ARM.exidx.text.GPIO_Init), (8 bytes).
    Removing stm32f10x_gpio.o(.text.GPIO_StructInit), (28 bytes).
    Removing stm32f10x_gpio.o(.ARM.exidx.text.GPIO_StructInit), (8 bytes).
    Removing stm32f10x_gpio.o(.ARM.exidx.text.GPIO_ReadInputDataBit), (8 bytes).
    Removing stm32f10x_gpio.o(.text.GPIO_ReadInputData), (14 bytes).
    Removing stm32f10x_gpio.o(.ARM.exidx.text.GPIO_ReadInputData), (8 bytes).
    Removing stm32f10x_gpio.o(.text.GPIO_ReadOutputDataBit), (52 bytes).
    Removing stm32f10x_gpio.o(.ARM.exidx.text.GPIO_ReadOutputDataBit), (8 bytes).
    Removing stm32f10x_gpio.o(.text.GPIO_ReadOutputData), (14 bytes).
    Removing stm32f10x_gpio.o(.ARM.exidx.text.GPIO_ReadOutputData), (8 bytes).
    Removing stm32f10x_gpio.o(.ARM.exidx.text.GPIO_SetBits), (8 bytes).
    Removing stm32f10x_gpio.o(.ARM.exidx.text.GPIO_ResetBits), (8 bytes).
    Removing stm32f10x_gpio.o(.text.GPIO_WriteBit), (44 bytes).
    Removing stm32f10x_gpio.o(.ARM.exidx.text.GPIO_WriteBit), (8 bytes).
    Removing stm32f10x_gpio.o(.text.GPIO_Write), (20 bytes).
    Removing stm32f10x_gpio.o(.ARM.exidx.text.GPIO_Write), (8 bytes).
    Removing stm32f10x_gpio.o(.text.GPIO_PinLockConfig), (60 bytes).
    Removing stm32f10x_gpio.o(.ARM.exidx.text.GPIO_PinLockConfig), (8 bytes).
    Removing stm32f10x_gpio.o(.text.GPIO_EventOutputConfig), (64 bytes).
    Removing stm32f10x_gpio.o(.ARM.exidx.text.GPIO_EventOutputConfig), (8 bytes).
    Removing stm32f10x_gpio.o(.text.GPIO_EventOutputCmd), (22 bytes).
    Removing stm32f10x_gpio.o(.ARM.exidx.text.GPIO_EventOutputCmd), (8 bytes).
    Removing stm32f10x_gpio.o(.text.GPIO_PinRemapConfig), (250 bytes).
    Removing stm32f10x_gpio.o(.ARM.exidx.text.GPIO_PinRemapConfig), (8 bytes).
    Removing stm32f10x_gpio.o(.text.GPIO_EXTILineConfig), (84 bytes).
    Removing stm32f10x_gpio.o(.ARM.exidx.text.GPIO_EXTILineConfig), (8 bytes).
    Removing stm32f10x_gpio.o(.text.GPIO_ETH_MediaInterfaceConfig), (18 bytes).
    Removing stm32f10x_gpio.o(.ARM.exidx.text.GPIO_ETH_MediaInterfaceConfig), (8 bytes).
    Removing stm32f10x_i2c.o(.text), (0 bytes).
    Removing stm32f10x_i2c.o(.text.I2C_DeInit), (70 bytes).
    Removing stm32f10x_i2c.o(.ARM.exidx.text.I2C_DeInit), (8 bytes).
    Removing stm32f10x_i2c.o(.text.I2C_Init), (426 bytes).
    Removing stm32f10x_i2c.o(.ARM.exidx.text.I2C_Init), (8 bytes).
    Removing stm32f10x_i2c.o(.text.I2C_StructInit), (46 bytes).
    Removing stm32f10x_i2c.o(.ARM.exidx.text.I2C_StructInit), (8 bytes).
    Removing stm32f10x_i2c.o(.text.I2C_Cmd), (44 bytes).
    Removing stm32f10x_i2c.o(.ARM.exidx.text.I2C_Cmd), (8 bytes).
    Removing stm32f10x_i2c.o(.text.I2C_DMACmd), (44 bytes).
    Removing stm32f10x_i2c.o(.ARM.exidx.text.I2C_DMACmd), (8 bytes).
    Removing stm32f10x_i2c.o(.text.I2C_DMALastTransferCmd), (44 bytes).
    Removing stm32f10x_i2c.o(.ARM.exidx.text.I2C_DMALastTransferCmd), (8 bytes).
    Removing stm32f10x_i2c.o(.text.I2C_GenerateSTART), (44 bytes).
    Removing stm32f10x_i2c.o(.ARM.exidx.text.I2C_GenerateSTART), (8 bytes).
    Removing stm32f10x_i2c.o(.text.I2C_GenerateSTOP), (44 bytes).
    Removing stm32f10x_i2c.o(.ARM.exidx.text.I2C_GenerateSTOP), (8 bytes).
    Removing stm32f10x_i2c.o(.text.I2C_AcknowledgeConfig), (44 bytes).
    Removing stm32f10x_i2c.o(.ARM.exidx.text.I2C_AcknowledgeConfig), (8 bytes).
    Removing stm32f10x_i2c.o(.text.I2C_OwnAddress2Config), (64 bytes).
    Removing stm32f10x_i2c.o(.ARM.exidx.text.I2C_OwnAddress2Config), (8 bytes).
    Removing stm32f10x_i2c.o(.text.I2C_DualAddressCmd), (44 bytes).
    Removing stm32f10x_i2c.o(.ARM.exidx.text.I2C_DualAddressCmd), (8 bytes).
    Removing stm32f10x_i2c.o(.text.I2C_GeneralCallCmd), (44 bytes).
    Removing stm32f10x_i2c.o(.ARM.exidx.text.I2C_GeneralCallCmd), (8 bytes).
    Removing stm32f10x_i2c.o(.text.I2C_ITConfig), (52 bytes).
    Removing stm32f10x_i2c.o(.ARM.exidx.text.I2C_ITConfig), (8 bytes).
    Removing stm32f10x_i2c.o(.text.I2C_SendData), (20 bytes).
    Removing stm32f10x_i2c.o(.ARM.exidx.text.I2C_SendData), (8 bytes).
    Removing stm32f10x_i2c.o(.text.I2C_ReceiveData), (14 bytes).
    Removing stm32f10x_i2c.o(.ARM.exidx.text.I2C_ReceiveData), (8 bytes).
    Removing stm32f10x_i2c.o(.text.I2C_Send7bitAddress), (60 bytes).
    Removing stm32f10x_i2c.o(.ARM.exidx.text.I2C_Send7bitAddress), (8 bytes).
    Removing stm32f10x_i2c.o(.text.I2C_ReadRegister), (34 bytes).
    Removing stm32f10x_i2c.o(.ARM.exidx.text.I2C_ReadRegister), (8 bytes).
    Removing stm32f10x_i2c.o(.text.I2C_SoftwareResetCmd), (44 bytes).
    Removing stm32f10x_i2c.o(.ARM.exidx.text.I2C_SoftwareResetCmd), (8 bytes).
    Removing stm32f10x_i2c.o(.text.I2C_NACKPositionConfig), (48 bytes).
    Removing stm32f10x_i2c.o(.ARM.exidx.text.I2C_NACKPositionConfig), (8 bytes).
    Removing stm32f10x_i2c.o(.text.I2C_SMBusAlertConfig), (48 bytes).
    Removing stm32f10x_i2c.o(.ARM.exidx.text.I2C_SMBusAlertConfig), (8 bytes).
    Removing stm32f10x_i2c.o(.text.I2C_TransmitPEC), (44 bytes).
    Removing stm32f10x_i2c.o(.ARM.exidx.text.I2C_TransmitPEC), (8 bytes).
    Removing stm32f10x_i2c.o(.text.I2C_PECPositionConfig), (48 bytes).
    Removing stm32f10x_i2c.o(.ARM.exidx.text.I2C_PECPositionConfig), (8 bytes).
    Removing stm32f10x_i2c.o(.text.I2C_CalculatePEC), (44 bytes).
    Removing stm32f10x_i2c.o(.ARM.exidx.text.I2C_CalculatePEC), (8 bytes).
    Removing stm32f10x_i2c.o(.text.I2C_GetPEC), (14 bytes).
    Removing stm32f10x_i2c.o(.ARM.exidx.text.I2C_GetPEC), (8 bytes).
    Removing stm32f10x_i2c.o(.text.I2C_ARPCmd), (44 bytes).
    Removing stm32f10x_i2c.o(.ARM.exidx.text.I2C_ARPCmd), (8 bytes).
    Removing stm32f10x_i2c.o(.text.I2C_StretchClockCmd), (44 bytes).
    Removing stm32f10x_i2c.o(.ARM.exidx.text.I2C_StretchClockCmd), (8 bytes).
    Removing stm32f10x_i2c.o(.text.I2C_FastModeDutyCycleConfig), (48 bytes).
    Removing stm32f10x_i2c.o(.ARM.exidx.text.I2C_FastModeDutyCycleConfig), (8 bytes).
    Removing stm32f10x_i2c.o(.text.I2C_CheckEvent), (84 bytes).
    Removing stm32f10x_i2c.o(.ARM.exidx.text.I2C_CheckEvent), (8 bytes).
    Removing stm32f10x_i2c.o(.text.I2C_GetLastEvent), (48 bytes).
    Removing stm32f10x_i2c.o(.ARM.exidx.text.I2C_GetLastEvent), (8 bytes).
    Removing stm32f10x_i2c.o(.text.I2C_GetFlagStatus), (98 bytes).
    Removing stm32f10x_i2c.o(.ARM.exidx.text.I2C_GetFlagStatus), (8 bytes).
    Removing stm32f10x_i2c.o(.text.I2C_ClearFlag), (30 bytes).
    Removing stm32f10x_i2c.o(.ARM.exidx.text.I2C_ClearFlag), (8 bytes).
    Removing stm32f10x_i2c.o(.text.I2C_GetITStatus), (80 bytes).
    Removing stm32f10x_i2c.o(.ARM.exidx.text.I2C_GetITStatus), (8 bytes).
    Removing stm32f10x_i2c.o(.text.I2C_ClearITPendingBit), (30 bytes).
    Removing stm32f10x_i2c.o(.ARM.exidx.text.I2C_ClearITPendingBit), (8 bytes).
    Removing stm32f10x_rcc.o(.text), (0 bytes).
    Removing stm32f10x_rcc.o(.text.RCC_DeInit), (82 bytes).
    Removing stm32f10x_rcc.o(.ARM.exidx.text.RCC_DeInit), (8 bytes).
    Removing stm32f10x_rcc.o(.text.RCC_HSEConfig), (92 bytes).
    Removing stm32f10x_rcc.o(.ARM.exidx.text.RCC_HSEConfig), (8 bytes).
    Removing stm32f10x_rcc.o(.text.RCC_WaitForHSEStartUp), (108 bytes).
    Removing stm32f10x_rcc.o(.ARM.exidx.text.RCC_WaitForHSEStartUp), (8 bytes).
    Removing stm32f10x_rcc.o(.text.RCC_GetFlagStatus), (130 bytes).
    Removing stm32f10x_rcc.o(.ARM.exidx.text.RCC_GetFlagStatus), (8 bytes).
    Removing stm32f10x_rcc.o(.text.RCC_AdjustHSICalibrationValue), (50 bytes).
    Removing stm32f10x_rcc.o(.ARM.exidx.text.RCC_AdjustHSICalibrationValue), (8 bytes).
    Removing stm32f10x_rcc.o(.text.RCC_HSICmd), (22 bytes).
    Removing stm32f10x_rcc.o(.ARM.exidx.text.RCC_HSICmd), (8 bytes).
    Removing stm32f10x_rcc.o(.text.RCC_PLLConfig), (50 bytes).
    Removing stm32f10x_rcc.o(.ARM.exidx.text.RCC_PLLConfig), (8 bytes).
    Removing stm32f10x_rcc.o(.text.RCC_PLLCmd), (22 bytes).
    Removing stm32f10x_rcc.o(.ARM.exidx.text.RCC_PLLCmd), (8 bytes).
    Removing stm32f10x_rcc.o(.text.RCC_SYSCLKConfig), (44 bytes).
    Removing stm32f10x_rcc.o(.ARM.exidx.text.RCC_SYSCLKConfig), (8 bytes).
    Removing stm32f10x_rcc.o(.text.RCC_GetSYSCLKSource), (16 bytes).
    Removing stm32f10x_rcc.o(.ARM.exidx.text.RCC_GetSYSCLKSource), (8 bytes).
    Removing stm32f10x_rcc.o(.text.RCC_HCLKConfig), (44 bytes).
    Removing stm32f10x_rcc.o(.ARM.exidx.text.RCC_HCLKConfig), (8 bytes).
    Removing stm32f10x_rcc.o(.text.RCC_PCLK1Config), (44 bytes).
    Removing stm32f10x_rcc.o(.ARM.exidx.text.RCC_PCLK1Config), (8 bytes).
    Removing stm32f10x_rcc.o(.text.RCC_PCLK2Config), (46 bytes).
    Removing stm32f10x_rcc.o(.ARM.exidx.text.RCC_PCLK2Config), (8 bytes).
    Removing stm32f10x_rcc.o(.text.RCC_ITConfig), (62 bytes).
    Removing stm32f10x_rcc.o(.ARM.exidx.text.RCC_ITConfig), (8 bytes).
    Removing stm32f10x_rcc.o(.text.RCC_USBCLKConfig), (18 bytes).
    Removing stm32f10x_rcc.o(.ARM.exidx.text.RCC_USBCLKConfig), (8 bytes).
    Removing stm32f10x_rcc.o(.ARM.exidx.text.RCC_ADCCLKConfig), (8 bytes).
    Removing stm32f10x_rcc.o(.text.RCC_LSEConfig), (76 bytes).
    Removing stm32f10x_rcc.o(.ARM.exidx.text.RCC_LSEConfig), (8 bytes).
    Removing stm32f10x_rcc.o(.text.RCC_LSICmd), (24 bytes).
    Removing stm32f10x_rcc.o(.ARM.exidx.text.RCC_LSICmd), (8 bytes).
    Removing stm32f10x_rcc.o(.text.RCC_RTCCLKConfig), (24 bytes).
    Removing stm32f10x_rcc.o(.ARM.exidx.text.RCC_RTCCLKConfig), (8 bytes).
    Removing stm32f10x_rcc.o(.text.RCC_RTCCLKCmd), (24 bytes).
    Removing stm32f10x_rcc.o(.ARM.exidx.text.RCC_RTCCLKCmd), (8 bytes).
    Removing stm32f10x_rcc.o(.ARM.exidx.text.RCC_GetClocksFreq), (8 bytes).
    Removing stm32f10x_rcc.o(.ARM.exidx.text.RCC_AHBPeriphClockCmd), (8 bytes).
    Removing stm32f10x_rcc.o(.ARM.exidx.text.RCC_APB2PeriphClockCmd), (8 bytes).
    Removing stm32f10x_rcc.o(.ARM.exidx.text.RCC_APB1PeriphClockCmd), (8 bytes).
    Removing stm32f10x_rcc.o(.ARM.exidx.text.RCC_APB2PeriphResetCmd), (8 bytes).
    Removing stm32f10x_rcc.o(.text.RCC_APB1PeriphResetCmd), (56 bytes).
    Removing stm32f10x_rcc.o(.ARM.exidx.text.RCC_APB1PeriphResetCmd), (8 bytes).
    Removing stm32f10x_rcc.o(.text.RCC_BackupResetCmd), (24 bytes).
    Removing stm32f10x_rcc.o(.ARM.exidx.text.RCC_BackupResetCmd), (8 bytes).
    Removing stm32f10x_rcc.o(.text.RCC_ClockSecuritySystemCmd), (22 bytes).
    Removing stm32f10x_rcc.o(.ARM.exidx.text.RCC_ClockSecuritySystemCmd), (8 bytes).
    Removing stm32f10x_rcc.o(.text.RCC_MCOConfig), (24 bytes).
    Removing stm32f10x_rcc.o(.ARM.exidx.text.RCC_MCOConfig), (8 bytes).
    Removing stm32f10x_rcc.o(.text.RCC_ClearFlag), (18 bytes).
    Removing stm32f10x_rcc.o(.ARM.exidx.text.RCC_ClearFlag), (8 bytes).
    Removing stm32f10x_rcc.o(.text.RCC_GetITStatus), (56 bytes).
    Removing stm32f10x_rcc.o(.ARM.exidx.text.RCC_GetITStatus), (8 bytes).
    Removing stm32f10x_rcc.o(.text.RCC_ClearITPendingBit), (24 bytes).
    Removing stm32f10x_rcc.o(.ARM.exidx.text.RCC_ClearITPendingBit), (8 bytes).
    Removing stm32f10x_tim.o(.text), (0 bytes).
    Removing stm32f10x_tim.o(.text.TIM_DeInit), (666 bytes).
    Removing stm32f10x_tim.o(.ARM.exidx.text.TIM_DeInit), (8 bytes).
    Removing stm32f10x_tim.o(.ARM.exidx.text.TIM_TimeBaseInit), (8 bytes).
    Removing stm32f10x_tim.o(.text.TIM_OC1Init), (354 bytes).
    Removing stm32f10x_tim.o(.ARM.exidx.text.TIM_OC1Init), (8 bytes).
    Removing stm32f10x_tim.o(.text.TIM_OC2Init), (320 bytes).
    Removing stm32f10x_tim.o(.ARM.exidx.text.TIM_OC2Init), (8 bytes).
    Removing stm32f10x_tim.o(.text.TIM_OC3Init), (318 bytes).
    Removing stm32f10x_tim.o(.ARM.exidx.text.TIM_OC3Init), (8 bytes).
    Removing stm32f10x_tim.o(.text.TIM_OC4Init), (238 bytes).
    Removing stm32f10x_tim.o(.ARM.exidx.text.TIM_OC4Init), (8 bytes).
    Removing stm32f10x_tim.o(.text.TIM_ICInit), (242 bytes).
    Removing stm32f10x_tim.o(.ARM.exidx.text.TIM_ICInit), (8 bytes).
    Removing stm32f10x_tim.o(.text.TI1_Config), (260 bytes).
    Removing stm32f10x_tim.o(.ARM.exidx.text.TI1_Config), (8 bytes).
    Removing stm32f10x_tim.o(.text.TIM_SetIC1Prescaler), (34 bytes).
    Removing stm32f10x_tim.o(.ARM.exidx.text.TIM_SetIC1Prescaler), (8 bytes).
    Removing stm32f10x_tim.o(.text.TI2_Config), (286 bytes).
    Removing stm32f10x_tim.o(.ARM.exidx.text.TI2_Config), (8 bytes).
    Removing stm32f10x_tim.o(.text.TIM_SetIC2Prescaler), (36 bytes).
    Removing stm32f10x_tim.o(.ARM.exidx.text.TIM_SetIC2Prescaler), (8 bytes).
    Removing stm32f10x_tim.o(.text.TI3_Config), (274 bytes).
    Removing stm32f10x_tim.o(.ARM.exidx.text.TI3_Config), (8 bytes).
    Removing stm32f10x_tim.o(.text.TIM_SetIC3Prescaler), (34 bytes).
    Removing stm32f10x_tim.o(.ARM.exidx.text.TIM_SetIC3Prescaler), (8 bytes).
    Removing stm32f10x_tim.o(.text.TI4_Config), (288 bytes).
    Removing stm32f10x_tim.o(.ARM.exidx.text.TI4_Config), (8 bytes).
    Removing stm32f10x_tim.o(.text.TIM_SetIC4Prescaler), (36 bytes).
    Removing stm32f10x_tim.o(.ARM.exidx.text.TIM_SetIC4Prescaler), (8 bytes).
    Removing stm32f10x_tim.o(.text.TIM_PWMIConfig), (190 bytes).
    Removing stm32f10x_tim.o(.ARM.exidx.text.TIM_PWMIConfig), (8 bytes).
    Removing stm32f10x_tim.o(.text.TIM_BDTRConfig), (44 bytes).
    Removing stm32f10x_tim.o(.ARM.exidx.text.TIM_BDTRConfig), (8 bytes).
    Removing stm32f10x_tim.o(.text.TIM_TimeBaseStructInit), (34 bytes).
    Removing stm32f10x_tim.o(.ARM.exidx.text.TIM_TimeBaseStructInit), (8 bytes).
    Removing stm32f10x_tim.o(.text.TIM_OCStructInit), (42 bytes).
    Removing stm32f10x_tim.o(.ARM.exidx.text.TIM_OCStructInit), (8 bytes).
    Removing stm32f10x_tim.o(.text.TIM_ICStructInit), (32 bytes).
    Removing stm32f10x_tim.o(.ARM.exidx.text.TIM_ICStructInit), (8 bytes).
    Removing stm32f10x_tim.o(.text.TIM_BDTRStructInit), (38 bytes).
    Removing stm32f10x_tim.o(.ARM.exidx.text.TIM_BDTRStructInit), (8 bytes).
    Removing stm32f10x_tim.o(.ARM.exidx.text.TIM_Cmd), (8 bytes).
    Removing stm32f10x_tim.o(.text.TIM_CtrlPWMOutputs), (52 bytes).
    Removing stm32f10x_tim.o(.ARM.exidx.text.TIM_CtrlPWMOutputs), (8 bytes).
    Removing stm32f10x_tim.o(.text.TIM_ITConfig), (52 bytes).
    Removing stm32f10x_tim.o(.ARM.exidx.text.TIM_ITConfig), (8 bytes).
    Removing stm32f10x_tim.o(.text.TIM_GenerateEvent), (20 bytes).
    Removing stm32f10x_tim.o(.ARM.exidx.text.TIM_GenerateEvent), (8 bytes).
    Removing stm32f10x_tim.o(.text.TIM_DMAConfig), (32 bytes).
    Removing stm32f10x_tim.o(.ARM.exidx.text.TIM_DMAConfig), (8 bytes).
    Removing stm32f10x_tim.o(.text.TIM_DMACmd), (52 bytes).
    Removing stm32f10x_tim.o(.ARM.exidx.text.TIM_DMACmd), (8 bytes).
    Removing stm32f10x_tim.o(.text.TIM_InternalClockConfig), (18 bytes).
    Removing stm32f10x_tim.o(.ARM.exidx.text.TIM_InternalClockConfig), (8 bytes).
    Removing stm32f10x_tim.o(.text.TIM_ITRxExternalClockConfig), (34 bytes).
    Removing stm32f10x_tim.o(.ARM.exidx.text.TIM_ITRxExternalClockConfig), (8 bytes).
    Removing stm32f10x_tim.o(.text.TIM_SelectInputTrigger), (60 bytes).
    Removing stm32f10x_tim.o(.ARM.exidx.text.TIM_SelectInputTrigger), (8 bytes).
    Removing stm32f10x_tim.o(.text.TIM_TIxExternalClockConfig), (88 bytes).
    Removing stm32f10x_tim.o(.ARM.exidx.text.TIM_TIxExternalClockConfig), (8 bytes).
    Removing stm32f10x_tim.o(.text.TIM_ETRClockMode1Config), (110 bytes).
    Removing stm32f10x_tim.o(.ARM.exidx.text.TIM_ETRClockMode1Config), (8 bytes).
    Removing stm32f10x_tim.o(.text.TIM_ETRConfig), (78 bytes).
    Removing stm32f10x_tim.o(.ARM.exidx.text.TIM_ETRConfig), (8 bytes).
    Removing stm32f10x_tim.o(.text.TIM_ETRClockMode2Config), (50 bytes).
    Removing stm32f10x_tim.o(.ARM.exidx.text.TIM_ETRClockMode2Config), (8 bytes).
    Removing stm32f10x_tim.o(.text.TIM_PrescalerConfig), (32 bytes).
    Removing stm32f10x_tim.o(.ARM.exidx.text.TIM_PrescalerConfig), (8 bytes).
    Removing stm32f10x_tim.o(.text.TIM_CounterModeConfig), (60 bytes).
    Removing stm32f10x_tim.o(.ARM.exidx.text.TIM_CounterModeConfig), (8 bytes).
    Removing stm32f10x_tim.o(.text.TIM_EncoderInterfaceConfig), (170 bytes).
    Removing stm32f10x_tim.o(.ARM.exidx.text.TIM_EncoderInterfaceConfig), (8 bytes).
    Removing stm32f10x_tim.o(.text.TIM_ForcedOC1Config), (60 bytes).
    Removing stm32f10x_tim.o(.ARM.exidx.text.TIM_ForcedOC1Config), (8 bytes).
    Removing stm32f10x_tim.o(.text.TIM_ForcedOC2Config), (62 bytes).
    Removing stm32f10x_tim.o(.ARM.exidx.text.TIM_ForcedOC2Config), (8 bytes).
    Removing stm32f10x_tim.o(.text.TIM_ForcedOC3Config), (60 bytes).
    Removing stm32f10x_tim.o(.ARM.exidx.text.TIM_ForcedOC3Config), (8 bytes).
    Removing stm32f10x_tim.o(.text.TIM_ForcedOC4Config), (62 bytes).
    Removing stm32f10x_tim.o(.ARM.exidx.text.TIM_ForcedOC4Config), (8 bytes).
    Removing stm32f10x_tim.o(.text.TIM_ARRPreloadConfig), (44 bytes).
    Removing stm32f10x_tim.o(.ARM.exidx.text.TIM_ARRPreloadConfig), (8 bytes).
    Removing stm32f10x_tim.o(.text.TIM_SelectCOM), (44 bytes).
    Removing stm32f10x_tim.o(.ARM.exidx.text.TIM_SelectCOM), (8 bytes).
    Removing stm32f10x_tim.o(.text.TIM_SelectCCDMA), (44 bytes).
    Removing stm32f10x_tim.o(.ARM.exidx.text.TIM_SelectCCDMA), (8 bytes).
    Removing stm32f10x_tim.o(.text.TIM_CCPreloadControl), (44 bytes).
    Removing stm32f10x_tim.o(.ARM.exidx.text.TIM_CCPreloadControl), (8 bytes).
    Removing stm32f10x_tim.o(.text.TIM_OC1PreloadConfig), (60 bytes).
    Removing stm32f10x_tim.o(.ARM.exidx.text.TIM_OC1PreloadConfig), (8 bytes).
    Removing stm32f10x_tim.o(.text.TIM_OC2PreloadConfig), (62 bytes).
    Removing stm32f10x_tim.o(.ARM.exidx.text.TIM_OC2PreloadConfig), (8 bytes).
    Removing stm32f10x_tim.o(.text.TIM_OC3PreloadConfig), (60 bytes).
    Removing stm32f10x_tim.o(.ARM.exidx.text.TIM_OC3PreloadConfig), (8 bytes).
    Removing stm32f10x_tim.o(.text.TIM_OC4PreloadConfig), (62 bytes).
    Removing stm32f10x_tim.o(.ARM.exidx.text.TIM_OC4PreloadConfig), (8 bytes).
    Removing stm32f10x_tim.o(.text.TIM_OC1FastConfig), (60 bytes).
    Removing stm32f10x_tim.o(.ARM.exidx.text.TIM_OC1FastConfig), (8 bytes).
    Removing stm32f10x_tim.o(.text.TIM_OC2FastConfig), (62 bytes).
    Removing stm32f10x_tim.o(.ARM.exidx.text.TIM_OC2FastConfig), (8 bytes).
    Removing stm32f10x_tim.o(.text.TIM_OC3FastConfig), (60 bytes).
    Removing stm32f10x_tim.o(.ARM.exidx.text.TIM_OC3FastConfig), (8 bytes).
    Removing stm32f10x_tim.o(.text.TIM_OC4FastConfig), (62 bytes).
    Removing stm32f10x_tim.o(.ARM.exidx.text.TIM_OC4FastConfig), (8 bytes).
    Removing stm32f10x_tim.o(.text.TIM_ClearOC1Ref), (60 bytes).
    Removing stm32f10x_tim.o(.ARM.exidx.text.TIM_ClearOC1Ref), (8 bytes).
    Removing stm32f10x_tim.o(.text.TIM_ClearOC2Ref), (62 bytes).
    Removing stm32f10x_tim.o(.ARM.exidx.text.TIM_ClearOC2Ref), (8 bytes).
    Removing stm32f10x_tim.o(.text.TIM_ClearOC3Ref), (60 bytes).
    Removing stm32f10x_tim.o(.ARM.exidx.text.TIM_ClearOC3Ref), (8 bytes).
    Removing stm32f10x_tim.o(.text.TIM_ClearOC4Ref), (62 bytes).
    Removing stm32f10x_tim.o(.ARM.exidx.text.TIM_ClearOC4Ref), (8 bytes).
    Removing stm32f10x_tim.o(.text.TIM_OC1PolarityConfig), (60 bytes).
    Removing stm32f10x_tim.o(.ARM.exidx.text.TIM_OC1PolarityConfig), (8 bytes).
    Removing stm32f10x_tim.o(.text.TIM_OC1NPolarityConfig), (60 bytes).
    Removing stm32f10x_tim.o(.ARM.exidx.text.TIM_OC1NPolarityConfig), (8 bytes).
    Removing stm32f10x_tim.o(.text.TIM_OC2PolarityConfig), (62 bytes).
    Removing stm32f10x_tim.o(.ARM.exidx.text.TIM_OC2PolarityConfig), (8 bytes).
    Removing stm32f10x_tim.o(.text.TIM_OC2NPolarityConfig), (62 bytes).
    Removing stm32f10x_tim.o(.ARM.exidx.text.TIM_OC2NPolarityConfig), (8 bytes).
    Removing stm32f10x_tim.o(.text.TIM_OC3PolarityConfig), (62 bytes).
    Removing stm32f10x_tim.o(.ARM.exidx.text.TIM_OC3PolarityConfig), (8 bytes).
    Removing stm32f10x_tim.o(.text.TIM_OC3NPolarityConfig), (62 bytes).
    Removing stm32f10x_tim.o(.ARM.exidx.text.TIM_OC3NPolarityConfig), (8 bytes).
    Removing stm32f10x_tim.o(.text.TIM_OC4PolarityConfig), (62 bytes).
    Removing stm32f10x_tim.o(.ARM.exidx.text.TIM_OC4PolarityConfig), (8 bytes).
    Removing stm32f10x_tim.o(.text.TIM_CCxCmd), (66 bytes).
    Removing stm32f10x_tim.o(.ARM.exidx.text.TIM_CCxCmd), (8 bytes).
    Removing stm32f10x_tim.o(.text.TIM_CCxNCmd), (66 bytes).
    Removing stm32f10x_tim.o(.ARM.exidx.text.TIM_CCxNCmd), (8 bytes).
    Removing stm32f10x_tim.o(.text.TIM_SelectOCxM), (156 bytes).
    Removing stm32f10x_tim.o(.ARM.exidx.text.TIM_SelectOCxM), (8 bytes).
    Removing stm32f10x_tim.o(.text.TIM_UpdateDisableConfig), (44 bytes).
    Removing stm32f10x_tim.o(.ARM.exidx.text.TIM_UpdateDisableConfig), (8 bytes).
    Removing stm32f10x_tim.o(.text.TIM_UpdateRequestConfig), (44 bytes).
    Removing stm32f10x_tim.o(.ARM.exidx.text.TIM_UpdateRequestConfig), (8 bytes).
    Removing stm32f10x_tim.o(.text.TIM_SelectHallSensor), (44 bytes).
    Removing stm32f10x_tim.o(.ARM.exidx.text.TIM_SelectHallSensor), (8 bytes).
    Removing stm32f10x_tim.o(.text.TIM_SelectOnePulseMode), (34 bytes).
    Removing stm32f10x_tim.o(.ARM.exidx.text.TIM_SelectOnePulseMode), (8 bytes).
    Removing stm32f10x_tim.o(.ARM.exidx.text.TIM_SelectOutputTrigger), (8 bytes).
    Removing stm32f10x_tim.o(.text.TIM_SelectSlaveMode), (34 bytes).
    Removing stm32f10x_tim.o(.ARM.exidx.text.TIM_SelectSlaveMode), (8 bytes).
    Removing stm32f10x_tim.o(.text.TIM_SelectMasterSlaveMode), (34 bytes).
    Removing stm32f10x_tim.o(.ARM.exidx.text.TIM_SelectMasterSlaveMode), (8 bytes).
    Removing stm32f10x_tim.o(.ARM.exidx.text.TIM_SetCounter), (8 bytes).
    Removing stm32f10x_tim.o(.text.TIM_SetAutoreload), (20 bytes).
    Removing stm32f10x_tim.o(.ARM.exidx.text.TIM_SetAutoreload), (8 bytes).
    Removing stm32f10x_tim.o(.text.TIM_SetCompare1), (20 bytes).
    Removing stm32f10x_tim.o(.ARM.exidx.text.TIM_SetCompare1), (8 bytes).
    Removing stm32f10x_tim.o(.text.TIM_SetCompare2), (20 bytes).
    Removing stm32f10x_tim.o(.ARM.exidx.text.TIM_SetCompare2), (8 bytes).
    Removing stm32f10x_tim.o(.text.TIM_SetCompare3), (20 bytes).
    Removing stm32f10x_tim.o(.ARM.exidx.text.TIM_SetCompare3), (8 bytes).
    Removing stm32f10x_tim.o(.text.TIM_SetCompare4), (22 bytes).
    Removing stm32f10x_tim.o(.ARM.exidx.text.TIM_SetCompare4), (8 bytes).
    Removing stm32f10x_tim.o(.text.TIM_SetClockDivision), (34 bytes).
    Removing stm32f10x_tim.o(.ARM.exidx.text.TIM_SetClockDivision), (8 bytes).
    Removing stm32f10x_tim.o(.text.TIM_GetCapture1), (12 bytes).
    Removing stm32f10x_tim.o(.ARM.exidx.text.TIM_GetCapture1), (8 bytes).
    Removing stm32f10x_tim.o(.text.TIM_GetCapture2), (12 bytes).
    Removing stm32f10x_tim.o(.ARM.exidx.text.TIM_GetCapture2), (8 bytes).
    Removing stm32f10x_tim.o(.text.TIM_GetCapture3), (12 bytes).
    Removing stm32f10x_tim.o(.ARM.exidx.text.TIM_GetCapture3), (8 bytes).
    Removing stm32f10x_tim.o(.text.TIM_GetCapture4), (14 bytes).
    Removing stm32f10x_tim.o(.ARM.exidx.text.TIM_GetCapture4), (8 bytes).
    Removing stm32f10x_tim.o(.text.TIM_GetCounter), (12 bytes).
    Removing stm32f10x_tim.o(.ARM.exidx.text.TIM_GetCounter), (8 bytes).
    Removing stm32f10x_tim.o(.text.TIM_GetPrescaler), (12 bytes).
    Removing stm32f10x_tim.o(.ARM.exidx.text.TIM_GetPrescaler), (8 bytes).
    Removing stm32f10x_tim.o(.text.TIM_GetFlagStatus), (54 bytes).
    Removing stm32f10x_tim.o(.ARM.exidx.text.TIM_GetFlagStatus), (8 bytes).
    Removing stm32f10x_tim.o(.text.TIM_ClearFlag), (22 bytes).
    Removing stm32f10x_tim.o(.ARM.exidx.text.TIM_ClearFlag), (8 bytes).
    Removing stm32f10x_tim.o(.text.TIM_GetITStatus), (90 bytes).
    Removing stm32f10x_tim.o(.ARM.exidx.text.TIM_GetITStatus), (8 bytes).
    Removing stm32f10x_tim.o(.text.TIM_ClearITPendingBit), (22 bytes).
    Removing stm32f10x_tim.o(.ARM.exidx.text.TIM_ClearITPendingBit), (8 bytes).
    Removing stm32f10x_usart.o(.text), (0 bytes).
    Removing stm32f10x_usart.o(.text.USART_DeInit), (208 bytes).
    Removing stm32f10x_usart.o(.ARM.exidx.text.USART_DeInit), (8 bytes).
    Removing stm32f10x_usart.o(.ARM.exidx.text.USART_Init), (8 bytes).
    Removing stm32f10x_usart.o(.text.USART_StructInit), (40 bytes).
    Removing stm32f10x_usart.o(.ARM.exidx.text.USART_StructInit), (8 bytes).
    Removing stm32f10x_usart.o(.text.USART_ClockInit), (58 bytes).
    Removing stm32f10x_usart.o(.ARM.exidx.text.USART_ClockInit), (8 bytes).
    Removing stm32f10x_usart.o(.text.USART_ClockStructInit), (26 bytes).
    Removing stm32f10x_usart.o(.ARM.exidx.text.USART_ClockStructInit), (8 bytes).
    Removing stm32f10x_usart.o(.ARM.exidx.text.USART_Cmd), (8 bytes).
    Removing stm32f10x_usart.o(.text.USART_ITConfig), (146 bytes).
    Removing stm32f10x_usart.o(.ARM.exidx.text.USART_ITConfig), (8 bytes).
    Removing stm32f10x_usart.o(.text.USART_DMACmd), (52 bytes).
    Removing stm32f10x_usart.o(.ARM.exidx.text.USART_DMACmd), (8 bytes).
    Removing stm32f10x_usart.o(.text.USART_SetAddress), (34 bytes).
    Removing stm32f10x_usart.o(.ARM.exidx.text.USART_SetAddress), (8 bytes).
    Removing stm32f10x_usart.o(.text.USART_WakeUpConfig), (34 bytes).
    Removing stm32f10x_usart.o(.ARM.exidx.text.USART_WakeUpConfig), (8 bytes).
    Removing stm32f10x_usart.o(.text.USART_ReceiverWakeUpCmd), (44 bytes).
    Removing stm32f10x_usart.o(.ARM.exidx.text.USART_ReceiverWakeUpCmd), (8 bytes).
    Removing stm32f10x_usart.o(.text.USART_LINBreakDetectLengthConfig), (34 bytes).
    Removing stm32f10x_usart.o(.ARM.exidx.text.USART_LINBreakDetectLengthConfig), (8 bytes).
    Removing stm32f10x_usart.o(.text.USART_LINCmd), (44 bytes).
    Removing stm32f10x_usart.o(.ARM.exidx.text.USART_LINCmd), (8 bytes).
    Removing stm32f10x_usart.o(.ARM.exidx.text.USART_SendData), (8 bytes).
    Removing stm32f10x_usart.o(.ARM.exidx.text.USART_ReceiveData), (8 bytes).
    Removing stm32f10x_usart.o(.text.USART_SendBreak), (18 bytes).
    Removing stm32f10x_usart.o(.ARM.exidx.text.USART_SendBreak), (8 bytes).
    Removing stm32f10x_usart.o(.text.USART_SetGuardTime), (34 bytes).
    Removing stm32f10x_usart.o(.ARM.exidx.text.USART_SetGuardTime), (8 bytes).
    Removing stm32f10x_usart.o(.text.USART_SetPrescaler), (34 bytes).
    Removing stm32f10x_usart.o(.ARM.exidx.text.USART_SetPrescaler), (8 bytes).
    Removing stm32f10x_usart.o(.text.USART_SmartCardCmd), (44 bytes).
    Removing stm32f10x_usart.o(.ARM.exidx.text.USART_SmartCardCmd), (8 bytes).
    Removing stm32f10x_usart.o(.text.USART_SmartCardNACKCmd), (44 bytes).
    Removing stm32f10x_usart.o(.ARM.exidx.text.USART_SmartCardNACKCmd), (8 bytes).
    Removing stm32f10x_usart.o(.text.USART_HalfDuplexCmd), (44 bytes).
    Removing stm32f10x_usart.o(.ARM.exidx.text.USART_HalfDuplexCmd), (8 bytes).
    Removing stm32f10x_usart.o(.text.USART_OverSampling8Cmd), (44 bytes).
    Removing stm32f10x_usart.o(.ARM.exidx.text.USART_OverSampling8Cmd), (8 bytes).
    Removing stm32f10x_usart.o(.text.USART_OneBitMethodCmd), (44 bytes).
    Removing stm32f10x_usart.o(.ARM.exidx.text.USART_OneBitMethodCmd), (8 bytes).
    Removing stm32f10x_usart.o(.text.USART_IrDAConfig), (34 bytes).
    Removing stm32f10x_usart.o(.ARM.exidx.text.USART_IrDAConfig), (8 bytes).
    Removing stm32f10x_usart.o(.text.USART_IrDACmd), (44 bytes).
    Removing stm32f10x_usart.o(.ARM.exidx.text.USART_IrDACmd), (8 bytes).
    Removing stm32f10x_usart.o(.ARM.exidx.text.USART_GetFlagStatus), (8 bytes).
    Removing stm32f10x_usart.o(.text.USART_ClearFlag), (36 bytes).
    Removing stm32f10x_usart.o(.ARM.exidx.text.USART_ClearFlag), (8 bytes).
    Removing stm32f10x_usart.o(.text.USART_GetITStatus), (176 bytes).
    Removing stm32f10x_usart.o(.ARM.exidx.text.USART_GetITStatus), (8 bytes).
    Removing stm32f10x_usart.o(.text.USART_ClearITPendingBit), (68 bytes).
    Removing stm32f10x_usart.o(.ARM.exidx.text.USART_ClearITPendingBit), (8 bytes).
    Removing startup_stm32f10x_hd.o(HEAP), (512 bytes).
    Removing system_stm32f10x.o(.text), (0 bytes).
    Removing system_stm32f10x.o(.ARM.exidx.text.SystemInit), (8 bytes).
    Removing system_stm32f10x.o(.ARM.exidx.text.SetSysClock), (8 bytes).
    Removing system_stm32f10x.o(.text.SystemCoreClockUpdate), (290 bytes).
    Removing system_stm32f10x.o(.ARM.exidx.text.SystemCoreClockUpdate), (8 bytes).
    Removing system_stm32f10x.o(.ARM.exidx.text.SetSysClockTo72), (8 bytes).
    Removing system_stm32f10x.o(.rodata.AHBPrescTable), (16 bytes).

521 unused section(s) (total 17634 bytes) removed from the image.

==============================================================================

Image Symbol Table

    Local Symbols

    Symbol Name                              Value     Ov Type        Size  Object(Section)

    ../clib/division.s                       0x00000000   Number         0  aeabi_sdiv.o ABSOLUTE
    ../clib/microlib/division.c              0x00000000   Number         0  uidiv.o ABSOLUTE
    ../clib/microlib/division.c              0x00000000   Number         0  uldiv.o ABSOLUTE
    ../clib/microlib/init/entry.s            0x00000000   Number         0  entry.o ABSOLUTE
    ../clib/microlib/init/entry.s            0x00000000   Number         0  entry2.o ABSOLUTE
    ../clib/microlib/init/entry.s            0x00000000   Number         0  entry5.o ABSOLUTE
    ../clib/microlib/init/entry.s            0x00000000   Number         0  entry7a.o ABSOLUTE
    ../clib/microlib/init/entry.s            0x00000000   Number         0  entry7b.o ABSOLUTE
    ../clib/microlib/init/entry.s            0x00000000   Number         0  entry8a.o ABSOLUTE
    ../clib/microlib/init/entry.s            0x00000000   Number         0  entry8b.o ABSOLUTE
    ../clib/microlib/init/entry.s            0x00000000   Number         0  entry9a.o ABSOLUTE
    ../clib/microlib/init/entry.s            0x00000000   Number         0  entry9b.o ABSOLUTE
    ../clib/microlib/init/entry.s            0x00000000   Number         0  entry10a.o ABSOLUTE
    ../clib/microlib/init/entry.s            0x00000000   Number         0  entry10b.o ABSOLUTE
    ../clib/microlib/init/entry.s            0x00000000   Number         0  entry11a.o ABSOLUTE
    ../clib/microlib/init/entry.s            0x00000000   Number         0  entry11b.o ABSOLUTE
    ../clib/microlib/longlong.c              0x00000000   Number         0  llshl.o ABSOLUTE
    ../clib/microlib/longlong.c              0x00000000   Number         0  llushr.o ABSOLUTE
    ../clib/microlib/longlong.c              0x00000000   Number         0  llsshr.o ABSOLUTE
    ../clib/microlib/printf/printf.c         0x00000000   Number         0  printfa.o ABSOLUTE
    ../clib/microlib/stdio/streams.c         0x00000000   Number         0  stdout.o ABSOLUTE
    ../clib/microlib/stubs.s                 0x00000000   Number         0  iusefp.o ABSOLUTE
    ../fplib/microlib/f2d.c                  0x00000000   Number         0  f2d.o ABSOLUTE
    ../fplib/microlib/fpadd.c                0x00000000   Number         0  fadd.o ABSOLUTE
    ../fplib/microlib/fpadd.c                0x00000000   Number         0  dadd.o ABSOLUTE
    ../fplib/microlib/fpcmp.c                0x00000000   Number         0  fcmple.o ABSOLUTE
    ../fplib/microlib/fpcmp.c                0x00000000   Number         0  fcmplt.o ABSOLUTE
    ../fplib/microlib/fpcmp.c                0x00000000   Number         0  fcmpge.o ABSOLUTE
    ../fplib/microlib/fpcmp.c                0x00000000   Number         0  fcmpgt.o ABSOLUTE
    ../fplib/microlib/fpcmp.c                0x00000000   Number         0  fcmpeq.o ABSOLUTE
    ../fplib/microlib/fpdiv.c                0x00000000   Number         0  fdiv.o ABSOLUTE
    ../fplib/microlib/fpdiv.c                0x00000000   Number         0  ddiv.o ABSOLUTE
    ../fplib/microlib/fpepilogue.c           0x00000000   Number         0  fepilogue.o ABSOLUTE
    ../fplib/microlib/fpepilogue.c           0x00000000   Number         0  depilogue.o ABSOLUTE
    ../fplib/microlib/fpfix.c                0x00000000   Number         0  ffixi.o ABSOLUTE
    ../fplib/microlib/fpfix.c                0x00000000   Number         0  dfixul.o ABSOLUTE
    ../fplib/microlib/fpflt.c                0x00000000   Number         0  fflti.o ABSOLUTE
    ../fplib/microlib/fpflt.c                0x00000000   Number         0  ffltui.o ABSOLUTE
    ../fplib/microlib/fpmul.c                0x00000000   Number         0  fmul.o ABSOLUTE
    ../fplib/microlib/fpmul.c                0x00000000   Number         0  dmul.o ABSOLUTE
    RTE/Device/STM32F103ZE/startup_stm32f10x_hd.s 0x00000000   Number         0  startup_stm32f10x_hd.o ABSOLUTE
    cdrcmple.s                               0x00000000   Number         0  cdrcmple.o ABSOLUTE
    dc.s                                     0x00000000   Number         0  dc.o ABSOLUTE
    delay.c                                  0x00000000   Number         0  delay.o ABSOLUTE
    handlers.s                               0x00000000   Number         0  handlers.o ABSOLUTE
    init.s                                   0x00000000   Number         0  init.o ABSOLUTE
    main.c                                   0x00000000   Number         0  main.o ABSOLUTE
    misc.c                                   0x00000000   Number         0  misc.o ABSOLUTE
    opt101.c                                 0x00000000   Number         0  opt101.o ABSOLUTE
    opt3001.c                                0x00000000   Number         0  opt3001.o ABSOLUTE
    stm32f10x_adc.c                          0x00000000   Number         0  stm32f10x_adc.o ABSOLUTE
    stm32f10x_dma.c                          0x00000000   Number         0  stm32f10x_dma.o ABSOLUTE
    stm32f10x_gpio.c                         0x00000000   Number         0  stm32f10x_gpio.o ABSOLUTE
    stm32f10x_i2c.c                          0x00000000   Number         0  stm32f10x_i2c.o ABSOLUTE
    stm32f10x_rcc.c                          0x00000000   Number         0  stm32f10x_rcc.o ABSOLUTE
    stm32f10x_tim.c                          0x00000000   Number         0  stm32f10x_tim.o ABSOLUTE
    stm32f10x_usart.c                        0x00000000   Number         0  stm32f10x_usart.o ABSOLUTE
    system_stm32f10x.c                       0x00000000   Number         0  system_stm32f10x.o ABSOLUTE
    usart.c                                  0x00000000   Number         0  usart.o ABSOLUTE
    RESET                                    0x08000000   Section      304  startup_stm32f10x_hd.o(RESET)
    .ARM.Collect$$$$00000000                 0x08000130   Section        0  entry.o(.ARM.Collect$$$$00000000)
    .ARM.Collect$$$$00000001                 0x08000130   Section        4  entry2.o(.ARM.Collect$$$$00000001)
    .ARM.Collect$$$$00000004                 0x08000134   Section        4  entry5.o(.ARM.Collect$$$$00000004)
    .ARM.Collect$$$$00000008                 0x08000138   Section        0  entry7b.o(.ARM.Collect$$$$00000008)
    .ARM.Collect$$$$0000000A                 0x08000138   Section        0  entry8b.o(.ARM.Collect$$$$0000000A)
    .ARM.Collect$$$$0000000B                 0x08000138   Section        8  entry9a.o(.ARM.Collect$$$$0000000B)
    __lit__00000000                          0x08000140   Data           4  entry2.o(.ARM.Collect$$$$00002712)
    .ARM.Collect$$$$0000000D                 0x08000140   Section        0  entry10a.o(.ARM.Collect$$$$0000000D)
    .ARM.Collect$$$$0000000F                 0x08000140   Section        0  entry11a.o(.ARM.Collect$$$$0000000F)
    .ARM.Collect$$$$00002712                 0x08000140   Section        4  entry2.o(.ARM.Collect$$$$00002712)
    .text                                    0x08000144   Section       36  startup_stm32f10x_hd.o(.text)
    .text                                    0x08000168   Section        0  fadd.o(.text)
    .text                                    0x08000218   Section        0  fmul.o(.text)
    .text                                    0x0800027c   Section        0  fdiv.o(.text)
    .text                                    0x080002f8   Section        0  fcmple.o(.text)
    .text                                    0x08000314   Section        0  fcmplt.o(.text)
    .text                                    0x08000330   Section        0  fcmpge.o(.text)
    .text                                    0x0800034c   Section        0  fcmpgt.o(.text)
    .text                                    0x08000368   Section        0  fcmpeq.o(.text)
    .text                                    0x08000384   Section        0  fflti.o(.text)
    .text                                    0x08000396   Section        0  ffltui.o(.text)
    .text                                    0x080003a0   Section        0  ffixi.o(.text)
    .text                                    0x080003d2   Section        0  f2d.o(.text)
    .text                                    0x080003f8   Section        0  uidiv.o(.text)
    .text                                    0x08000424   Section        0  uldiv.o(.text)
    .text                                    0x08000486   Section        0  iusefp.o(.text)
    .text                                    0x08000486   Section        0  fepilogue.o(.text)
    .text                                    0x080004f4   Section        0  dadd.o(.text)
    .text                                    0x08000642   Section        0  dmul.o(.text)
    .text                                    0x08000726   Section        0  ddiv.o(.text)
    .text                                    0x08000804   Section        0  dfixul.o(.text)
    .text                                    0x08000834   Section       48  cdrcmple.o(.text)
    .text                                    0x08000864   Section       48  init.o(.text)
    .text                                    0x08000894   Section        0  llshl.o(.text)
    .text                                    0x080008b2   Section        0  llushr.o(.text)
    .text                                    0x080008d2   Section        0  llsshr.o(.text)
    .text                                    0x080008f6   Section        0  depilogue.o(.text)
    [Anonymous Symbol]                       0x080009b0   Section        0  stm32f10x_adc.o(.text.ADC_Cmd)
    [Anonymous Symbol]                       0x080009dc   Section        0  stm32f10x_adc.o(.text.ADC_DMACmd)
    [Anonymous Symbol]                       0x08000a08   Section        0  stm32f10x_adc.o(.text.ADC_DeInit)
    [Anonymous Symbol]                       0x08000a88   Section        0  stm32f10x_adc.o(.text.ADC_ExternalTrigConvCmd)
    [Anonymous Symbol]                       0x08000ab4   Section        0  stm32f10x_adc.o(.text.ADC_GetCalibrationStatus)
    [Anonymous Symbol]                       0x08000ae4   Section        0  stm32f10x_adc.o(.text.ADC_GetResetCalibrationStatus)
    [Anonymous Symbol]                       0x08000b14   Section        0  stm32f10x_adc.o(.text.ADC_Init)
    [Anonymous Symbol]                       0x08000bb0   Section        0  stm32f10x_adc.o(.text.ADC_RegularChannelConfig)
    [Anonymous Symbol]                       0x08000d2c   Section        0  stm32f10x_adc.o(.text.ADC_ResetCalibration)
    [Anonymous Symbol]                       0x08000d40   Section        0  stm32f10x_adc.o(.text.ADC_StartCalibration)
    [Anonymous Symbol]                       0x08000d54   Section        0  stm32f10x_dma.o(.text.DMA_ClearFlag)
    [Anonymous Symbol]                       0x08000d84   Section        0  stm32f10x_dma.o(.text.DMA_Cmd)
    [Anonymous Symbol]                       0x08000db4   Section        0  stm32f10x_dma.o(.text.DMA_DeInit)
    [Anonymous Symbol]                       0x08000f6c   Section        0  stm32f10x_dma.o(.text.DMA_GetFlagStatus)
    [Anonymous Symbol]                       0x08000fc0   Section        0  stm32f10x_dma.o(.text.DMA_Init)
    [Anonymous Symbol]                       0x0800102c   Section        0  stm32f10x_dma.o(.text.DMA_SetCurrDataCounter)
    [Anonymous Symbol]                       0x08001040   Section        0  delay.o(.text.Delay_ms)
    [Anonymous Symbol]                       0x080010cc   Section        0  delay.o(.text.Delay_us)
    [Anonymous Symbol]                       0x08001158   Section        0  stm32f10x_gpio.o(.text.GPIO_Init)
    [Anonymous Symbol]                       0x080012e0   Section        0  stm32f10x_gpio.o(.text.GPIO_ReadInputDataBit)
    [Anonymous Symbol]                       0x08001314   Section        0  stm32f10x_gpio.o(.text.GPIO_ResetBits)
    [Anonymous Symbol]                       0x08001328   Section        0  stm32f10x_gpio.o(.text.GPIO_SetBits)
    [Anonymous Symbol]                       0x0800133c   Section        0  opt101.o(.text.OPT101_AnalyzeBuffer)
    [Anonymous Symbol]                       0x0800161c   Section        0  opt101.o(.text.OPT101_Init)
    [Anonymous Symbol]                       0x080017b8   Section        0  opt101.o(.text.OPT101_IsCaptureDone)
    [Anonymous Symbol]                       0x08001800   Section        0  opt101.o(.text.OPT101_StartCapture)
    OPT3001_DelayUs                          0x08001855   Thumb Code    18  opt3001.o(.text.OPT3001_DelayUs)
    [Anonymous Symbol]                       0x08001854   Section        0  opt3001.o(.text.OPT3001_DelayUs)
    [Anonymous Symbol]                       0x08001868   Section        0  opt3001.o(.text.OPT3001_GetStatus)
    [Anonymous Symbol]                       0x08001874   Section        0  opt3001.o(.text.OPT3001_IIC_Init)
    [Anonymous Symbol]                       0x080018b8   Section        0  opt3001.o(.text.OPT3001_IIC_ReceiveByte)
    [Anonymous Symbol]                       0x08001980   Section        0  opt3001.o(.text.OPT3001_IIC_SendAck)
    [Anonymous Symbol]                       0x080019f4   Section        0  opt3001.o(.text.OPT3001_IIC_SendByte)
    [Anonymous Symbol]                       0x08001a94   Section        0  opt3001.o(.text.OPT3001_IIC_Start)
    [Anonymous Symbol]                       0x08001ad8   Section        0  opt3001.o(.text.OPT3001_IIC_Stop)
    [Anonymous Symbol]                       0x08001b10   Section        0  opt3001.o(.text.OPT3001_IIC_WaitAck)
    [Anonymous Symbol]                       0x08001bdc   Section        0  opt3001.o(.text.OPT3001_Init)
    [Anonymous Symbol]                       0x08001c48   Section        0  opt3001.o(.text.OPT3001_ReadLux)
    [Anonymous Symbol]                       0x08001cbc   Section        0  opt3001.o(.text.OPT3001_ReadLux_WithFilter)
    [Anonymous Symbol]                       0x08001df8   Section        0  opt3001.o(.text.OPT3001_ReadReg)
    OPT3001_SlidingMedianFilter              0x08001e8d   Thumb Code   250  opt3001.o(.text.OPT3001_SlidingMedianFilter)
    [Anonymous Symbol]                       0x08001e8c   Section        0  opt3001.o(.text.OPT3001_SlidingMedianFilter)
    [Anonymous Symbol]                       0x08001f88   Section        0  opt3001.o(.text.OPT3001_WriteReg)
    [Anonymous Symbol]                       0x0800200c   Section        0  stm32f10x_rcc.o(.text.RCC_ADCCLKConfig)
    [Anonymous Symbol]                       0x08002038   Section        0  stm32f10x_rcc.o(.text.RCC_AHBPeriphClockCmd)
    [Anonymous Symbol]                       0x08002070   Section        0  stm32f10x_rcc.o(.text.RCC_APB1PeriphClockCmd)
    [Anonymous Symbol]                       0x080020a8   Section        0  stm32f10x_rcc.o(.text.RCC_APB2PeriphClockCmd)
    [Anonymous Symbol]                       0x080020e0   Section        0  stm32f10x_rcc.o(.text.RCC_APB2PeriphResetCmd)
    [Anonymous Symbol]                       0x08002118   Section        0  stm32f10x_rcc.o(.text.RCC_GetClocksFreq)
    SetSysClock                              0x0800228d   Thumb Code     8  system_stm32f10x.o(.text.SetSysClock)
    [Anonymous Symbol]                       0x0800228c   Section        0  system_stm32f10x.o(.text.SetSysClock)
    SetSysClockTo72                          0x08002295   Thumb Code   290  system_stm32f10x.o(.text.SetSysClockTo72)
    [Anonymous Symbol]                       0x08002294   Section        0  system_stm32f10x.o(.text.SetSysClockTo72)
    [Anonymous Symbol]                       0x080023b8   Section        0  misc.o(.text.SysTick_CLKSourceConfig)
    [Anonymous Symbol]                       0x080023ec   Section        0  delay.o(.text.SysTick_Init)
    [Anonymous Symbol]                       0x0800242c   Section        0  system_stm32f10x.o(.text.SystemInit)
    [Anonymous Symbol]                       0x08002494   Section        0  stm32f10x_tim.o(.text.TIM_Cmd)
    [Anonymous Symbol]                       0x080024c0   Section        0  stm32f10x_tim.o(.text.TIM_SelectOutputTrigger)
    [Anonymous Symbol]                       0x080024e4   Section        0  stm32f10x_tim.o(.text.TIM_SetCounter)
    [Anonymous Symbol]                       0x080024f8   Section        0  stm32f10x_tim.o(.text.TIM_TimeBaseInit)
    [Anonymous Symbol]                       0x0800263c   Section        0  usart.o(.text.USART1_Init)
    [Anonymous Symbol]                       0x080026c4   Section        0  stm32f10x_usart.o(.text.USART_Cmd)
    [Anonymous Symbol]                       0x080026f0   Section        0  stm32f10x_usart.o(.text.USART_GetFlagStatus)
    [Anonymous Symbol]                       0x08002734   Section        0  stm32f10x_usart.o(.text.USART_Init)
    [Anonymous Symbol]                       0x08002890   Section        0  stm32f10x_usart.o(.text.USART_ReceiveData)
    [Anonymous Symbol]                       0x080028a0   Section        0  stm32f10x_usart.o(.text.USART_SendData)
    [Anonymous Symbol]                       0x080028b8   Section        0  usart.o(.text.fputc)
    [Anonymous Symbol]                       0x080028ec   Section        0  main.o(.text.main)
    i.__0printf                              0x08002d0c   Section        0  printfa.o(i.__0printf)
    i.__scatterload_copy                     0x08002d2c   Section       14  handlers.o(i.__scatterload_copy)
    i.__scatterload_null                     0x08002d3a   Section        2  handlers.o(i.__scatterload_null)
    i.__scatterload_zeroinit                 0x08002d3c   Section       14  handlers.o(i.__scatterload_zeroinit)
    _fp_digits                               0x08002d4d   Thumb Code   366  printfa.o(i._fp_digits)
    i._fp_digits                             0x08002d4c   Section        0  printfa.o(i._fp_digits)
    _printf_core                             0x08002ed1   Thumb Code  1744  printfa.o(i._printf_core)
    i._printf_core                           0x08002ed0   Section        0  printfa.o(i._printf_core)
    _printf_post_padding                     0x080035ad   Thumb Code    36  printfa.o(i._printf_post_padding)
    i._printf_post_padding                   0x080035ac   Section        0  printfa.o(i._printf_post_padding)
    _printf_pre_padding                      0x080035d1   Thumb Code    46  printfa.o(i._printf_pre_padding)
    i._printf_pre_padding                    0x080035d0   Section        0  printfa.o(i._printf_pre_padding)
    ADCPrescTable                            0x080035fe   Data           4  stm32f10x_rcc.o(.rodata.ADCPrescTable)
    [Anonymous Symbol]                       0x080035fe   Section        0  stm32f10x_rcc.o(.rodata.ADCPrescTable)
    APBAHBPrescTable                         0x08003602   Data          16  stm32f10x_rcc.o(.rodata.APBAHBPrescTable)
    [Anonymous Symbol]                       0x08003602   Section        0  stm32f10x_rcc.o(.rodata.APBAHBPrescTable)
    .L.str.11                                0x08003612   Data          37  main.o(.rodata.str1.1)
    [Anonymous Symbol]                       0x08003612   Section        0  main.o(.rodata.str1.1)
    .L.str.22                                0x08003637   Data          41  main.o(.rodata.str1.1)
    .L.str.8                                 0x08003660   Data          44  main.o(.rodata.str1.1)
    .L.str.9                                 0x0800368c   Data          44  main.o(.rodata.str1.1)
    .L.str.10                                0x080036b8   Data          43  main.o(.rodata.str1.1)
    .L.str.21                                0x080036e3   Data          57  main.o(.rodata.str1.1)
    .L.str.14                                0x0800371c   Data          50  main.o(.rodata.str1.1)
    .L.str.1                                 0x0800374e   Data          41  main.o(.rodata.str1.1)
    .L.str.17                                0x08003777   Data          50  main.o(.rodata.str1.1)
    .L.str.23                                0x080037a9   Data          42  main.o(.rodata.str1.1)
    .L.str.16                                0x080037d3   Data          57  main.o(.rodata.str1.1)
    .L.str.25                                0x0800380c   Data          70  main.o(.rodata.str1.1)
    .L.str.15                                0x08003852   Data          68  main.o(.rodata.str1.1)
    .L.str.7                                 0x08003896   Data          24  main.o(.rodata.str1.1)
    .L.str                                   0x080038ae   Data          35  main.o(.rodata.str1.1)
    .L.str.6                                 0x080038b0   Data          33  main.o(.rodata.str1.1)
    .L.str.29                                0x080038d1   Data          49  main.o(.rodata.str1.1)
    .L.str.27                                0x08003902   Data          31  main.o(.rodata.str1.1)
    .L.str.28                                0x08003921   Data           7  main.o(.rodata.str1.1)
    .L.str.18                                0x08003928   Data          22  main.o(.rodata.str1.1)
    .L.str.13                                0x0800393e   Data          38  main.o(.rodata.str1.1)
    .L.str.5                                 0x08003964   Data          57  main.o(.rodata.str1.1)
    .L.str.3                                 0x0800399d   Data          54  main.o(.rodata.str1.1)
    .L.str.26                                0x080039d3   Data          39  main.o(.rodata.str1.1)
    .L.str.24                                0x080039fa   Data          81  main.o(.rodata.str1.1)
    .L.str.4                                 0x08003a4b   Data          63  main.o(.rodata.str1.1)
    .L.str.2                                 0x08003a8a   Data          49  main.o(.rodata.str1.1)
    .L.str.12                                0x08003abb   Data          37  main.o(.rodata.str1.1)
    .L.str.20                                0x08003ae0   Data          22  main.o(.rodata.str1.1)
    .L.str.19                                0x08003af6   Data          22  main.o(.rodata.str1.1)
    .data                                    0x20000000   Section        4  stdout.o(.data)
    fac_ms                                   0x20000008   Data           2  delay.o(.bss.fac_ms)
    [Anonymous Symbol]                       0x20000008   Section        0  delay.o(.bss.fac_ms)
    fac_us                                   0x2000000a   Data           1  delay.o(.bss.fac_us)
    [Anonymous Symbol]                       0x2000000a   Section        0  delay.o(.bss.fac_us)
    filter_window                            0x2000000c   Data          12  opt3001.o(.bss.filter_window)
    [Anonymous Symbol]                       0x2000000c   Section        0  opt3001.o(.bss.filter_window)
    last_valid_lux                           0x20000018   Data           4  opt3001.o(.bss.last_valid_lux)
    [Anonymous Symbol]                       0x20000018   Section        0  opt3001.o(.bss.last_valid_lux)
    opt3001_status                           0x20000fbc   Data           1  opt3001.o(.bss.opt3001_status)
    [Anonymous Symbol]                       0x20000fbc   Section        0  opt3001.o(.bss.opt3001_status)
    window_index                             0x20000fbd   Data           1  opt3001.o(.bss.window_index)
    [Anonymous Symbol]                       0x20000fbd   Section        0  opt3001.o(.bss.window_index)
    STACK                                    0x20000fc0   Section     1024  startup_stm32f10x_hd.o(STACK)

    Global Symbols

    Symbol Name                              Value     Ov Type        Size  Object(Section)

    BuildAttributes$$THM_ISAv4$P$D$K$B$S$PE$A:L22UL41UL21$X:L11$S22US41US21$IEEE1$IW$~IW$USESV6$~STKCKD$USESV7$~SHL$OTIME$ROPI$EBA8$MICROLIB$REQ8$PRES8$EABIv2 0x00000000   Number         0  anon$$obj.o ABSOLUTE
    __cpp_initialize__aeabi_                  - Undefined Weak Reference
    __cxa_finalize                            - Undefined Weak Reference
    __decompress                              - Undefined Weak Reference
    _clock_init                               - Undefined Weak Reference
    _microlib_exit                            - Undefined Weak Reference
    __Vectors_Size                           0x00000130   Number         0  startup_stm32f10x_hd.o ABSOLUTE
    __Vectors                                0x08000000   Data           4  startup_stm32f10x_hd.o(RESET)
    __Vectors_End                            0x08000130   Data           0  startup_stm32f10x_hd.o(RESET)
    __main                                   0x08000131   Thumb Code     0  entry.o(.ARM.Collect$$$$00000000)
    _main_stk                                0x08000131   Thumb Code     0  entry2.o(.ARM.Collect$$$$00000001)
    _main_scatterload                        0x08000135   Thumb Code     0  entry5.o(.ARM.Collect$$$$00000004)
    __main_after_scatterload                 0x08000139   Thumb Code     0  entry5.o(.ARM.Collect$$$$00000004)
    _main_clock                              0x08000139   Thumb Code     0  entry7b.o(.ARM.Collect$$$$00000008)
    _main_cpp_init                           0x08000139   Thumb Code     0  entry8b.o(.ARM.Collect$$$$0000000A)
    _main_init                               0x08000139   Thumb Code     0  entry9a.o(.ARM.Collect$$$$0000000B)
    __rt_final_cpp                           0x08000141   Thumb Code     0  entry10a.o(.ARM.Collect$$$$0000000D)
    __rt_final_exit                          0x08000141   Thumb Code     0  entry11a.o(.ARM.Collect$$$$0000000F)
    Reset_Handler                            0x08000145   Thumb Code     8  startup_stm32f10x_hd.o(.text)
    NMI_Handler                              0x0800014d   Thumb Code     2  startup_stm32f10x_hd.o(.text)
    HardFault_Handler                        0x0800014f   Thumb Code     2  startup_stm32f10x_hd.o(.text)
    MemManage_Handler                        0x08000151   Thumb Code     2  startup_stm32f10x_hd.o(.text)
    BusFault_Handler                         0x08000153   Thumb Code     2  startup_stm32f10x_hd.o(.text)
    UsageFault_Handler                       0x08000155   Thumb Code     2  startup_stm32f10x_hd.o(.text)
    SVC_Handler                              0x08000157   Thumb Code     2  startup_stm32f10x_hd.o(.text)
    DebugMon_Handler                         0x08000159   Thumb Code     2  startup_stm32f10x_hd.o(.text)
    PendSV_Handler                           0x0800015b   Thumb Code     2  startup_stm32f10x_hd.o(.text)
    SysTick_Handler                          0x0800015d   Thumb Code     2  startup_stm32f10x_hd.o(.text)
    ADC1_2_IRQHandler                        0x0800015f   Thumb Code     0  startup_stm32f10x_hd.o(.text)
    ADC3_IRQHandler                          0x0800015f   Thumb Code     0  startup_stm32f10x_hd.o(.text)
    CAN1_RX1_IRQHandler                      0x0800015f   Thumb Code     0  startup_stm32f10x_hd.o(.text)
    CAN1_SCE_IRQHandler                      0x0800015f   Thumb Code     0  startup_stm32f10x_hd.o(.text)
    DMA1_Channel1_IRQHandler                 0x0800015f   Thumb Code     0  startup_stm32f10x_hd.o(.text)
    DMA1_Channel2_IRQHandler                 0x0800015f   Thumb Code     0  startup_stm32f10x_hd.o(.text)
    DMA1_Channel3_IRQHandler                 0x0800015f   Thumb Code     0  startup_stm32f10x_hd.o(.text)
    DMA1_Channel4_IRQHandler                 0x0800015f   Thumb Code     0  startup_stm32f10x_hd.o(.text)
    DMA1_Channel5_IRQHandler                 0x0800015f   Thumb Code     0  startup_stm32f10x_hd.o(.text)
    DMA1_Channel6_IRQHandler                 0x0800015f   Thumb Code     0  startup_stm32f10x_hd.o(.text)
    DMA1_Channel7_IRQHandler                 0x0800015f   Thumb Code     0  startup_stm32f10x_hd.o(.text)
    DMA2_Channel1_IRQHandler                 0x0800015f   Thumb Code     0  startup_stm32f10x_hd.o(.text)
    DMA2_Channel2_IRQHandler                 0x0800015f   Thumb Code     0  startup_stm32f10x_hd.o(.text)
    DMA2_Channel3_IRQHandler                 0x0800015f   Thumb Code     0  startup_stm32f10x_hd.o(.text)
    DMA2_Channel4_5_IRQHandler               0x0800015f   Thumb Code     0  startup_stm32f10x_hd.o(.text)
    EXTI0_IRQHandler                         0x0800015f   Thumb Code     0  startup_stm32f10x_hd.o(.text)
    EXTI15_10_IRQHandler                     0x0800015f   Thumb Code     0  startup_stm32f10x_hd.o(.text)
    EXTI1_IRQHandler                         0x0800015f   Thumb Code     0  startup_stm32f10x_hd.o(.text)
    EXTI2_IRQHandler                         0x0800015f   Thumb Code     0  startup_stm32f10x_hd.o(.text)
    EXTI3_IRQHandler                         0x0800015f   Thumb Code     0  startup_stm32f10x_hd.o(.text)
    EXTI4_IRQHandler                         0x0800015f   Thumb Code     0  startup_stm32f10x_hd.o(.text)
    EXTI9_5_IRQHandler                       0x0800015f   Thumb Code     0  startup_stm32f10x_hd.o(.text)
    FLASH_IRQHandler                         0x0800015f   Thumb Code     0  startup_stm32f10x_hd.o(.text)
    FSMC_IRQHandler                          0x0800015f   Thumb Code     0  startup_stm32f10x_hd.o(.text)
    I2C1_ER_IRQHandler                       0x0800015f   Thumb Code     0  startup_stm32f10x_hd.o(.text)
    I2C1_EV_IRQHandler                       0x0800015f   Thumb Code     0  startup_stm32f10x_hd.o(.text)
    I2C2_ER_IRQHandler                       0x0800015f   Thumb Code     0  startup_stm32f10x_hd.o(.text)
    I2C2_EV_IRQHandler                       0x0800015f   Thumb Code     0  startup_stm32f10x_hd.o(.text)
    PVD_IRQHandler                           0x0800015f   Thumb Code     0  startup_stm32f10x_hd.o(.text)
    RCC_IRQHandler                           0x0800015f   Thumb Code     0  startup_stm32f10x_hd.o(.text)
    RTCAlarm_IRQHandler                      0x0800015f   Thumb Code     0  startup_stm32f10x_hd.o(.text)
    RTC_IRQHandler                           0x0800015f   Thumb Code     0  startup_stm32f10x_hd.o(.text)
    SDIO_IRQHandler                          0x0800015f   Thumb Code     0  startup_stm32f10x_hd.o(.text)
    SPI1_IRQHandler                          0x0800015f   Thumb Code     0  startup_stm32f10x_hd.o(.text)
    SPI2_IRQHandler                          0x0800015f   Thumb Code     0  startup_stm32f10x_hd.o(.text)
    SPI3_IRQHandler                          0x0800015f   Thumb Code     0  startup_stm32f10x_hd.o(.text)
    TAMPER_IRQHandler                        0x0800015f   Thumb Code     0  startup_stm32f10x_hd.o(.text)
    TIM1_BRK_IRQHandler                      0x0800015f   Thumb Code     0  startup_stm32f10x_hd.o(.text)
    TIM1_CC_IRQHandler                       0x0800015f   Thumb Code     0  startup_stm32f10x_hd.o(.text)
    TIM1_TRG_COM_IRQHandler                  0x0800015f   Thumb Code     0  startup_stm32f10x_hd.o(.text)
    TIM1_UP_IRQHandler                       0x0800015f   Thumb Code     0  startup_stm32f10x_hd.o(.text)
    TIM2_IRQHandler                          0x0800015f   Thumb Code     0  startup_stm32f10x_hd.o(.text)
    TIM3_IRQHandler                          0x0800015f   Thumb Code     0  startup_stm32f10x_hd.o(.text)
    TIM4_IRQHandler                          0x0800015f   Thumb Code     0  startup_stm32f10x_hd.o(.text)
    TIM5_IRQHandler                          0x0800015f   Thumb Code     0  startup_stm32f10x_hd.o(.text)
    TIM6_IRQHandler                          0x0800015f   Thumb Code     0  startup_stm32f10x_hd.o(.text)
    TIM7_IRQHandler                          0x0800015f   Thumb Code     0  startup_stm32f10x_hd.o(.text)
    TIM8_BRK_IRQHandler                      0x0800015f   Thumb Code     0  startup_stm32f10x_hd.o(.text)
    TIM8_CC_IRQHandler                       0x0800015f   Thumb Code     0  startup_stm32f10x_hd.o(.text)
    TIM8_TRG_COM_IRQHandler                  0x0800015f   Thumb Code     0  startup_stm32f10x_hd.o(.text)
    TIM8_UP_IRQHandler                       0x0800015f   Thumb Code     0  startup_stm32f10x_hd.o(.text)
    UART4_IRQHandler                         0x0800015f   Thumb Code     0  startup_stm32f10x_hd.o(.text)
    UART5_IRQHandler                         0x0800015f   Thumb Code     0  startup_stm32f10x_hd.o(.text)
    USART1_IRQHandler                        0x0800015f   Thumb Code     0  startup_stm32f10x_hd.o(.text)
    USART2_IRQHandler                        0x0800015f   Thumb Code     0  startup_stm32f10x_hd.o(.text)
    USART3_IRQHandler                        0x0800015f   Thumb Code     0  startup_stm32f10x_hd.o(.text)
    USBWakeUp_IRQHandler                     0x0800015f   Thumb Code     0  startup_stm32f10x_hd.o(.text)
    USB_HP_CAN1_TX_IRQHandler                0x0800015f   Thumb Code     0  startup_stm32f10x_hd.o(.text)
    USB_LP_CAN1_RX0_IRQHandler               0x0800015f   Thumb Code     0  startup_stm32f10x_hd.o(.text)
    WWDG_IRQHandler                          0x0800015f   Thumb Code     0  startup_stm32f10x_hd.o(.text)
    __aeabi_fadd                             0x08000169   Thumb Code   164  fadd.o(.text)
    __aeabi_fsub                             0x0800020d   Thumb Code     6  fadd.o(.text)
    __aeabi_frsub                            0x08000213   Thumb Code     6  fadd.o(.text)
    __aeabi_fmul                             0x08000219   Thumb Code   100  fmul.o(.text)
    __aeabi_fdiv                             0x0800027d   Thumb Code   124  fdiv.o(.text)
    __aeabi_fcmple                           0x080002f9   Thumb Code    28  fcmple.o(.text)
    __aeabi_fcmplt                           0x08000315   Thumb Code    28  fcmplt.o(.text)
    __aeabi_fcmpge                           0x08000331   Thumb Code    28  fcmpge.o(.text)
    __aeabi_fcmpgt                           0x0800034d   Thumb Code    28  fcmpgt.o(.text)
    __aeabi_fcmpeq                           0x08000369   Thumb Code    28  fcmpeq.o(.text)
    __aeabi_i2f                              0x08000385   Thumb Code    18  fflti.o(.text)
    __aeabi_ui2f                             0x08000397   Thumb Code    10  ffltui.o(.text)
    __aeabi_f2iz                             0x080003a1   Thumb Code    50  ffixi.o(.text)
    __aeabi_f2d                              0x080003d3   Thumb Code    38  f2d.o(.text)
    __aeabi_uidiv                            0x080003f9   Thumb Code     0  uidiv.o(.text)
    __aeabi_uidivmod                         0x080003f9   Thumb Code    44  uidiv.o(.text)
    __aeabi_uldivmod                         0x08000425   Thumb Code    98  uldiv.o(.text)
    __I$use$fp                               0x08000487   Thumb Code     0  iusefp.o(.text)
    _float_round                             0x08000487   Thumb Code    18  fepilogue.o(.text)
    _float_epilogue                          0x08000499   Thumb Code    92  fepilogue.o(.text)
    __aeabi_dadd                             0x080004f5   Thumb Code   322  dadd.o(.text)
    __aeabi_dsub                             0x08000637   Thumb Code     6  dadd.o(.text)
    __aeabi_drsub                            0x0800063d   Thumb Code     6  dadd.o(.text)
    __aeabi_dmul                             0x08000643   Thumb Code   228  dmul.o(.text)
    __aeabi_ddiv                             0x08000727   Thumb Code   222  ddiv.o(.text)
    __aeabi_d2ulz                            0x08000805   Thumb Code    48  dfixul.o(.text)
    __aeabi_cdrcmple                         0x08000835   Thumb Code    48  cdrcmple.o(.text)
    __scatterload                            0x08000865   Thumb Code    38  init.o(.text)
    __scatterload_rt2                        0x08000865   Thumb Code     0  init.o(.text)
    __aeabi_llsl                             0x08000895   Thumb Code    30  llshl.o(.text)
    _ll_shift_l                              0x08000895   Thumb Code     0  llshl.o(.text)
    __aeabi_llsr                             0x080008b3   Thumb Code    32  llushr.o(.text)
    _ll_ushift_r                             0x080008b3   Thumb Code     0  llushr.o(.text)
    __aeabi_lasr                             0x080008d3   Thumb Code    36  llsshr.o(.text)
    _ll_sshift_r                             0x080008d3   Thumb Code     0  llsshr.o(.text)
    _double_round                            0x080008f7   Thumb Code    30  depilogue.o(.text)
    _double_epilogue                         0x08000915   Thumb Code   156  depilogue.o(.text)
    ADC_Cmd                                  0x080009b1   Thumb Code    44  stm32f10x_adc.o(.text.ADC_Cmd)
    ADC_DMACmd                               0x080009dd   Thumb Code    44  stm32f10x_adc.o(.text.ADC_DMACmd)
    ADC_DeInit                               0x08000a09   Thumb Code   128  stm32f10x_adc.o(.text.ADC_DeInit)
    ADC_ExternalTrigConvCmd                  0x08000a89   Thumb Code    44  stm32f10x_adc.o(.text.ADC_ExternalTrigConvCmd)
    ADC_GetCalibrationStatus                 0x08000ab5   Thumb Code    46  stm32f10x_adc.o(.text.ADC_GetCalibrationStatus)
    ADC_GetResetCalibrationStatus            0x08000ae5   Thumb Code    46  stm32f10x_adc.o(.text.ADC_GetResetCalibrationStatus)
    ADC_Init                                 0x08000b15   Thumb Code   154  stm32f10x_adc.o(.text.ADC_Init)
    ADC_RegularChannelConfig                 0x08000bb1   Thumb Code   380  stm32f10x_adc.o(.text.ADC_RegularChannelConfig)
    ADC_ResetCalibration                     0x08000d2d   Thumb Code    18  stm32f10x_adc.o(.text.ADC_ResetCalibration)
    ADC_StartCalibration                     0x08000d41   Thumb Code    18  stm32f10x_adc.o(.text.ADC_StartCalibration)
    DMA_ClearFlag                            0x08000d55   Thumb Code    46  stm32f10x_dma.o(.text.DMA_ClearFlag)
    DMA_Cmd                                  0x08000d85   Thumb Code    46  stm32f10x_dma.o(.text.DMA_Cmd)
    DMA_DeInit                               0x08000db5   Thumb Code   440  stm32f10x_dma.o(.text.DMA_DeInit)
    DMA_GetFlagStatus                        0x08000f6d   Thumb Code    84  stm32f10x_dma.o(.text.DMA_GetFlagStatus)
    DMA_Init                                 0x08000fc1   Thumb Code   108  stm32f10x_dma.o(.text.DMA_Init)
    DMA_SetCurrDataCounter                   0x0800102d   Thumb Code    20  stm32f10x_dma.o(.text.DMA_SetCurrDataCounter)
    Delay_ms                                 0x08001041   Thumb Code   140  delay.o(.text.Delay_ms)
    Delay_us                                 0x080010cd   Thumb Code   140  delay.o(.text.Delay_us)
    GPIO_Init                                0x08001159   Thumb Code   390  stm32f10x_gpio.o(.text.GPIO_Init)
    GPIO_ReadInputDataBit                    0x080012e1   Thumb Code    52  stm32f10x_gpio.o(.text.GPIO_ReadInputDataBit)
    GPIO_ResetBits                           0x08001315   Thumb Code    20  stm32f10x_gpio.o(.text.GPIO_ResetBits)
    GPIO_SetBits                             0x08001329   Thumb Code    20  stm32f10x_gpio.o(.text.GPIO_SetBits)
    OPT101_AnalyzeBuffer                     0x0800133d   Thumb Code   734  opt101.o(.text.OPT101_AnalyzeBuffer)
    OPT101_Init                              0x0800161d   Thumb Code   410  opt101.o(.text.OPT101_Init)
    OPT101_IsCaptureDone                     0x080017b9   Thumb Code    72  opt101.o(.text.OPT101_IsCaptureDone)
    OPT101_StartCapture                      0x08001801   Thumb Code    82  opt101.o(.text.OPT101_StartCapture)
    OPT3001_GetStatus                        0x08001869   Thumb Code    12  opt3001.o(.text.OPT3001_GetStatus)
    OPT3001_IIC_Init                         0x08001875   Thumb Code    66  opt3001.o(.text.OPT3001_IIC_Init)
    OPT3001_IIC_ReceiveByte                  0x080018b9   Thumb Code   198  opt3001.o(.text.OPT3001_IIC_ReceiveByte)
    OPT3001_IIC_SendAck                      0x08001981   Thumb Code   114  opt3001.o(.text.OPT3001_IIC_SendAck)
    OPT3001_IIC_SendByte                     0x080019f5   Thumb Code   158  opt3001.o(.text.OPT3001_IIC_SendByte)
    OPT3001_IIC_Start                        0x08001a95   Thumb Code    66  opt3001.o(.text.OPT3001_IIC_Start)
    OPT3001_IIC_Stop                         0x08001ad9   Thumb Code    56  opt3001.o(.text.OPT3001_IIC_Stop)
    OPT3001_IIC_WaitAck                      0x08001b11   Thumb Code   202  opt3001.o(.text.OPT3001_IIC_WaitAck)
    OPT3001_Init                             0x08001bdd   Thumb Code   106  opt3001.o(.text.OPT3001_Init)
    OPT3001_ReadLux                          0x08001c49   Thumb Code   116  opt3001.o(.text.OPT3001_ReadLux)
    OPT3001_ReadLux_WithFilter               0x08001cbd   Thumb Code   316  opt3001.o(.text.OPT3001_ReadLux_WithFilter)
    OPT3001_ReadReg                          0x08001df9   Thumb Code   148  opt3001.o(.text.OPT3001_ReadReg)
    OPT3001_WriteReg                         0x08001f89   Thumb Code   130  opt3001.o(.text.OPT3001_WriteReg)
    RCC_ADCCLKConfig                         0x0800200d   Thumb Code    44  stm32f10x_rcc.o(.text.RCC_ADCCLKConfig)
    RCC_AHBPeriphClockCmd                    0x08002039   Thumb Code    56  stm32f10x_rcc.o(.text.RCC_AHBPeriphClockCmd)
    RCC_APB1PeriphClockCmd                   0x08002071   Thumb Code    56  stm32f10x_rcc.o(.text.RCC_APB1PeriphClockCmd)
    RCC_APB2PeriphClockCmd                   0x080020a9   Thumb Code    56  stm32f10x_rcc.o(.text.RCC_APB2PeriphClockCmd)
    RCC_APB2PeriphResetCmd                   0x080020e1   Thumb Code    56  stm32f10x_rcc.o(.text.RCC_APB2PeriphResetCmd)
    RCC_GetClocksFreq                        0x08002119   Thumb Code   370  stm32f10x_rcc.o(.text.RCC_GetClocksFreq)
    SysTick_CLKSourceConfig                  0x080023b9   Thumb Code    52  misc.o(.text.SysTick_CLKSourceConfig)
    SysTick_Init                             0x080023ed   Thumb Code    64  delay.o(.text.SysTick_Init)
    SystemInit                               0x0800242d   Thumb Code   102  system_stm32f10x.o(.text.SystemInit)
    TIM_Cmd                                  0x08002495   Thumb Code    44  stm32f10x_tim.o(.text.TIM_Cmd)
    TIM_SelectOutputTrigger                  0x080024c1   Thumb Code    34  stm32f10x_tim.o(.text.TIM_SelectOutputTrigger)
    TIM_SetCounter                           0x080024e5   Thumb Code    20  stm32f10x_tim.o(.text.TIM_SetCounter)
    TIM_TimeBaseInit                         0x080024f9   Thumb Code   322  stm32f10x_tim.o(.text.TIM_TimeBaseInit)
    USART1_Init                              0x0800263d   Thumb Code   134  usart.o(.text.USART1_Init)
    USART_Cmd                                0x080026c5   Thumb Code    44  stm32f10x_usart.o(.text.USART_Cmd)
    USART_GetFlagStatus                      0x080026f1   Thumb Code    68  stm32f10x_usart.o(.text.USART_GetFlagStatus)
    USART_Init                               0x08002735   Thumb Code   348  stm32f10x_usart.o(.text.USART_Init)
    USART_ReceiveData                        0x08002891   Thumb Code    16  stm32f10x_usart.o(.text.USART_ReceiveData)
    USART_SendData                           0x080028a1   Thumb Code    24  stm32f10x_usart.o(.text.USART_SendData)
    fputc                                    0x080028b9   Thumb Code    52  usart.o(.text.fputc)
    main                                     0x080028ed   Thumb Code  1056  main.o(.text.main)
    __0printf                                0x08002d0d   Thumb Code    22  printfa.o(i.__0printf)
    __1printf                                0x08002d0d   Thumb Code     0  printfa.o(i.__0printf)
    __2printf                                0x08002d0d   Thumb Code     0  printfa.o(i.__0printf)
    __c89printf                              0x08002d0d   Thumb Code     0  printfa.o(i.__0printf)
    printf                                   0x08002d0d   Thumb Code     0  printfa.o(i.__0printf)
    __scatterload_copy                       0x08002d2d   Thumb Code    14  handlers.o(i.__scatterload_copy)
    __scatterload_null                       0x08002d3b   Thumb Code     2  handlers.o(i.__scatterload_null)
    __scatterload_zeroinit                   0x08002d3d   Thumb Code    14  handlers.o(i.__scatterload_zeroinit)
    Region$$Table$$Base                      0x08003b0c   Number         0  anon$$obj.o(Region$$Table)
    Region$$Table$$Limit                     0x08003b2c   Number         0  anon$$obj.o(Region$$Table)
    __stdout                                 0x20000000   Data           4  stdout.o(.data)
    SystemCoreClock                          0x20000004   Data           4  system_stm32f10x.o(.data.SystemCoreClock)
    opt101_adc_buffer                        0x2000001c   Data        4000  opt101.o(.bss.opt101_adc_buffer)
    __initial_sp                             0x200013c0   Data           0  startup_stm32f10x_hd.o(STACK)



==============================================================================

Memory Map of the image

  Image Entry point : 0x08000131

  Load Region LR_IROM1 (Base: 0x08000000, Size: 0x00003b38, Max: 0x00080000, ABSOLUTE)

    Execution Region ER_IROM1 (Exec base: 0x08000000, Load base: 0x08000000, Size: 0x00003b2c, Max: 0x00080000, ABSOLUTE)

    Exec Addr    Load Addr    Size         Type   Attr      Idx    E Section Name        Object

    0x08000000   0x08000000   0x00000130   Data   RO          665    RESET               startup_stm32f10x_hd.o
    0x08000130   0x08000130   0x00000000   Code   RO          689  * .ARM.Collect$$$$00000000  mc_w.l(entry.o)
    0x08000130   0x08000130   0x00000004   Code   RO          744    .ARM.Collect$$$$00000001  mc_w.l(entry2.o)
    0x08000134   0x08000134   0x00000004   Code   RO          747    .ARM.Collect$$$$00000004  mc_w.l(entry5.o)
    0x08000138   0x08000138   0x00000000   Code   RO          749    .ARM.Collect$$$$00000008  mc_w.l(entry7b.o)
    0x08000138   0x08000138   0x00000000   Code   RO          751    .ARM.Collect$$$$0000000A  mc_w.l(entry8b.o)
    0x08000138   0x08000138   0x00000008   Code   RO          752    .ARM.Collect$$$$0000000B  mc_w.l(entry9a.o)
    0x08000140   0x08000140   0x00000000   Code   RO          754    .ARM.Collect$$$$0000000D  mc_w.l(entry10a.o)
    0x08000140   0x08000140   0x00000000   Code   RO          756    .ARM.Collect$$$$0000000F  mc_w.l(entry11a.o)
    0x08000140   0x08000140   0x00000004   Code   RO          745    .ARM.Collect$$$$00002712  mc_w.l(entry2.o)
    0x08000144   0x08000144   0x00000024   Code   RO          666    .text               startup_stm32f10x_hd.o
    0x08000168   0x08000168   0x000000b0   Code   RO          720    .text               mf_w.l(fadd.o)
    0x08000218   0x08000218   0x00000064   Code   RO          722    .text               mf_w.l(fmul.o)
    0x0800027c   0x0800027c   0x0000007c   Code   RO          724    .text               mf_w.l(fdiv.o)
    0x080002f8   0x080002f8   0x0000001c   Code   RO          726    .text               mf_w.l(fcmple.o)
    0x08000314   0x08000314   0x0000001c   Code   RO          728    .text               mf_w.l(fcmplt.o)
    0x08000330   0x08000330   0x0000001c   Code   RO          730    .text               mf_w.l(fcmpge.o)
    0x0800034c   0x0800034c   0x0000001c   Code   RO          732    .text               mf_w.l(fcmpgt.o)
    0x08000368   0x08000368   0x0000001c   Code   RO          734    .text               mf_w.l(fcmpeq.o)
    0x08000384   0x08000384   0x00000012   Code   RO          736    .text               mf_w.l(fflti.o)
    0x08000396   0x08000396   0x0000000a   Code   RO          738    .text               mf_w.l(ffltui.o)
    0x080003a0   0x080003a0   0x00000032   Code   RO          740    .text               mf_w.l(ffixi.o)
    0x080003d2   0x080003d2   0x00000026   Code   RO          742    .text               mf_w.l(f2d.o)
    0x080003f8   0x080003f8   0x0000002c   Code   RO          768    .text               mc_w.l(uidiv.o)
    0x08000424   0x08000424   0x00000062   Code   RO          770    .text               mc_w.l(uldiv.o)
    0x08000486   0x08000486   0x00000000   Code   RO          772    .text               mc_w.l(iusefp.o)
    0x08000486   0x08000486   0x0000006e   Code   RO          773    .text               mf_w.l(fepilogue.o)
    0x080004f4   0x080004f4   0x0000014e   Code   RO          775    .text               mf_w.l(dadd.o)
    0x08000642   0x08000642   0x000000e4   Code   RO          777    .text               mf_w.l(dmul.o)
    0x08000726   0x08000726   0x000000de   Code   RO          779    .text               mf_w.l(ddiv.o)
    0x08000804   0x08000804   0x00000030   Code   RO          781    .text               mf_w.l(dfixul.o)
    0x08000834   0x08000834   0x00000030   Code   RO          783    .text               mf_w.l(cdrcmple.o)
    0x08000864   0x08000864   0x00000030   Code   RO          785    .text               mc_w.l(init.o)
    0x08000894   0x08000894   0x0000001e   Code   RO          787    .text               mc_w.l(llshl.o)
    0x080008b2   0x080008b2   0x00000020   Code   RO          789    .text               mc_w.l(llushr.o)
    0x080008d2   0x080008d2   0x00000024   Code   RO          791    .text               mc_w.l(llsshr.o)
    0x080008f6   0x080008f6   0x000000ba   Code   RO          793    .text               mf_w.l(depilogue.o)
    0x080009b0   0x080009b0   0x0000002c   Code   RO          119    .text.ADC_Cmd       stm32f10x_adc.o
    0x080009dc   0x080009dc   0x0000002c   Code   RO          121    .text.ADC_DMACmd    stm32f10x_adc.o
    0x08000a08   0x08000a08   0x00000080   Code   RO          113    .text.ADC_DeInit    stm32f10x_adc.o
    0x08000a88   0x08000a88   0x0000002c   Code   RO          143    .text.ADC_ExternalTrigConvCmd  stm32f10x_adc.o
    0x08000ab4   0x08000ab4   0x0000002e   Code   RO          131    .text.ADC_GetCalibrationStatus  stm32f10x_adc.o
    0x08000ae2   0x08000ae2   0x00000002   PAD
    0x08000ae4   0x08000ae4   0x0000002e   Code   RO          127    .text.ADC_GetResetCalibrationStatus  stm32f10x_adc.o
    0x08000b12   0x08000b12   0x00000002   PAD
    0x08000b14   0x08000b14   0x0000009a   Code   RO          115    .text.ADC_Init      stm32f10x_adc.o
    0x08000bae   0x08000bae   0x00000002   PAD
    0x08000bb0   0x08000bb0   0x0000017c   Code   RO          141    .text.ADC_RegularChannelConfig  stm32f10x_adc.o
    0x08000d2c   0x08000d2c   0x00000012   Code   RO          125    .text.ADC_ResetCalibration  stm32f10x_adc.o
    0x08000d3e   0x08000d3e   0x00000002   PAD
    0x08000d40   0x08000d40   0x00000012   Code   RO          129    .text.ADC_StartCalibration  stm32f10x_adc.o
    0x08000d52   0x08000d52   0x00000002   PAD
    0x08000d54   0x08000d54   0x0000002e   Code   RO          208    .text.DMA_ClearFlag  stm32f10x_dma.o
    0x08000d82   0x08000d82   0x00000002   PAD
    0x08000d84   0x08000d84   0x0000002e   Code   RO          198    .text.DMA_Cmd       stm32f10x_dma.o
    0x08000db2   0x08000db2   0x00000002   PAD
    0x08000db4   0x08000db4   0x000001b8   Code   RO          192    .text.DMA_DeInit    stm32f10x_dma.o
    0x08000f6c   0x08000f6c   0x00000054   Code   RO          206    .text.DMA_GetFlagStatus  stm32f10x_dma.o
    0x08000fc0   0x08000fc0   0x0000006c   Code   RO          194    .text.DMA_Init      stm32f10x_dma.o
    0x0800102c   0x0800102c   0x00000014   Code   RO          202    .text.DMA_SetCurrDataCounter  stm32f10x_dma.o
    0x08001040   0x08001040   0x0000008c   Code   RO           57    .text.Delay_ms      delay.o
    0x080010cc   0x080010cc   0x0000008c   Code   RO           55    .text.Delay_us      delay.o
    0x08001158   0x08001158   0x00000186   Code   RO          225    .text.GPIO_Init     stm32f10x_gpio.o
    0x080012de   0x080012de   0x00000002   PAD
    0x080012e0   0x080012e0   0x00000034   Code   RO          229    .text.GPIO_ReadInputDataBit  stm32f10x_gpio.o
    0x08001314   0x08001314   0x00000014   Code   RO          239    .text.GPIO_ResetBits  stm32f10x_gpio.o
    0x08001328   0x08001328   0x00000014   Code   RO          237    .text.GPIO_SetBits  stm32f10x_gpio.o
    0x0800133c   0x0800133c   0x000002de   Code   RO           85    .text.OPT101_AnalyzeBuffer  opt101.o
    0x0800161a   0x0800161a   0x00000002   PAD
    0x0800161c   0x0800161c   0x0000019a   Code   RO           79    .text.OPT101_Init   opt101.o
    0x080017b6   0x080017b6   0x00000002   PAD
    0x080017b8   0x080017b8   0x00000048   Code   RO           83    .text.OPT101_IsCaptureDone  opt101.o
    0x08001800   0x08001800   0x00000052   Code   RO           81    .text.OPT101_StartCapture  opt101.o
    0x08001852   0x08001852   0x00000002   PAD
    0x08001854   0x08001854   0x00000012   Code   RO           16    .text.OPT3001_DelayUs  opt3001.o
    0x08001866   0x08001866   0x00000002   PAD
    0x08001868   0x08001868   0x0000000c   Code   RO           40    .text.OPT3001_GetStatus  opt3001.o
    0x08001874   0x08001874   0x00000042   Code   RO           12    .text.OPT3001_IIC_Init  opt3001.o
    0x080018b6   0x080018b6   0x00000002   PAD
    0x080018b8   0x080018b8   0x000000c6   Code   RO           26    .text.OPT3001_IIC_ReceiveByte  opt3001.o
    0x0800197e   0x0800197e   0x00000002   PAD
    0x08001980   0x08001980   0x00000072   Code   RO           22    .text.OPT3001_IIC_SendAck  opt3001.o
    0x080019f2   0x080019f2   0x00000002   PAD
    0x080019f4   0x080019f4   0x0000009e   Code   RO           24    .text.OPT3001_IIC_SendByte  opt3001.o
    0x08001a92   0x08001a92   0x00000002   PAD
    0x08001a94   0x08001a94   0x00000042   Code   RO           14    .text.OPT3001_IIC_Start  opt3001.o
    0x08001ad6   0x08001ad6   0x00000002   PAD
    0x08001ad8   0x08001ad8   0x00000038   Code   RO           18    .text.OPT3001_IIC_Stop  opt3001.o
    0x08001b10   0x08001b10   0x000000ca   Code   RO           20    .text.OPT3001_IIC_WaitAck  opt3001.o
    0x08001bda   0x08001bda   0x00000002   PAD
    0x08001bdc   0x08001bdc   0x0000006a   Code   RO           32    .text.OPT3001_Init  opt3001.o
    0x08001c46   0x08001c46   0x00000002   PAD
    0x08001c48   0x08001c48   0x00000074   Code   RO           34    .text.OPT3001_ReadLux  opt3001.o
    0x08001cbc   0x08001cbc   0x0000013c   Code   RO           36    .text.OPT3001_ReadLux_WithFilter  opt3001.o
    0x08001df8   0x08001df8   0x00000094   Code   RO           30    .text.OPT3001_ReadReg  opt3001.o
    0x08001e8c   0x08001e8c   0x000000fa   Code   RO           38    .text.OPT3001_SlidingMedianFilter  opt3001.o
    0x08001f86   0x08001f86   0x00000002   PAD
    0x08001f88   0x08001f88   0x00000082   Code   RO           28    .text.OPT3001_WriteReg  opt3001.o
    0x0800200a   0x0800200a   0x00000002   PAD
    0x0800200c   0x0800200c   0x0000002c   Code   RO          367    .text.RCC_ADCCLKConfig  stm32f10x_rcc.o
    0x08002038   0x08002038   0x00000038   Code   RO          379    .text.RCC_AHBPeriphClockCmd  stm32f10x_rcc.o
    0x08002070   0x08002070   0x00000038   Code   RO          383    .text.RCC_APB1PeriphClockCmd  stm32f10x_rcc.o
    0x080020a8   0x080020a8   0x00000038   Code   RO          381    .text.RCC_APB2PeriphClockCmd  stm32f10x_rcc.o
    0x080020e0   0x080020e0   0x00000038   Code   RO          385    .text.RCC_APB2PeriphResetCmd  stm32f10x_rcc.o
    0x08002118   0x08002118   0x00000172   Code   RO          377    .text.RCC_GetClocksFreq  stm32f10x_rcc.o
    0x0800228a   0x0800228a   0x00000002   PAD
    0x0800228c   0x0800228c   0x00000008   Code   RO          675    .text.SetSysClock   system_stm32f10x.o
    0x08002294   0x08002294   0x00000122   Code   RO          679    .text.SetSysClockTo72  system_stm32f10x.o
    0x080023b6   0x080023b6   0x00000002   PAD
    0x080023b8   0x080023b8   0x00000034   Code   RO          104    .text.SysTick_CLKSourceConfig  misc.o
    0x080023ec   0x080023ec   0x00000040   Code   RO           53    .text.SysTick_Init  delay.o
    0x0800242c   0x0800242c   0x00000066   Code   RO          673    .text.SystemInit    system_stm32f10x.o
    0x08002492   0x08002492   0x00000002   PAD
    0x08002494   0x08002494   0x0000002c   Code   RO          452    .text.TIM_Cmd       stm32f10x_tim.o
    0x080024c0   0x080024c0   0x00000022   Code   RO          552    .text.TIM_SelectOutputTrigger  stm32f10x_tim.o
    0x080024e2   0x080024e2   0x00000002   PAD
    0x080024e4   0x080024e4   0x00000014   Code   RO          558    .text.TIM_SetCounter  stm32f10x_tim.o
    0x080024f8   0x080024f8   0x00000142   Code   RO          412    .text.TIM_TimeBaseInit  stm32f10x_tim.o
    0x0800263a   0x0800263a   0x00000002   PAD
    0x0800263c   0x0800263c   0x00000086   Code   RO           70    .text.USART1_Init   usart.o
    0x080026c2   0x080026c2   0x00000002   PAD
    0x080026c4   0x080026c4   0x0000002c   Code   RO          609    .text.USART_Cmd     stm32f10x_usart.o
    0x080026f0   0x080026f0   0x00000044   Code   RO          649    .text.USART_GetFlagStatus  stm32f10x_usart.o
    0x08002734   0x08002734   0x0000015c   Code   RO          601    .text.USART_Init    stm32f10x_usart.o
    0x08002890   0x08002890   0x00000010   Code   RO          627    .text.USART_ReceiveData  stm32f10x_usart.o
    0x080028a0   0x080028a0   0x00000018   Code   RO          625    .text.USART_SendData  stm32f10x_usart.o
    0x080028b8   0x080028b8   0x00000034   Code   RO           68    .text.fputc         usart.o
    0x080028ec   0x080028ec   0x00000420   Code   RO            2    .text.main          main.o
    0x08002d0c   0x08002d0c   0x00000020   Code   RO          693    i.__0printf         mc_w.l(printfa.o)
    0x08002d2c   0x08002d2c   0x0000000e   Code   RO          797    i.__scatterload_copy  mc_w.l(handlers.o)
    0x08002d3a   0x08002d3a   0x00000002   Code   RO          798    i.__scatterload_null  mc_w.l(handlers.o)
    0x08002d3c   0x08002d3c   0x0000000e   Code   RO          799    i.__scatterload_zeroinit  mc_w.l(handlers.o)
    0x08002d4a   0x08002d4a   0x00000002   PAD
    0x08002d4c   0x08002d4c   0x00000184   Code   RO          700    i._fp_digits        mc_w.l(printfa.o)
    0x08002ed0   0x08002ed0   0x000006dc   Code   RO          701    i._printf_core      mc_w.l(printfa.o)
    0x080035ac   0x080035ac   0x00000024   Code   RO          702    i._printf_post_padding  mc_w.l(printfa.o)
    0x080035d0   0x080035d0   0x0000002e   Code   RO          703    i._printf_pre_padding  mc_w.l(printfa.o)
    0x080035fe   0x080035fe   0x00000004   Data   RO          402    .rodata.ADCPrescTable  stm32f10x_rcc.o
    0x08003602   0x08003602   0x00000010   Data   RO          401    .rodata.APBAHBPrescTable  stm32f10x_rcc.o
    0x08003612   0x08003612   0x000004fa   Data   RO            4    .rodata.str1.1      main.o
    0x08003b0c   0x08003b0c   0x00000020   Data   RO          796    Region$$Table       anon$$obj.o


    Execution Region RW_IRAM1 (Exec base: 0x20000000, Load base: 0x08003b30, Size: 0x000013c0, Max: 0x00010000, ABSOLUTE)

    Exec Addr    Load Addr    Size         Type   Attr      Idx    E Section Name        Object

    0x20000000   0x08003b30   0x00000004   Data   RW          758    .data               mc_w.l(stdout.o)
    0x20000004   0x08003b34   0x00000004   Data   RW          681    .data.SystemCoreClock  system_stm32f10x.o
    0x20000008        -       0x00000002   Zero   RW           60    .bss.fac_ms         delay.o
    0x2000000a        -       0x00000001   Zero   RW           59    .bss.fac_us         delay.o
    0x2000000b   0x08003b38   0x00000001   PAD
    0x2000000c        -       0x0000000c   Zero   RW           44    .bss.filter_window  opt3001.o
    0x20000018        -       0x00000004   Zero   RW           43    .bss.last_valid_lux  opt3001.o
    0x2000001c        -       0x00000fa0   Zero   RW           87    .bss.opt101_adc_buffer  opt101.o
    0x20000fbc        -       0x00000001   Zero   RW           42    .bss.opt3001_status  opt3001.o
    0x20000fbd        -       0x00000001   Zero   RW           45    .bss.window_index   opt3001.o
    0x20000fbe   0x08003b38   0x00000002   PAD
    0x20000fc0        -       0x00000400   Zero   RW          663    STACK               startup_stm32f10x_hd.o


==============================================================================

Image component sizes


      Code (inc. data)   RO Data    RW Data    ZI Data      Debug   Object Name

       344          0          0          0          3       1407   delay.o
      1056        218       1274          0          0       2942   main.o
        52          0          0          0          0       3141   misc.o
      1298          0          0          0       4000       5572   opt101.o
      1956          0          0          0         18       5099   opt3001.o
        36          8        304          0       1024        816   startup_stm32f10x_hd.o
       922          0          0          0          0       8667   stm32f10x_adc.o
       744          0          0          0          0       3759   stm32f10x_dma.o
       482          0          0          0          0       5591   stm32f10x_gpio.o
       638          0         20          0          0       6919   stm32f10x_rcc.o
       420          0          0          0          0      20294   stm32f10x_tim.o
       500          0          0          0          0       7392   stm32f10x_usart.o
       400          0          0          4          0       2800   system_stm32f10x.o
       186          0          0          0          0       2603   usart.o

    ----------------------------------------------------------------------
      9088        226       1630          4       5048      77002   Object Totals
         0          0         32          0          0          0   (incl. Generated)
        54          0          0          0          3          0   (incl. Padding)

    ----------------------------------------------------------------------

      Code (inc. data)   RO Data    RW Data    ZI Data      Debug   Library Member Name

         0          0          0          0          0          0   entry.o
         0          0          0          0          0          0   entry10a.o
         0          0          0          0          0          0   entry11a.o
         8          4          0          0          0          0   entry2.o
         4          0          0          0          0          0   entry5.o
         0          0          0          0          0          0   entry7b.o
         0          0          0          0          0          0   entry8b.o
         8          4          0          0          0          0   entry9a.o
        30          0          0          0          0          0   handlers.o
        48         10          0          0          0         68   init.o
         0          0          0          0          0          0   iusefp.o
        30          0          0          0          0         68   llshl.o
        36          0          0          0          0         68   llsshr.o
        32          0          0          0          0         68   llushr.o
      2258         90          0          0          0        452   printfa.o
         0          0          0          4          0          0   stdout.o
        44          0          0          0          0         80   uidiv.o
        98          0          0          0          0         92   uldiv.o
        48          0          0          0          0         68   cdrcmple.o
       334          0          0          0          0        148   dadd.o
       222          0          0          0          0        100   ddiv.o
       186          0          0          0          0        176   depilogue.o
        48          0          0          0          0         68   dfixul.o
       228          0          0          0          0         96   dmul.o
        38          0          0          0          0         68   f2d.o
       176          0          0          0          0        140   fadd.o
        28          0          0          0          0         68   fcmpeq.o
        28          0          0          0          0         68   fcmpge.o
        28          0          0          0          0         68   fcmpgt.o
        28          0          0          0          0         68   fcmple.o
        28          0          0          0          0         68   fcmplt.o
       124          0          0          0          0         88   fdiv.o
       110          0          0          0          0        168   fepilogue.o
        50          0          0          0          0         68   ffixi.o
        18          0          0          0          0         68   fflti.o
        10          0          0          0          0         68   ffltui.o
       100          0          0          0          0         76   fmul.o

    ----------------------------------------------------------------------
      4430        108          0          4          0       2636   Library Totals
         2          0          0          0          0          0   (incl. Padding)

    ----------------------------------------------------------------------

      Code (inc. data)   RO Data    RW Data    ZI Data      Debug   Library Name

      2596        108          0          4          0        896   mc_w.l
      1832          0          0          0          0       1740   mf_w.l

    ----------------------------------------------------------------------
      4430        108          0          4          0       2636   Library Totals

    ----------------------------------------------------------------------

==============================================================================


      Code (inc. data)   RO Data    RW Data    ZI Data      Debug   

     13518        334       1630          8       5048      78146   Grand Totals
     13518        334       1630          8       5048      78146   ELF Image Totals
     13518        334       1630          8          0          0   ROM Totals

==============================================================================

    Total RO  Size (Code + RO Data)                15148 (  14.79kB)
    Total RW  Size (RW Data + ZI Data)              5056 (   4.94kB)
    Total ROM Size (Code + RO Data + RW Data)      15156 (  14.80kB)

==============================================================================

